Release 11.1 - xst L.33 (lin)
Copyright (c) 1995-2009 Xilinx, Inc.  All rights reserved.
--> 
Parameter TMPDIR set to xst/projnav.tmp


Total REAL time to Xst completion: 0.00 secs
Total CPU time to Xst completion: 0.06 secs
 
--> 
Parameter xsthdpdir set to xst


Total REAL time to Xst completion: 0.00 secs
Total CPU time to Xst completion: 0.06 secs
 
--> 
Reading design: test_core_gen2_wrapper.prj

TABLE OF CONTENTS
  1) Synthesis Options Summary
  2) HDL Compilation
  3) Design Hierarchy Analysis
  4) HDL Analysis
  5) HDL Synthesis
     5.1) HDL Synthesis Report
  6) Advanced HDL Synthesis
     6.1) Advanced HDL Synthesis Report
  7) Low Level Synthesis
  8) Partition Report
  9) Final Report
	9.1) Device utilization summary
	9.2) Partition Resource Summary
	9.3) TIMING REPORT


=========================================================================
*                      Synthesis Options Summary                        *
=========================================================================
---- Source Parameters
Input File Name                    : "test_core_gen2_wrapper.prj"
Input Format                       : mixed
Ignore Synthesis Constraint File   : NO

---- Target Parameters
Output File Name                   : "test_core_gen2_wrapper"
Output Format                      : NGC
Target Device                      : xc5vlx50t-3-ff1136

---- Source Options
Top Module Name                    : test_core_gen2_wrapper
Automatic FSM Extraction           : YES
FSM Encoding Algorithm             : Auto
Safe Implementation                : No
FSM Style                          : lut
RAM Extraction                     : Yes
RAM Style                          : Auto
ROM Extraction                     : Yes
Mux Style                          : Auto
Decoder Extraction                 : YES
Priority Encoder Extraction        : YES
Shift Register Extraction          : YES
Logical Shifter Extraction         : YES
XOR Collapsing                     : YES
ROM Style                          : Auto
Mux Extraction                     : YES
Resource Sharing                   : YES
Asynchronous To Synchronous        : NO
Use DSP Block                      : auto
Automatic Register Balancing       : No

---- Target Options
LUT Combining                      : off
Reduce Control Sets                : off
Add IO Buffers                     : YES
Global Maximum Fanout              : 100000
Add Generic Clock Buffer(BUFG)     : 32
Register Duplication               : YES
Slice Packing                      : YES
Optimize Instantiated Primitives   : NO
Use Clock Enable                   : Auto
Use Synchronous Set                : Auto
Use Synchronous Reset              : Auto
Pack IO Registers into IOBs        : auto
Equivalent register Removal        : YES

---- General Options
Optimization Goal                  : Speed
Optimization Effort                : 1
Power Reduction                    : NO
Library Search Order               : test_core_gen2_wrapper.lso
Keep Hierarchy                     : NO
Netlist Hierarchy                  : as_optimized
RTL Output                         : Yes
Global Optimization                : AllClockNets
Read Cores                         : YES
Write Timing Constraints           : NO
Cross Clock Analysis               : NO
Hierarchy Separator                : /
Bus Delimiter                      : <>
Case Specifier                     : maintain
Slice Utilization Ratio            : 100
BRAM Utilization Ratio             : 100
DSP48 Utilization Ratio            : 100
Verilog 2001                       : YES
Auto BRAM Packing                  : NO
Slice Utilization Ratio Delta      : 5

=========================================================================


=========================================================================
*                          HDL Compilation                              *
=========================================================================
Compiling vhdl file "/media/My Passport/work/PhD/myHDL_tests/my_conversion/Plex_test/new_code_2/ISE_func_comps/ipcore_dir/test_core_gen2.vhd" in Library work.
Architecture test_core_gen2_a of Entity test_core_gen2 is up to date.
Compiling vhdl file "/media/My Passport/work/PhD/myHDL_tests/my_conversion/Plex_test/new_code_2/ISE_func_comps/test_core_gen2_wrapper.vhd" in Library work.
Architecture test_core_gen2_wrapper_struct of Entity test_core_gen2_wrapper is up to date.

=========================================================================
*                     Design Hierarchy Analysis                         *
=========================================================================
Analyzing hierarchy for entity <test_core_gen2_wrapper> in library <work> (architecture <test_core_gen2_wrapper_struct>).


=========================================================================
*                            HDL Analysis                               *
=========================================================================
Analyzing Entity <test_core_gen2_wrapper> in library <work> (Architecture <test_core_gen2_wrapper_struct>).
WARNING:Xst:2211 - "/media/My Passport/work/PhD/myHDL_tests/my_conversion/Plex_test/new_code_2/ISE_func_comps/test_core_gen2_wrapper.vhd" line 46: Instantiating black box module <test_core_gen2>.
Entity <test_core_gen2_wrapper> analyzed. Unit <test_core_gen2_wrapper> generated.


=========================================================================
*                           HDL Synthesis                               *
=========================================================================

Performing bidirectional port resolution...

Synthesizing Unit <test_core_gen2_wrapper>.
    Related source file is "/media/My Passport/work/PhD/myHDL_tests/my_conversion/Plex_test/new_code_2/ISE_func_comps/test_core_gen2_wrapper.vhd".
Unit <test_core_gen2_wrapper> synthesized.


=========================================================================
HDL Synthesis Report

Found no macro
=========================================================================

=========================================================================
*                       Advanced HDL Synthesis                          *
=========================================================================


=========================================================================
Advanced HDL Synthesis Report

Found no macro
=========================================================================

=========================================================================
*                         Low Level Synthesis                           *
=========================================================================

Optimizing unit <test_core_gen2_wrapper> ...

Mapping all equations...
WARNING:Xst:2036 - Inserting OBUF on port <x_out<4>> driven by black box <test_core_gen2>. Possible simulation mismatch.
WARNING:Xst:2036 - Inserting OBUF on port <x_out<3>> driven by black box <test_core_gen2>. Possible simulation mismatch.
WARNING:Xst:2036 - Inserting OBUF on port <x_out<2>> driven by black box <test_core_gen2>. Possible simulation mismatch.
WARNING:Xst:2036 - Inserting OBUF on port <x_out<1>> driven by black box <test_core_gen2>. Possible simulation mismatch.
WARNING:Xst:2036 - Inserting OBUF on port <x_out<0>> driven by black box <test_core_gen2>. Possible simulation mismatch.
Building and optimizing final netlist ...
Found area constraint ratio of 100 (+ 5) on block test_core_gen2_wrapper, actual ratio is 0.

Final Macro Processing ...

=========================================================================
Final Register Report

Found no macro
=========================================================================

=========================================================================
*                           Partition Report                             *
=========================================================================

Partition Implementation Status
-------------------------------

  No Partitions were found in this design.

-------------------------------

=========================================================================
*                            Final Report                               *
=========================================================================
Final Results
RTL Top Level Output File Name     : test_core_gen2_wrapper.ngr
Top Level Output File Name         : test_core_gen2_wrapper
Output Format                      : NGC
Optimization Goal                  : Speed
Keep Hierarchy                     : NO

Design Statistics
# IOs                              : 13

Cell Usage :
# IO Buffers                       : 13
#      IBUF                        : 8
#      OBUF                        : 5
# Others                           : 1
#      test_core_gen2              : 1
=========================================================================

Device utilization summary:
---------------------------

Selected Device : 5vlx50tff1136-3 


Slice Logic Utilization: 

Slice Logic Distribution: 
 Number of LUT Flip Flop pairs used:      0
   Number with an unused Flip Flop:       0  out of      0         
   Number with an unused LUT:             0  out of      0         
   Number of fully used LUT-FF pairs:     0  out of      0         
   Number of unique control sets:         0

IO Utilization: 
 Number of IOs:                          13
 Number of bonded IOBs:                  13  out of    480     2%  

Specific Feature Utilization:

---------------------------
Partition Resource Summary:
---------------------------

  No Partitions were found in this design.

---------------------------


=========================================================================
TIMING REPORT

NOTE: THESE TIMING NUMBERS ARE ONLY A SYNTHESIS ESTIMATE.
      FOR ACCURATE TIMING INFORMATION PLEASE REFER TO THE TRACE REPORT
      GENERATED AFTER PLACE-and-ROUTE.

Clock Information:
------------------
No clock signals found in this design

Asynchronous Control Signals Information:
----------------------------------------
No asynchronous control signals found in this design

Timing Summary:
---------------
Speed Grade: -3

   Minimum period: No path found
   Minimum input arrival time before clock: No path found
   Maximum output required time after clock: No path found
   Maximum combinational path delay: 2.379ns

Timing Detail:
--------------
All values displayed in nanoseconds (ns)

=========================================================================
Timing constraint: Default path analysis
  Total number of paths / destination ports: 13 / 13
-------------------------------------------------------------------------
Delay:               2.379ns (Levels of Logic = 1)
  Source:            sqrt_comp:x_out<4> (PAD)
  Destination:       x_out<4> (PAD)

  Data Path: sqrt_comp:x_out<4> to x_out<4>
                                Gate     Net
    Cell:in->out      fanout   Delay   Delay  Logical Name (Net Name)
    ----------------------------------------  ------------
    test_core_gen2:x_out<4>    1   0.000   0.235  sqrt_comp (x_out_4_OBUF)
     OBUF:I->O                 2.144          x_out_4_OBUF (x_out<4>)
    ----------------------------------------
    Total                      2.379ns (2.144ns logic, 0.235ns route)
                                       (90.1% logic, 9.9% route)

=========================================================================


Total REAL time to Xst completion: 8.00 secs
Total CPU time to Xst completion: 5.00 secs
 
--> 


Total memory usage is 154588 kilobytes

Number of errors   :    0 (   0 filtered)
Number of warnings :    6 (   0 filtered)
Number of infos    :    0 (   0 filtered)

