AR pq syn C:/NOC11/TestswithLeon4/LEONGILL/PQ.vhd sub00/vhpl45 1321342062
AR muxforspeciestableindi2 behavioral C:/NOC11/TestswithLeon4/LEONGILL/MUXforspeciesTableIndi2.vhd sub00/vhpl86 1321367338
EN memintdimer189param NULL C:/NOC11/TestswithLeon4/LEONGILL/memintdimer189param.vhd sub01/vhpl170 1321367349
AR muxpeintdimer2 behavioral C:/NOC11/TestswithLeon4/LEONGILL/MUXPEintdimer2.vhd sub00/vhpl37 1321377900
AR muxdgnrm behavioral C:/NOC11/TestswithLeon4/LEONGILL/MUXDGNRM.vhd sub00/vhpl67 1321342084
EN muxgpio NULL C:/NOC11/TestswithLeon4/LEONGILL/MUXGPIO.vhd sub00/vhpl80 1321377927
EN memsubsystemfinalnrmfrm4x_2 NULL C:/NOC11/TestswithLeon4/LEONGILL/memsubsystemfinalNRMFRM4X_2.vhd sub00/vhpl82 1321342117
AR testconectionwithleonfrm1xparam behavioral C:/NOC11/TestswithLeon4/LEONGILL/TestconectionwithLeonFRM1Xparam.vhd sub01/vhpl187 1321377964
EN random2gen NULL C:/NOC11/TestswithLeon4/LEONGILL/random2gen.vhd sub00/vhpl18 1321377885
EN lnxfixed NULL C:/NOC11/TestswithLeon4/LEONGILL/lnxfixed.vhd sub00/vhpl24 1321377891
EN addrepeatedly NULL C:/NOC11/TestswithLeon4/LEONGILL/Addrepeatedly.vhd sub00/vhpl00 1321367363
AR rtbiomodel189 behavioral C:/NOC11/TestswithLeon4/LEONGILL/rtbiomod189.vhd sub00/vhpl75 1321342092
AR stoichiobiomd189 behavioral C:/NOC11/TestswithLeon4/LEONGILL/stoichiobiomd189.vhd sub00/vhpl90 1321342104
AR speciestableenzyme1 behavioral C:/NOC11/TestswithLeon4/LEONGILL/speciesTableEnzyme1.vhd sub01/vhpl143 1321362232
EN fsmpe22_3 NULL C:/NOC11/TestswithLeon4/LEONGILL/FSMPE22_3.vhd sub00/vhpl28 1321377893
AR memsubsystemfinallotka_voltera behavioral C:/NOC11/TestswithLeon4/LEONGILL/memsubsystemfinalLOTKA_VOLTERA.vhd sub01/vhpl155 1321362252
AR fsm7new behavioral C:/NOC11/TestswithLeon4/LEONGILL/FSM7new.vhd sub00/vhpl47 1321342064
EN frm4x_2dsp2 NULL C:/NOC11/TestswithLeon4/LEONGILL/FRM4X_2DSP2.vhd sub01/vhpl156 1321362253
EN testconectionwithleon4 NULL C:/NOC11/TestswithLeon4/LEONGILL/TestconectionwithLeon4.vhd sub00/vhpl06 1321342139
EN compforlnx NULL C:/NOC11/TestswithLeon4/LEONGILL/Compforlnx.vhd sub00/vhpl14 1321377883
AR uartddrfsm behavioral C:/NOC11/TestswithLeon4/LEONGILL/UARTDDRFSM.vhd sub01/vhpl121 1321377904
EN dffsignal NULL C:/NOC11/TestswithLeon4/LEONGILL/DFFsignal.vhd sub00/vhpl48 1321367317
EN muxforcmpaddress NULL C:/NOC11/TestswithLeon4/LEONGILL/MUXforcmpaddress.vhd sub00/vhpl54 1321342071
EN leonplusfrm4xnrm4x_2 NULL C:/NOC11/TestswithLeon4/LEONGILL/LEONplusFRM4XNRM4X_2.vhd sub01/vhpl114 1321342133
MO newmultflt NULL ./newmultflt.v vlg7A/newmultflt.bin 1321377883
AR testconnectionwithleonfrm2x behavioral C:/NOC11/TestswithLeon4/LEONGILL/TestconnectionwithLeonFRM2X.vhd sub01/vhpl179 1321367324
AR muxforpointersrama1 behavioral C:/NOC11/TestswithLeon4/LEONGILL/MUXforpointersRama1.vhd sub00/vhpl71 1321377906
EN compnew2 NULL C:/NOC11/TestswithLeon4/LEONGILL/Compnew2.vhd sub01/vhpl108 1321362259
AR muxfornrmpq behavioral C:/NOC11/TestswithLeon4/LEONGILL/MUXforNRMPQ.vhd sub00/vhpl53 1321342070
EN compnew3 NULL C:/NOC11/TestswithLeon4/LEONGILL/Compnew3.vhd sub01/vhpl110 1321362261
AR dff32 behavior C:/NOC11/TestswithLeon4/LEONGILL/DFF32.vhd sub01/vhpl105 1321367360
EN speciestablebiomd1891param NULL C:/NOC11/TestswithLeon4/LEONGILL/speciesTableLOTKA_VOLTERA1param.vhd sub01/vhpl162 1321367335
EN frm1xforleonparam2v NULL C:/NOC11/TestswithLeon4/LEONGILL/FRM1XforLEONparam2v.vhd sub01/vhpl180 1321377931
AR muxgpio behavioral C:/NOC11/TestswithLeon4/LEONGILL/MUXGPIO.vhd sub00/vhpl81 1321377928
AR fixaddrssdg2 behavioral C:/NOC11/TestswithLeon4/LEONGILL/FixaddrssDG2.vhd sub00/vhpl61 1321342078
EN muxforspeciestable NULL C:/NOC11/TestswithLeon4/LEONGILL/MUXforspeciesTable.vhd sub00/vhpl99 1321377911
EN muxforupdatespecies2_c NULL C:/NOC11/TestswithLeon4/LEONGILL/MUXforupdatespecies2_c.vhd sub00/vhpl87 1321367339
EN memsubsystemfrm2xparam NULL C:/NOC11/TestswithLeon4/LEONGILL/memsubsystemFRM2xparam.vhd sub01/vhpl172 1321367355
EN testconectionwithleon NULL C:/NOC11/TestswithLeon4/LEONGILL/TestconectionwithLeon.vhd sub01/vhpl136 1321359390
AR muxgpio4 behavioral C:/NOC11/TestswithLeon4/LEONGILL/MUXGPIO4.vhd sub01/vhpl153 1321362250
AR pe5 behavioral C:/NOC11/TestswithLeon4/LEONGILL/PE5.vhd sub01/vhpl129 1321377918
AR random2gen behavioral C:/NOC11/TestswithLeon4/LEONGILL/random2gen.vhd sub00/vhpl19 1321377886
EN fsmfornrmfrm4x NULL C:/NOC11/TestswithLeon4/LEONGILL/FSMforNRMFRM4X.vhd sub00/vhpl68 1321342085
EN memintdimer189 NULL C:/NOC11/TestswithLeon4/LEONGILL/memintdimer189.vhd sub00/vhpl97 1321342111
AR memintdimmerenzyme behavioral C:/NOC11/TestswithLeon4/LEONGILL/memintdimmerEnzyme.vhd sub01/vhpl149 1321362246
AR testconectionwithleon4 behavioral C:/NOC11/TestswithLeon4/LEONGILL/TestconectionwithLeon4.vhd sub00/vhpl07 1321342140
EN fsmintforsending NULL C:/NOC11/TestswithLeon4/LEONGILL/FSMintforsending.vhd sub01/vhpl118 1321377935
EN dependency_graph NULL C:/NOC11/TestswithLeon4/LEONGILL/Dependency_graph.vhd sub00/vhpl62 1321342079
EN fsm6new NULL C:/NOC11/TestswithLeon4/LEONGILL/FSM6new.vhd sub01/vhpl130 1321377919
EN lnxflt NULL C:/NOC11/TestswithLeon4/LEONGILL/lnxflt.vhd sub00/vhpl10 1321377881
AR rtbiomd189param behavioral C:/NOC11/TestswithLeon4/LEONGILL/RTBIOMD189param.vhd sub01/vhpl159 1321367330
AR dg2 behavioral C:/NOC11/TestswithLeon4/LEONGILL/DG2.vhd sub00/vhpl65 1321342082
EN fixaddrssdg2 NULL C:/NOC11/TestswithLeon4/LEONGILL/FixaddrssDG2.vhd sub00/vhpl60 1321342077
EN speciescoppytablefrm1x NULL C:/NOC11/TestswithLeon4/LEONGILL/speciescoppyTableFRM1X.vhd sub01/vhpl138 1321377909
AR addingnewflt addingnewflt_a C:/NOC11/TestswithLeon4/LEONGILL/addingnewflt.vhd sub00/vhpl51 1321367320
AR speciestablebiomd189_2 behavioral C:/NOC11/TestswithLeon4/LEONGILL/speciesTablebiomd189_2.vhd sub00/vhpl96 1321342110
AR memintdimer189param behavioral C:/NOC11/TestswithLeon4/LEONGILL/memintdimer189param.vhd sub01/vhpl171 1321367350
AR dependency_graph behavioral C:/NOC11/TestswithLeon4/LEONGILL/Dependency_graph.vhd sub00/vhpl63 1321342080
AR comp1new behavioral C:/NOC11/TestswithLeon4/LEONGILL/Comp1new.vhd sub01/vhpl107 1321367362
AR compnew2 behavioral C:/NOC11/TestswithLeon4/LEONGILL/Compnew2.vhd sub01/vhpl109 1321362260
EN speciestablebiomd1892param NULL C:/NOC11/TestswithLeon4/LEONGILL/speciesTableLOTKA_VOLTERA2param.vhd sub01/vhpl168 1321367347
EN addrepeatedly2 NULL C:/NOC11/TestswithLeon4/LEONGILL/Addrepeatedly2.vhd sub01/vhpl183 1321377923
AR fsm6new behavioral C:/NOC11/TestswithLeon4/LEONGILL/FSM6new.vhd sub01/vhpl131 1321377920
EN muxforspeciestableindi2 NULL C:/NOC11/TestswithLeon4/LEONGILL/MUXforspeciesTableIndi2.vhd sub00/vhpl85 1321367337
MO subnewflt NULL ./subnewflt.v vlg12/subnewflt.bin 1321377883
AR muxpointerram2 behavioral C:/NOC11/TestswithLeon4/LEONGILL/MUXpointerRam2.vhd sub00/vhpl73 1321367328
AR addrepeatedly2 behavioral C:/NOC11/TestswithLeon4/LEONGILL/Addrepeatedly2.vhd sub01/vhpl184 1321377924
EN muxfornrmpq NULL C:/NOC11/TestswithLeon4/LEONGILL/MUXforNRMPQ.vhd sub00/vhpl52 1321342069
EN dffinternalpe NULL C:/NOC11/TestswithLeon4/LEONGILL/DFFinternalPE.vhd sub00/vhpl30 1321377895
AR memsubsystemfinalnrmfrm4x_2 behavioral C:/NOC11/TestswithLeon4/LEONGILL/memsubsystemfinalNRMFRM4X_2.vhd sub01/vhpl101 1321342118
AR lotka_voltera_stoichioparam behavioral C:/NOC11/TestswithLeon4/LEONGILL/LOTKA_VOLTERA_STOICHIOparam.vhd sub01/vhpl127 1321377916
EN patterngen2 NULL C:/NOC11/TestswithLeon4/LEONGILL/patterngen2.vhd sub00/vhpl08 1321377889
AR muxforspeciestable behavioral C:/NOC11/TestswithLeon4/LEONGILL/MUXforspeciesTable.vhd sub01/vhpl100 1321377912
EN muxgpio4 NULL C:/NOC11/TestswithLeon4/LEONGILL/MUXGPIO4.vhd sub01/vhpl152 1321362249
EN pe5 NULL C:/NOC11/TestswithLeon4/LEONGILL/PE5.vhd sub01/vhpl128 1321377917
EN muxforrepeat2 NULL C:/NOC11/TestswithLeon4/LEONGILL/Muxforrepeat2.vhd sub01/vhpl181 1321377887
EN memsubsystemfinallotka_voltera NULL C:/NOC11/TestswithLeon4/LEONGILL/memsubsystemfinalLOTKA_VOLTERA.vhd sub01/vhpl154 1321362251
EN pe6 NULL C:/NOC11/TestswithLeon4/LEONGILL/PE6.vhd sub00/vhpl42 1321342059
EN testconnectionwithleonfrm2x NULL C:/NOC11/TestswithLeon4/LEONGILL/TestconnectionwithLeonFRM2X.vhd sub01/vhpl178 1321367323
AR memsubsystemfrm2xparam behavioral C:/NOC11/TestswithLeon4/LEONGILL/memsubsystemFRM2xparam.vhd sub01/vhpl173 1321367356
AR lnxflt behavioral C:/NOC11/TestswithLeon4/LEONGILL/lnxflt.vhd sub00/vhpl11 1321377882
MO divflt2 NULL ./divflt2.v vlg27/divflt2.bin 1321377883
AR muxforspeciestable2 behavioral C:/NOC11/TestswithLeon4/LEONGILL/MUXforspeciesTable2.vhd sub00/vhpl94 1321367346
EN uartddrfsm NULL C:/NOC11/TestswithLeon4/LEONGILL/UARTDDRFSM.vhd sub01/vhpl120 1321377903
EN datamemddr5forleon NULL C:/NOC11/TestswithLeon4/LEONGILL/datamemddr5forLEON.vhd sub01/vhpl150 1321362247
AR subnewflt subnewflt_a C:/NOC11/TestswithLeon4/LEONGILL/subnewflt.vhd sub00/vhpl17 1321367286
EN speciestableenzyme1 NULL C:/NOC11/TestswithLeon4/LEONGILL/speciesTableEnzyme1.vhd sub01/vhpl142 1321362231
EN muxforuart1 NULL C:/NOC11/TestswithLeon4/LEONGILL/MUXforUart1.vhd sub01/vhpl112 1321367365
EN speciestableenzyme2 NULL C:/NOC11/TestswithLeon4/LEONGILL/speciesTableenzyme2.vhd sub01/vhpl146 1321362243
AR frm1xforleonparam behavioral C:/NOC11/TestswithLeon4/LEONGILL/FRM1XforLEONparam.vhd sub01/vhpl135 1321359385
MO addnewflt NULL ./addnewflt.v vlg55/addnewflt.bin 1321377883
AR divflt2 divflt2_a C:/NOC11/TestswithLeon4/LEONGILL/divflt2.vhd sub00/vhpl33 1321367304
EN muxpeintdimer2 NULL C:/NOC11/TestswithLeon4/LEONGILL/MUXPEintdimer2.vhd sub00/vhpl36 1321377899
AR muxforrepeat behavioral C:/NOC11/TestswithLeon4/LEONGILL/MUxforrepeat.vhd sub00/vhpl41 1321367312
AR speciestablebiomd1891param behavioral C:/NOC11/TestswithLeon4/LEONGILL/speciesTableLOTKA_VOLTERA1param.vhd sub01/vhpl163 1321367336
AR muxforcmpaddress behavioral C:/NOC11/TestswithLeon4/LEONGILL/MUXforcmpaddress.vhd sub00/vhpl55 1321342072
AR fsmfornrmfrm4x behavioral C:/NOC11/TestswithLeon4/LEONGILL/FSMforNRMFRM4X.vhd sub00/vhpl69 1321342086
AR lotka_volteraparamrt behavioral C:/NOC11/TestswithLeon4/LEONGILL/Lotka_VolteraparamRT.vhd sub01/vhpl123 1321377908
EN pq NULL C:/NOC11/TestswithLeon4/LEONGILL/PQ.vhd sub00/vhpl44 1321342061
AR speciescoppytable1 behavioral C:/NOC11/TestswithLeon4/LEONGILL/speciescoppyTable1.vhd sub00/vhpl77 1321362228
EN frm4x_2dsp2frm2x NULL C:/NOC11/TestswithLeon4/LEONGILL/FRM4X_2DSP2FRM2X.vhd sub01/vhpl174 1321367357
EN frm1xforleonparam NULL C:/NOC11/TestswithLeon4/LEONGILL/FRM1XforLEONparam.vhd sub01/vhpl134 1321359384
EN lotka_voltera_stoichioparam NULL C:/NOC11/TestswithLeon4/LEONGILL/LOTKA_VOLTERA_STOICHIOparam.vhd sub01/vhpl126 1321377915
AR speciestable1 behavioral C:/NOC11/TestswithLeon4/LEONGILL/speciesTable1.vhd sub01/vhpl125 1321377914
AR addnewflt addnewflt_a C:/NOC11/TestswithLeon4/LEONGILL/addnewflt.vhd sub00/vhpl21 1321367290
AR frm4x_2dsp2frm2x behavioral C:/NOC11/TestswithLeon4/LEONGILL/FRM4X_2DSP2FRM2X.vhd sub01/vhpl175 1321367358
AR fsmpe22_3 behavioral C:/NOC11/TestswithLeon4/LEONGILL/FSMPE22_3.vhd sub00/vhpl29 1321377894
EN speciescopytablefrm2x NULL C:/NOC11/TestswithLeon4/LEONGILL/speciescopyTableFRM2X.vhd sub01/vhpl160 1321367331
EN speciestable1 NULL C:/NOC11/TestswithLeon4/LEONGILL/speciesTable1.vhd sub01/vhpl124 1321377913
AR speciestableenzyme2 behavioral C:/NOC11/TestswithLeon4/LEONGILL/speciesTableenzyme2.vhd sub01/vhpl147 1321362244
AR speciescoppytablefrm1x behavioral C:/NOC11/TestswithLeon4/LEONGILL/speciescoppyTableFRM1X.vhd sub01/vhpl139 1321377910
EN stoichiobiomd189param NULL C:/NOC11/TestswithLeon4/LEONGILL/STOICHIOBIOMD189param.vhd sub01/vhpl164 1321367341
EN muxpointerram2 NULL C:/NOC11/TestswithLeon4/LEONGILL/MUXpointerRam2.vhd sub00/vhpl72 1321367327
AR speciestablebiomd1892param behavioral C:/NOC11/TestswithLeon4/LEONGILL/speciesTableLOTKA_VOLTERA2param.vhd sub01/vhpl169 1321367348
EN testconectionwithleonfrm1xparam NULL C:/NOC11/TestswithLeon4/LEONGILL/TestconectionwithLeonFRM1Xparam.vhd sub01/vhpl186 1321377963
AR dffsignal behavior C:/NOC11/TestswithLeon4/LEONGILL/DFFsignal.vhd sub00/vhpl49 1321367318
EN muxforspeciestable2 NULL C:/NOC11/TestswithLeon4/LEONGILL/MUXforspeciesTable2.vhd sub00/vhpl93 1321367345
EN rtbiomodel189 NULL C:/NOC11/TestswithLeon4/LEONGILL/rtbiomod189.vhd sub00/vhpl74 1321342091
AR simplefrm_nrm4x_dsp behavioral C:/NOC11/TestswithLeon4/LEONGILL/simpleFRM_NRM4X_DSP.vhd sub01/vhpl103 1321342120
AR muxforuart1 behavioral C:/NOC11/TestswithLeon4/LEONGILL/MUXforUart1.vhd sub01/vhpl113 1321367366
AR fsmintforsending behavioral C:/NOC11/TestswithLeon4/LEONGILL/FSMintforsending.vhd sub01/vhpl119 1321377936
AR stoichiobiomd189param behavioral C:/NOC11/TestswithLeon4/LEONGILL/STOICHIOBIOMD189param.vhd sub01/vhpl165 1321367342
AR frm1xforleonparam2v behavioral C:/NOC11/TestswithLeon4/LEONGILL/FRM1XforLEONparam2v.vhd sub01/vhpl185 1321377932
EN frm2xforleonparam NULL C:/NOC11/TestswithLeon4/LEONGILL/FRM2XforLeonparam.vhd sub01/vhpl176 1321367367
AR addrepeatedly behavioral C:/NOC11/TestswithLeon4/LEONGILL/Addrepeatedly.vhd sub00/vhpl01 1321367364
EN rtbiomd189param NULL C:/NOC11/TestswithLeon4/LEONGILL/RTBIOMD189param.vhd sub01/vhpl158 1321367329
AR speciescopytablefrm2x_2 behavioral C:/NOC11/TestswithLeon4/LEONGILL/speciescopyTableFRM2X_2.vhd sub01/vhpl167 1321367344
EN datamemddr4forleon NULL C:/NOC11/TestswithLeon4/LEONGILL/datamemddr4forLeon.vhd sub00/vhpl78 1321377925
AR stoichioenzyme behavioral C:/NOC11/TestswithLeon4/LEONGILL/StoichioEnzyme.vhd sub01/vhpl145 1321362238
EN muxforrepeat NULL C:/NOC11/TestswithLeon4/LEONGILL/MUxforrepeat.vhd sub00/vhpl40 1321367311
EN simplefrm_nrm4x_dsp NULL C:/NOC11/TestswithLeon4/LEONGILL/simpleFRM_NRM4X_DSP.vhd sub01/vhpl102 1321342119
AR muxforupdatespecies2_c behavioral C:/NOC11/TestswithLeon4/LEONGILL/MUXforupdatespecies2_c.vhd sub00/vhpl88 1321367340
MO fixtoflt NULL ./fixtoflt.v vlg64/fixtoflt.bin 1321377883
AR pe6 behavioral C:/NOC11/TestswithLeon4/LEONGILL/PE6.vhd sub00/vhpl43 1321342060
EN speciestablecopy2 NULL C:/NOC11/TestswithLeon4/LEONGILL/speciesTablecopy2.vhd sub00/vhpl91 1321362239
AR memintdimerlotka_voltera behavioral C:/NOC11/TestswithLeon4/LEONGILL/memintdimerLOTKA_VOLTERA.vhd sub01/vhpl133 1321377930
AR speciestablebiomd189 behavioral C:/NOC11/TestswithLeon4/LEONGILL/speciesTablebiomd189.vhd sub00/vhpl84 1321342098
EN dff32 NULL C:/NOC11/TestswithLeon4/LEONGILL/DFF32.vhd sub01/vhpl104 1321367359
EN comp1new NULL C:/NOC11/TestswithLeon4/LEONGILL/Comp1new.vhd sub01/vhpl106 1321367361
AR speciescopytablefrm2x behavioral C:/NOC11/TestswithLeon4/LEONGILL/speciescopyTableFRM2X.vhd sub01/vhpl161 1321367332
EN testquatroconnwithleon NULL C:/NOC11/TestswithLeon4/LEONGILL/TestQuatroconnwithLeon.vhd sub00/vhpl04 1321362394
EN fixaddrssdg NULL C:/NOC11/TestswithLeon4/LEONGILL/FixaddrssDG.vhd sub00/vhpl58 1321342075
AR fixaddrssdg behavioral C:/NOC11/TestswithLeon4/LEONGILL/FixaddrssDG.vhd sub00/vhpl59 1321342076
AR newmultflt newmultflt_a C:/NOC11/TestswithLeon4/LEONGILL/newmultflt.vhd sub00/vhpl13 1321367282
AR lnxfixed behavioral C:/NOC11/TestswithLeon4/LEONGILL/lnxfixed.vhd sub00/vhpl25 1321377892
EN memintdimmerenzyme NULL C:/NOC11/TestswithLeon4/LEONGILL/memintdimmerEnzyme.vhd sub01/vhpl148 1321362245
AR testquatroconnwithleon behavioral C:/NOC11/TestswithLeon4/LEONGILL/TestQuatroconnwithLeon.vhd sub00/vhpl05 1321362395
EN speciescoppytable1 NULL C:/NOC11/TestswithLeon4/LEONGILL/speciescoppyTable1.vhd sub00/vhpl76 1321362227
AR frm4x_2dsp2 behavioral C:/NOC11/TestswithLeon4/LEONGILL/FRM4X_2DSP2.vhd sub01/vhpl157 1321362254
EN speciescopytablefrm2x_2 NULL C:/NOC11/TestswithLeon4/LEONGILL/speciescopyTableFRM2X_2.vhd sub01/vhpl166 1321367343
AR muxforrepeat2 behavioral C:/NOC11/TestswithLeon4/LEONGILL/Muxforrepeat2.vhd sub01/vhpl182 1321377888
AR compforlnx behavioral C:/NOC11/TestswithLeon4/LEONGILL/Compforlnx.vhd sub00/vhpl15 1321377884
EN cnstlatch2_2 NULL C:/NOC11/TestswithLeon4/LEONGILL/cnstlatch2_2.vhd sub00/vhpl38 1321377901
AR compnew3 behavioral C:/NOC11/TestswithLeon4/LEONGILL/Compnew3.vhd sub01/vhpl111 1321362262
AR fixtoflt fixtoflt_a C:/NOC11/TestswithLeon4/LEONGILL/fixtoflt.vhd sub00/vhpl23 1321367294
AR leonplusfrm4xnrm4x_2 behavioral C:/NOC11/TestswithLeon4/LEONGILL/LEONplusFRM4XNRM4X_2.vhd sub01/vhpl115 1321342134
AR patterngen2 behavioral C:/NOC11/TestswithLeon4/LEONGILL/patterngen2.vhd sub00/vhpl09 1321377890
MO addingnewflt NULL ./addingnewflt.v vlg2F/addingnewflt.bin 1321377883
EN stoichiobiomd189 NULL C:/NOC11/TestswithLeon4/LEONGILL/stoichiobiomd189.vhd sub00/vhpl89 1321342103
EN stoichioenzyme NULL C:/NOC11/TestswithLeon4/LEONGILL/StoichioEnzyme.vhd sub01/vhpl144 1321362237
AR frm2xforleonparam behavioral C:/NOC11/TestswithLeon4/LEONGILL/FRM2XforLeonparam.vhd sub01/vhpl177 1321367368
AR frm4xquatroconnect behavioral C:/NOC11/TestswithLeon4/LEONGILL/FRM4XQuatroConnect.vhd sub00/vhpl03 1321362268
AR datamemddr5forleon behavioral C:/NOC11/TestswithLeon4/LEONGILL/datamemddr5forLEON.vhd sub01/vhpl151 1321362248
AR minuslnx minuslnx_a C:/NOC11/TestswithLeon4/LEONGILL/minuslnx.vhd sub00/vhpl27 1321367298
AR cnstlatch2_2 behavioral C:/NOC11/TestswithLeon4/LEONGILL/cnstlatch2_2.vhd sub00/vhpl39 1321377902
EN muxdgnrm NULL C:/NOC11/TestswithLeon4/LEONGILL/MUXDGNRM.vhd sub00/vhpl66 1321342083
EN dg2 NULL C:/NOC11/TestswithLeon4/LEONGILL/DG2.vhd sub00/vhpl64 1321342081
EN speciestablebiomd189 NULL C:/NOC11/TestswithLeon4/LEONGILL/speciesTablebiomd189.vhd sub00/vhpl83 1321342097
EN muxpeint3 NULL C:/NOC11/TestswithLeon4/LEONGILL/MUXPEint3.vhd sub00/vhpl34 1321377897
AR memintdimer189 behavioral C:/NOC11/TestswithLeon4/LEONGILL/memintdimer189.vhd sub00/vhpl98 1321342112
EN fsm7new NULL C:/NOC11/TestswithLeon4/LEONGILL/FSM7new.vhd sub00/vhpl46 1321342063
AR testconectionwithleon behavioral C:/NOC11/TestswithLeon4/LEONGILL/TestconectionwithLeon.vhd sub01/vhpl137 1321359391
EN frm4xquatroconnect NULL C:/NOC11/TestswithLeon4/LEONGILL/FRM4XQuatroConnect.vhd sub00/vhpl02 1321362267
AR muxpeint3 behavioral C:/NOC11/TestswithLeon4/LEONGILL/MUXPEint3.vhd sub00/vhpl35 1321377898
EN memintdimerlotka_voltera NULL C:/NOC11/TestswithLeon4/LEONGILL/memintdimerLOTKA_VOLTERA.vhd sub01/vhpl132 1321377929
AR speciestablecopy2 behavioral C:/NOC11/TestswithLeon4/LEONGILL/speciesTablecopy2.vhd sub00/vhpl92 1321362240
AR enzymert behavioral C:/NOC11/TestswithLeon4/LEONGILL/EnzymeRT.vhd sub01/vhpl141 1321362226
AR find8min512 behavioral C:/NOC11/TestswithLeon4/LEONGILL/find8min512.vhd sub00/vhpl57 1321377922
EN muxforpointersrama1 NULL C:/NOC11/TestswithLeon4/LEONGILL/MUXforpointersRama1.vhd sub00/vhpl70 1321377905
EN speciestablebiomd189_2 NULL C:/NOC11/TestswithLeon4/LEONGILL/speciesTablebiomd189_2.vhd sub00/vhpl95 1321342109
EN enzymert NULL C:/NOC11/TestswithLeon4/LEONGILL/EnzymeRT.vhd sub01/vhpl140 1321362225
MO minuslnx NULL ./minuslnx.v vlg16/minuslnx.bin 1321377883
EN test_myfsm NULL C:/NOC11/TestswithLeon4/LEONGILL/Test_myFSM.vhd sub01/vhpl116 1321377933
AR datamemddr4forleon behavioral C:/NOC11/TestswithLeon4/LEONGILL/datamemddr4forLeon.vhd sub00/vhpl79 1321377926
AR dffinternalpe behavior C:/NOC11/TestswithLeon4/LEONGILL/DFFinternalPE.vhd sub00/vhpl31 1321377896
AR test_myfsm test_myfsm C:/NOC11/TestswithLeon4/LEONGILL/Test_myFSM.vhd sub01/vhpl117 1321377934
EN lotka_volteraparamrt NULL C:/NOC11/TestswithLeon4/LEONGILL/Lotka_VolteraparamRT.vhd sub01/vhpl122 1321377907
EN find8min512 NULL C:/NOC11/TestswithLeon4/LEONGILL/find8min512.vhd sub00/vhpl56 1321377921
