V3 376
FL C:/NOC11/TestswithLeon4/LEONGILL/addingnewflt.vhd 2011/10/26.07:44:21 J.40
EN work/addingnewflt 1321367319 \
      FL C:/NOC11/TestswithLeon4/LEONGILL/addingnewflt.vhd PB ieee/std_logic_1164 1192821031
AR work/addingnewflt/addingnewflt_a 1321367320 \
      FL C:/NOC11/TestswithLeon4/LEONGILL/addingnewflt.vhd EN work/addingnewflt 1321367319
FL C:/NOC11/TestswithLeon4/LEONGILL/addnewflt.vhd 2011/10/26.06:57:50 J.40
EN work/addnewflt 1321367289 FL C:/NOC11/TestswithLeon4/LEONGILL/addnewflt.vhd \
      PB ieee/std_logic_1164 1192821031
AR work/addnewflt/addnewflt_a 1321367290 \
      FL C:/NOC11/TestswithLeon4/LEONGILL/addnewflt.vhd EN work/addnewflt 1321367289
FL C:/NOC11/TestswithLeon4/LEONGILL/Addrepeatedly.vhd 2011/11/14.22:38:35 J.40
EN work/Addrepeatedly 1321367363 \
      FL C:/NOC11/TestswithLeon4/LEONGILL/Addrepeatedly.vhd \
      PB ieee/std_logic_1164 1192821031 PH ieee/NUMERIC_STD 1192821033 LB UNISIM \
      PH unisim/VCOMPONENTS 1194566982
AR work/Addrepeatedly/BEHAVIORAL 1321367364 \
      FL C:/NOC11/TestswithLeon4/LEONGILL/Addrepeatedly.vhd EN work/Addrepeatedly 1321367363 \
      CP addnewflt CP MUxforrepeat
FL C:/NOC11/TestswithLeon4/LEONGILL/Addrepeatedly2.vhd 2011/11/15.19:24:20 J.40
EN work/Addrepeatedly2 1321377923 \
      FL C:/NOC11/TestswithLeon4/LEONGILL/Addrepeatedly2.vhd \
      PB ieee/std_logic_1164 1192821031 PB ieee/std_logic_arith 1192821032 \
      PB ieee/STD_LOGIC_UNSIGNED 1192821033 PH ieee/NUMERIC_STD 1192821033 \
      LB UNISIM PH unisim/VCOMPONENTS 1194566982
AR work/Addrepeatedly2/BEHAVIORAL 1321377924 \
      FL C:/NOC11/TestswithLeon4/LEONGILL/Addrepeatedly2.vhd \
      EN work/Addrepeatedly2 1321377923 CP addnewflt CP MUxforrepeat2
FL C:/NOC11/TestswithLeon4/LEONGILL/cnstlatch2_2.vhd 2011/08/29.16:30:21 J.40
EN work/cnstlatch2_2 1321377901 \
      FL C:/NOC11/TestswithLeon4/LEONGILL/cnstlatch2_2.vhd PB ieee/std_logic_1164 1192821031 \
      PB ieee/std_logic_arith 1192821032 PB ieee/STD_LOGIC_UNSIGNED 1192821033
AR work/cnstlatch2_2/Behavioral 1321377902 \
      FL C:/NOC11/TestswithLeon4/LEONGILL/cnstlatch2_2.vhd EN work/cnstlatch2_2 1321377901
FL C:/NOC11/TestswithLeon4/LEONGILL/Comp1new.vhd 2011/08/29.18:31:42 J.40
EN work/Comp1new 1321367361 FL C:/NOC11/TestswithLeon4/LEONGILL/Comp1new.vhd \
      PB ieee/std_logic_1164 1192821031 PB ieee/std_logic_arith 1192821032 \
      PB ieee/STD_LOGIC_UNSIGNED 1192821033
AR work/Comp1new/Behavioral 1321367362 \
      FL C:/NOC11/TestswithLeon4/LEONGILL/Comp1new.vhd EN work/Comp1new 1321367361
FL C:/NOC11/TestswithLeon4/LEONGILL/Compforlnx.vhd 2011/09/16.16:11:27 J.40
EN work/Compforlnx 1321377883 FL C:/NOC11/TestswithLeon4/LEONGILL/Compforlnx.vhd \
      PB ieee/std_logic_1164 1192821031 PB ieee/std_logic_arith 1192821032 \
      PB ieee/STD_LOGIC_UNSIGNED 1192821033
AR work/Compforlnx/Behavioral 1321377884 \
      FL C:/NOC11/TestswithLeon4/LEONGILL/Compforlnx.vhd EN work/Compforlnx 1321377883
FL C:/NOC11/TestswithLeon4/LEONGILL/Compnew2.vhd 2011/08/29.17:15:04 J.40
EN work/Compnew2 1321362259 FL C:/NOC11/TestswithLeon4/LEONGILL/Compnew2.vhd \
      PB ieee/std_logic_1164 1192821031 PB ieee/std_logic_arith 1192821032 \
      PB ieee/STD_LOGIC_UNSIGNED 1192821033
AR work/Compnew2/Behavioral 1321362260 \
      FL C:/NOC11/TestswithLeon4/LEONGILL/Compnew2.vhd EN work/Compnew2 1321362259
FL C:/NOC11/TestswithLeon4/LEONGILL/Compnew3.vhd 2011/08/29.18:31:08 J.40
EN work/Compnew3 1321362261 FL C:/NOC11/TestswithLeon4/LEONGILL/Compnew3.vhd \
      PB ieee/std_logic_1164 1192821031 PB ieee/std_logic_arith 1192821032 \
      PB ieee/STD_LOGIC_UNSIGNED 1192821033
AR work/Compnew3/Behavioral 1321362262 \
      FL C:/NOC11/TestswithLeon4/LEONGILL/Compnew3.vhd EN work/Compnew3 1321362261
FL C:/NOC11/TestswithLeon4/LEONGILL/datamemddr4forLeon.vhd 2011/10/23.12:35:37 J.40
EN work/datamemddr4forLeon 1321377925 \
      FL C:/NOC11/TestswithLeon4/LEONGILL/datamemddr4forLeon.vhd \
      PB ieee/std_logic_1164 1192821031 PB ieee/std_logic_arith 1192821032 \
      PB ieee/STD_LOGIC_UNSIGNED 1192821033
AR work/datamemddr4forLeon/Behavioral 1321377926 \
      FL C:/NOC11/TestswithLeon4/LEONGILL/datamemddr4forLeon.vhd \
      EN work/datamemddr4forLeon 1321377925
FL C:/NOC11/TestswithLeon4/LEONGILL/datamemddr5forLEON.vhd 2011/10/28.06:59:21 J.40
EN work/datamemddr5forLEON 1321362247 \
      FL C:/NOC11/TestswithLeon4/LEONGILL/datamemddr5forLEON.vhd \
      PB ieee/std_logic_1164 1192821031 PB ieee/std_logic_arith 1192821032 \
      PB ieee/STD_LOGIC_UNSIGNED 1192821033
AR work/datamemddr5forLEON/Behavioral 1321362248 \
      FL C:/NOC11/TestswithLeon4/LEONGILL/datamemddr5forLEON.vhd \
      EN work/datamemddr5forLEON 1321362247
FL C:/NOC11/TestswithLeon4/LEONGILL/Dependency_graph.vhd 2011/10/10.07:16:16 J.40
EN work/Dependency_graph 1321342079 \
      FL C:/NOC11/TestswithLeon4/LEONGILL/Dependency_graph.vhd \
      PB ieee/std_logic_1164 1192821031 PB ieee/std_logic_arith 1192821032 \
      PB ieee/STD_LOGIC_UNSIGNED 1192821033
AR work/Dependency_graph/Behavioral 1321342080 \
      FL C:/NOC11/TestswithLeon4/LEONGILL/Dependency_graph.vhd \
      EN work/Dependency_graph 1321342079
FL C:/NOC11/TestswithLeon4/LEONGILL/DFF32.vhd 2011/08/29.16:25:49 J.40
EN work/DFF32 1321367359 FL C:/NOC11/TestswithLeon4/LEONGILL/DFF32.vhd \
      PB ieee/std_logic_1164 1192821031 PB ieee/std_logic_arith 1192821032
AR work/DFF32/behavior 1321367360 \
      FL C:/NOC11/TestswithLeon4/LEONGILL/DFF32.vhd EN work/DFF32 1321367359
FL C:/NOC11/TestswithLeon4/LEONGILL/DFFinternalPE.vhd 2011/08/29.18:31:07 J.40
EN work/DFFinternalPE 1321377895 \
      FL C:/NOC11/TestswithLeon4/LEONGILL/DFFinternalPE.vhd \
      PB ieee/std_logic_1164 1192821031 PB ieee/std_logic_arith 1192821032
AR work/DFFinternalPE/behavior 1321377896 \
      FL C:/NOC11/TestswithLeon4/LEONGILL/DFFinternalPE.vhd EN work/DFFinternalPE 1321377895
FL C:/NOC11/TestswithLeon4/LEONGILL/DFFsignal.vhd 2011/09/10.18:10:20 J.40
EN work/DFFsignal 1321367317 FL C:/NOC11/TestswithLeon4/LEONGILL/DFFsignal.vhd \
      PB ieee/std_logic_1164 1192821031 PB ieee/std_logic_arith 1192821032
AR work/DFFsignal/behavior 1321367318 \
      FL C:/NOC11/TestswithLeon4/LEONGILL/DFFsignal.vhd EN work/DFFsignal 1321367317
FL C:/NOC11/TestswithLeon4/LEONGILL/DG2.vhd 2011/10/10.07:55:28 J.40
EN work/DG2 1321342081 FL C:/NOC11/TestswithLeon4/LEONGILL/DG2.vhd \
      PB ieee/std_logic_1164 1192821031 PB ieee/std_logic_arith 1192821032 \
      PB ieee/STD_LOGIC_UNSIGNED 1192821033
AR work/DG2/Behavioral 1321342082 \
      FL C:/NOC11/TestswithLeon4/LEONGILL/DG2.vhd EN work/DG2 1321342081
FL C:/NOC11/TestswithLeon4/LEONGILL/divflt2.vhd 2011/10/26.07:13:29 J.40
EN work/divflt2 1321367303 FL C:/NOC11/TestswithLeon4/LEONGILL/divflt2.vhd \
      PB ieee/std_logic_1164 1192821031
AR work/divflt2/divflt2_a 1321367304 \
      FL C:/NOC11/TestswithLeon4/LEONGILL/divflt2.vhd EN work/divflt2 1321367303
FL C:/NOC11/TestswithLeon4/LEONGILL/EnzymeRT.vhd 2011/10/28.06:14:02 J.40
EN work/EnzymeRT 1321362225 FL C:/NOC11/TestswithLeon4/LEONGILL/EnzymeRT.vhd \
      PB ieee/std_logic_1164 1192821031 PB ieee/std_logic_arith 1192821032 \
      PB ieee/STD_LOGIC_UNSIGNED 1192821033
AR work/EnzymeRT/Behavioral 1321362226 \
      FL C:/NOC11/TestswithLeon4/LEONGILL/EnzymeRT.vhd EN work/EnzymeRT 1321362225
FL C:/NOC11/TestswithLeon4/LEONGILL/find8min512.vhd 2011/08/29.17:48:03 J.40
EN work/find8min512 1321377921 \
      FL C:/NOC11/TestswithLeon4/LEONGILL/find8min512.vhd PB ieee/std_logic_1164 1192821031 \
      PB ieee/std_logic_arith 1192821032 PB ieee/STD_LOGIC_UNSIGNED 1192821033
AR work/find8min512/Behavioral 1321377922 \
      FL C:/NOC11/TestswithLeon4/LEONGILL/find8min512.vhd EN work/find8min512 1321377921
FL C:/NOC11/TestswithLeon4/LEONGILL/FixaddrssDG.vhd 2011/09/20.22:13:46 J.40
EN work/FixaddrssDG 1321342075 \
      FL C:/NOC11/TestswithLeon4/LEONGILL/FixaddrssDG.vhd PB ieee/std_logic_1164 1192821031 \
      PB ieee/std_logic_arith 1192821032 PB ieee/STD_LOGIC_UNSIGNED 1192821033
AR work/FixaddrssDG/Behavioral 1321342076 \
      FL C:/NOC11/TestswithLeon4/LEONGILL/FixaddrssDG.vhd EN work/FixaddrssDG 1321342075
FL C:/NOC11/TestswithLeon4/LEONGILL/FixaddrssDG2.vhd 2011/09/20.21:56:15 J.40
EN work/FixaddrssDG2 1321342077 \
      FL C:/NOC11/TestswithLeon4/LEONGILL/FixaddrssDG2.vhd PB ieee/std_logic_1164 1192821031 \
      PB ieee/std_logic_arith 1192821032 PB ieee/STD_LOGIC_UNSIGNED 1192821033
AR work/FixaddrssDG2/Behavioral 1321342078 \
      FL C:/NOC11/TestswithLeon4/LEONGILL/FixaddrssDG2.vhd EN work/FixaddrssDG2 1321342077
FL C:/NOC11/TestswithLeon4/LEONGILL/fixtoflt.vhd 2011/10/26.07:09:51 J.40
EN work/fixtoflt 1321367293 FL C:/NOC11/TestswithLeon4/LEONGILL/fixtoflt.vhd \
      PB ieee/std_logic_1164 1192821031
AR work/fixtoflt/fixtoflt_a 1321367294 \
      FL C:/NOC11/TestswithLeon4/LEONGILL/fixtoflt.vhd EN work/fixtoflt 1321367293
FL C:/NOC11/TestswithLeon4/LEONGILL/FRM1XforLEONparam.vhd 2011/11/15.14:12:41 J.40
EN work/FRM1XforLEONparam 1321359384 \
      FL C:/NOC11/TestswithLeon4/LEONGILL/FRM1XforLEONparam.vhd \
      PB ieee/std_logic_1164 1192821031 PB ieee/std_logic_arith 1192821032 \
      PB ieee/STD_LOGIC_UNSIGNED 1192821033 LB UNISIM PH unisim/VCOMPONENTS 1194566982
AR work/FRM1XforLEONparam/Behavioral 1321359385 \
      FL C:/NOC11/TestswithLeon4/LEONGILL/FRM1XforLEONparam.vhd \
      EN work/FRM1XforLEONparam 1321359384 CP UARTDDRFSM CP MUXforpointersRama1 \
      CP Lotka_VolteraparamRT CP speciescoppyTableFRM1X CP MUXforspeciesTable \
      CP speciesTable1 CP LOTKA_VOLTERA_STOICHIOparam CP PE5 CP FSM6new \
      CP find8min512 CP addingnewflt CP Addrepeatedly CP datamemddr4forLeon \
      CP MUXGPIO CP memintdimerLOTKA_VOLTERA
FL C:/NOC11/TestswithLeon4/LEONGILL/FRM1XforLEONparam2v.vhd 2011/11/15.17:30:01 J.40
EN work/FRM1XforLEONparam2v 1321377931 \
      FL C:/NOC11/TestswithLeon4/LEONGILL/FRM1XforLEONparam2v.vhd \
      PB ieee/std_logic_1164 1192821031 PB ieee/std_logic_arith 1192821032 \
      PB ieee/STD_LOGIC_UNSIGNED 1192821033 LB UNISIM PH unisim/VCOMPONENTS 1194566982
AR work/FRM1XforLEONparam2v/Behavioral 1321377932 \
      FL C:/NOC11/TestswithLeon4/LEONGILL/FRM1XforLEONparam2v.vhd \
      EN work/FRM1XforLEONparam2v 1321377931 CP UARTDDRFSM CP MUXforpointersRama1 \
      CP Lotka_VolteraparamRT CP speciescoppyTableFRM1X CP MUXforspeciesTable \
      CP speciesTable1 CP LOTKA_VOLTERA_STOICHIOparam CP PE5 CP FSM6new \
      CP find8min512 CP addingnewflt CP Addrepeatedly2 CP datamemddr4forLeon \
      CP MUXGPIO CP memintdimerLOTKA_VOLTERA
FL C:/NOC11/TestswithLeon4/LEONGILL/FRM2XforLeonparam.vhd 2011/11/15.16:25:36 J.40
EN work/FRM2XforLeonparam 1321367367 \
      FL C:/NOC11/TestswithLeon4/LEONGILL/FRM2XforLeonparam.vhd \
      PB ieee/std_logic_1164 1192821031 PB ieee/std_logic_arith 1192821032 \
      PB ieee/STD_LOGIC_UNSIGNED 1192821033 LB UNISIM PH unisim/VCOMPONENTS 1194566982
AR work/FRM2XforLeonparam/Behavioral 1321367368 \
      FL C:/NOC11/TestswithLeon4/LEONGILL/FRM2XforLeonparam.vhd \
      EN work/FRM2XforLeonparam 1321367367 CP datamemddr4forLeon CP MUXGPIO \
      CP memsubsystemFRM2xparam CP FRM4X_2DSP2FRM2X CP DFF32 CP Comp1new \
      CP Addrepeatedly CP MUXforUart1 CP OR2
FL C:/NOC11/TestswithLeon4/LEONGILL/FRM4XQuatroConnect.vhd 2011/11/15.14:59:08 J.40
EN work/FRM4XQuatroConnect 1321362267 \
      FL C:/NOC11/TestswithLeon4/LEONGILL/FRM4XQuatroConnect.vhd \
      PB ieee/std_logic_1164 1192821031 PB ieee/std_logic_arith 1192821032 \
      PB ieee/STD_LOGIC_UNSIGNED 1192821033 LB UNISIM PH unisim/VCOMPONENTS 1194566982
AR work/FRM4XQuatroConnect/Behavioral 1321362268 \
      FL C:/NOC11/TestswithLeon4/LEONGILL/FRM4XQuatroConnect.vhd \
      EN work/FRM4XQuatroConnect 1321362267 CP datamemddr5forLEON CP MUXGPIO4 \
      CP memsubsystemfinalLOTKA_VOLTERA CP FRM4X_2DSP2 CP DFF32 CP Comp1new \
      CP Compnew2 CP Compnew3 CP Addrepeatedly CP MUXforUart1 CP OR4 CP OR2
FL C:/NOC11/TestswithLeon4/LEONGILL/FRM4X_2DSP2.vhd 2011/10/23.17:11:25 J.40
EN work/FRM4X_2DSP2 1321362253 \
      FL C:/NOC11/TestswithLeon4/LEONGILL/FRM4X_2DSP2.vhd PB ieee/std_logic_1164 1192821031 \
      PB ieee/std_logic_arith 1192821032 PB ieee/STD_LOGIC_UNSIGNED 1192821033 \
      LB UNISIM PH unisim/VCOMPONENTS 1194566982
AR work/FRM4X_2DSP2/BEHAVIORAL 1321362254 \
      FL C:/NOC11/TestswithLeon4/LEONGILL/FRM4X_2DSP2.vhd EN work/FRM4X_2DSP2 1321362253 \
      CP PE5 CP FSM6new CP DFFsignal CP AND4 CP addnewflt CP addingnewflt \
      CP find8min512
FL C:/NOC11/TestswithLeon4/LEONGILL/FRM4X_2DSP2FRM2X.vhd 2011/10/23.13:24:52 J.40
EN work/FRM4X_2DSP2FRM2X 1321367357 \
      FL C:/NOC11/TestswithLeon4/LEONGILL/FRM4X_2DSP2FRM2X.vhd \
      PB ieee/std_logic_1164 1192821031 PB ieee/std_logic_arith 1192821032 \
      PB ieee/STD_LOGIC_UNSIGNED 1192821033 LB UNISIM PH unisim/VCOMPONENTS 1194566982
AR work/FRM4X_2DSP2FRM2X/Behavioral 1321367358 \
      FL C:/NOC11/TestswithLeon4/LEONGILL/FRM4X_2DSP2FRM2X.vhd \
      EN work/FRM4X_2DSP2FRM2X 1321367357 CP PE5 CP FSM6new CP DFFsignal CP AND2 \
      CP addnewflt CP addingnewflt CP find8min512
FL C:/NOC11/TestswithLeon4/LEONGILL/FSM6new.vhd 2011/09/24.07:43:13 J.40
EN work/FSM6new 1321377919 FL C:/NOC11/TestswithLeon4/LEONGILL/FSM6new.vhd \
      PB ieee/std_logic_1164 1192821031 PB ieee/std_logic_arith 1192821032 \
      PB ieee/STD_LOGIC_UNSIGNED 1192821033
AR work/FSM6new/Behavioral 1321377920 \
      FL C:/NOC11/TestswithLeon4/LEONGILL/FSM6new.vhd EN work/FSM6new 1321377919
FL C:/NOC11/TestswithLeon4/LEONGILL/FSM7new.vhd 2011/09/19.13:43:33 J.40
EN work/FSM7new 1321342063 FL C:/NOC11/TestswithLeon4/LEONGILL/FSM7new.vhd \
      PB ieee/std_logic_1164 1192821031 PB ieee/std_logic_arith 1192821032 \
      PB ieee/STD_LOGIC_UNSIGNED 1192821033
AR work/FSM7new/Behavioral 1321342064 \
      FL C:/NOC11/TestswithLeon4/LEONGILL/FSM7new.vhd EN work/FSM7new 1321342063
FL C:/NOC11/TestswithLeon4/LEONGILL/FSMforNRMFRM4X.vhd 2011/11/15.09:15:10 J.40
EN work/FSMforNRMFRM4X 1321342085 \
      FL C:/NOC11/TestswithLeon4/LEONGILL/FSMforNRMFRM4X.vhd \
      PB ieee/std_logic_1164 1192821031 PB ieee/std_logic_arith 1192821032 \
      PB ieee/STD_LOGIC_UNSIGNED 1192821033
AR work/FSMforNRMFRM4X/Behavioral 1321342086 \
      FL C:/NOC11/TestswithLeon4/LEONGILL/FSMforNRMFRM4X.vhd \
      EN work/FSMforNRMFRM4X 1321342085
FL C:/NOC11/TestswithLeon4/LEONGILL/FSMintforsending.vhd 2011/11/15.00:30:00 J.40
EN work/FSMintforsending 1321377935 \
      FL C:/NOC11/TestswithLeon4/LEONGILL/FSMintforsending.vhd \
      PB ieee/std_logic_1164 1192821031 PB ieee/std_logic_arith 1192821032 \
      PB ieee/STD_LOGIC_UNSIGNED 1192821033
AR work/FSMintforsending/Behavioral 1321377936 \
      FL C:/NOC11/TestswithLeon4/LEONGILL/FSMintforsending.vhd \
      EN work/FSMintforsending 1321377935
FL C:/NOC11/TestswithLeon4/LEONGILL/FSMPE22_3.vhd 2011/08/29.15:54:14 J.40
EN work/FSMPE22_3 1321377893 FL C:/NOC11/TestswithLeon4/LEONGILL/FSMPE22_3.vhd \
      PB ieee/std_logic_1164 1192821031 PB ieee/std_logic_arith 1192821032 \
      PB ieee/STD_LOGIC_UNSIGNED 1192821033
AR work/FSMPE22_3/Behavioral 1321377894 \
      FL C:/NOC11/TestswithLeon4/LEONGILL/FSMPE22_3.vhd EN work/FSMPE22_3 1321377893
FL C:/NOC11/TestswithLeon4/LEONGILL/LEONplusFRM4XNRM4X_2.vhd 2011/11/15.01:00:50 J.40
EN work/LEONplusFRM4XNRM4X_2 1321342133 \
      FL C:/NOC11/TestswithLeon4/LEONGILL/LEONplusFRM4XNRM4X_2.vhd \
      PB ieee/std_logic_1164 1192821031 PB ieee/std_logic_arith 1192821032 \
      PB ieee/STD_LOGIC_UNSIGNED 1192821033 LB UNISIM PH unisim/VCOMPONENTS 1194566982
AR work/LEONplusFRM4XNRM4X_2/Behavioral 1321342134 \
      FL C:/NOC11/TestswithLeon4/LEONGILL/LEONplusFRM4XNRM4X_2.vhd \
      EN work/LEONplusFRM4XNRM4X_2 1321342133 CP datamemddr4forLeon CP MUXGPIO \
      CP memsubsystemfinalNRMFRM4X_2 CP simpleFRM_NRM4X_DSP CP DFF32 CP Comp1new \
      CP Compnew2 CP Compnew3 CP Addrepeatedly CP MUXforUart1 CP OR4 CP OR2
FL C:/NOC11/TestswithLeon4/LEONGILL/lnxfixed.vhd 2011/09/16.16:19:19 J.40
EN work/lnxfixed 1321377891 FL C:/NOC11/TestswithLeon4/LEONGILL/lnxfixed.vhd \
      PB ieee/std_logic_1164 1192821031 PH ieee/NUMERIC_STD 1192821033 LB UNISIM \
      PH unisim/VCOMPONENTS 1194566982
AR work/lnxfixed/BEHAVIORAL 1321377892 \
      FL C:/NOC11/TestswithLeon4/LEONGILL/lnxfixed.vhd EN work/lnxfixed 1321377891 \
      CP lnxflt CP newmultflt CP Compforlnx CP subnewflt
FL C:/NOC11/TestswithLeon4/LEONGILL/lnxflt.vhd 2011/08/29.18:21:07 J.40
EN work/lnxflt 1321377881 FL C:/NOC11/TestswithLeon4/LEONGILL/lnxflt.vhd \
      PB ieee/std_logic_1164 1192821031 PB ieee/std_logic_arith 1192821032 \
      PB ieee/STD_LOGIC_UNSIGNED 1192821033
AR work/lnxflt/Behavioral 1321377882 \
      FL C:/NOC11/TestswithLeon4/LEONGILL/lnxflt.vhd EN work/lnxflt 1321377881
FL C:/NOC11/TestswithLeon4/LEONGILL/Lotka_VolteraparamRT.vhd 2011/11/06.17:37:48 J.40
EN work/Lotka_VolteraparamRT 1321377907 \
      FL C:/NOC11/TestswithLeon4/LEONGILL/Lotka_VolteraparamRT.vhd \
      PB ieee/std_logic_1164 1192821031 PB ieee/std_logic_arith 1192821032 \
      PB ieee/STD_LOGIC_UNSIGNED 1192821033
AR work/Lotka_VolteraparamRT/Behavioral 1321377908 \
      FL C:/NOC11/TestswithLeon4/LEONGILL/Lotka_VolteraparamRT.vhd \
      EN work/Lotka_VolteraparamRT 1321377907
FL C:/NOC11/TestswithLeon4/LEONGILL/LOTKA_VOLTERA_STOICHIOparam.vhd 2011/11/06.17:37:48 J.40
EN work/LOTKA_VOLTERA_STOICHIOparam 1321377915 \
      FL C:/NOC11/TestswithLeon4/LEONGILL/LOTKA_VOLTERA_STOICHIOparam.vhd \
      PB ieee/std_logic_1164 1192821031 PB ieee/std_logic_arith 1192821032 \
      PB ieee/STD_LOGIC_UNSIGNED 1192821033
AR work/LOTKA_VOLTERA_STOICHIOparam/Behavioral 1321377916 \
      FL C:/NOC11/TestswithLeon4/LEONGILL/LOTKA_VOLTERA_STOICHIOparam.vhd \
      EN work/LOTKA_VOLTERA_STOICHIOparam 1321377915
FL C:/NOC11/TestswithLeon4/LEONGILL/memintdimer189.vhd 2011/09/15.18:00:06 J.40
EN work/memintdimer189 1321342111 \
      FL C:/NOC11/TestswithLeon4/LEONGILL/memintdimer189.vhd \
      PB ieee/std_logic_1164 1192821031 PB ieee/std_logic_arith 1192821032 \
      PB ieee/STD_LOGIC_UNSIGNED 1192821033
AR work/memintdimer189/Behavioral 1321342112 \
      FL C:/NOC11/TestswithLeon4/LEONGILL/memintdimer189.vhd \
      EN work/memintdimer189 1321342111
FL C:/NOC11/TestswithLeon4/LEONGILL/memintdimer189param.vhd 2011/10/16.06:27:02 J.40
EN work/memintdimer189param 1321367349 \
      FL C:/NOC11/TestswithLeon4/LEONGILL/memintdimer189param.vhd \
      PB ieee/std_logic_1164 1192821031 PB ieee/std_logic_arith 1192821032 \
      PB ieee/STD_LOGIC_UNSIGNED 1192821033
AR work/memintdimer189param/Behavioral 1321367350 \
      FL C:/NOC11/TestswithLeon4/LEONGILL/memintdimer189param.vhd \
      EN work/memintdimer189param 1321367349
FL C:/NOC11/TestswithLeon4/LEONGILL/memintdimerLOTKA_VOLTERA.vhd 2011/09/13.19:42:02 J.40
EN work/memintdimerLOTKA_VOLTERA 1321377929 \
      FL C:/NOC11/TestswithLeon4/LEONGILL/memintdimerLOTKA_VOLTERA.vhd \
      PB ieee/std_logic_1164 1192821031 PB ieee/std_logic_arith 1192821032 \
      PB ieee/STD_LOGIC_UNSIGNED 1192821033
AR work/memintdimerLOTKA_VOLTERA/Behavioral 1321377930 \
      FL C:/NOC11/TestswithLeon4/LEONGILL/memintdimerLOTKA_VOLTERA.vhd \
      EN work/memintdimerLOTKA_VOLTERA 1321377929
FL C:/NOC11/TestswithLeon4/LEONGILL/memintdimmerEnzyme.vhd 2011/10/28.06:39:41 J.40
EN work/memintdimmerEnzyme 1321362245 \
      FL C:/NOC11/TestswithLeon4/LEONGILL/memintdimmerEnzyme.vhd \
      PB ieee/std_logic_1164 1192821031 PB ieee/std_logic_arith 1192821032 \
      PB ieee/STD_LOGIC_UNSIGNED 1192821033
AR work/memintdimmerEnzyme/Behavioral 1321362246 \
      FL C:/NOC11/TestswithLeon4/LEONGILL/memintdimmerEnzyme.vhd \
      EN work/memintdimmerEnzyme 1321362245
FL C:/NOC11/TestswithLeon4/LEONGILL/memsubsystemfinalLOTKA_VOLTERA.vhd 2011/11/15.15:02:48 J.40
EN work/memsubsystemfinalLOTKA_VOLTERA 1321362251 \
      FL C:/NOC11/TestswithLeon4/LEONGILL/memsubsystemfinalLOTKA_VOLTERA.vhd \
      PB ieee/std_logic_1164 1192821031 PB ieee/std_logic_arith 1192821032 \
      PB ieee/STD_LOGIC_UNSIGNED 1192821033 LB UNISIM PH unisim/VCOMPONENTS 1194566982
AR work/memsubsystemfinalLOTKA_VOLTERA/Behavioral 1321362252 \
      FL C:/NOC11/TestswithLeon4/LEONGILL/memsubsystemfinalLOTKA_VOLTERA.vhd \
      EN work/memsubsystemfinalLOTKA_VOLTERA 1321362251 CP UARTDDRFSM \
      CP MUXforpointersRama1 CP MUXpointerRam2 CP EnzymeRT CP AND2 \
      CP speciescoppyTable1 CP MUXforspeciesTable CP speciesTableEnzyme1 \
      CP MUXforspeciesTableIndi2 CP MUXforupdatespecies2_c CP StoichioEnzyme \
      CP speciesTablecopy2 CP MUXforspeciesTable2 CP speciesTableenzyme2 \
      CP memintdimmerEnzyme
FL C:/NOC11/TestswithLeon4/LEONGILL/memsubsystemfinalNRMFRM4X_2.vhd 2011/11/15.09:26:59 J.40
EN work/memsubsystemfinalNRMFRM4X_2 1321342117 \
      FL C:/NOC11/TestswithLeon4/LEONGILL/memsubsystemfinalNRMFRM4X_2.vhd \
      PB ieee/std_logic_1164 1192821031 PB ieee/std_logic_arith 1192821032 \
      PB ieee/STD_LOGIC_UNSIGNED 1192821033 LB UNISIM PH unisim/VCOMPONENTS 1194566982
AR work/memsubsystemfinalNRMFRM4X_2/Behavioral 1321342118 \
      FL C:/NOC11/TestswithLeon4/LEONGILL/memsubsystemfinalNRMFRM4X_2.vhd \
      EN work/memsubsystemfinalNRMFRM4X_2 1321342117 CP FixaddrssDG \
      CP FixaddrssDG2 CP Dependency_graph CP DG2 CP MUXDGNRM CP FSMforNRMFRM4X \
      CP MUXforpointersRama1 CP MUXpointerRam2 CP RTBIOMODEL189 CP AND2 \
      CP speciescoppyTable1 CP MUXforspeciesTable CP speciesTablebiomd189 \
      CP MUXforspeciesTableIndi2 CP MUXforupdatespecies2_c CP STOICHIOBIOMD189 \
      CP speciesTablecopy2 CP MUXforspeciesTable2 CP speciesTablebiomd189_2 \
      CP memintdimer189
FL C:/NOC11/TestswithLeon4/LEONGILL/memsubsystemFRM2xparam.vhd 2011/11/15.16:04:51 J.40
EN work/memsubsystemFRM2xparam 1321367355 \
      FL C:/NOC11/TestswithLeon4/LEONGILL/memsubsystemFRM2xparam.vhd \
      PB ieee/std_logic_1164 1192821031 PB ieee/std_logic_arith 1192821032 \
      PB ieee/STD_LOGIC_UNSIGNED 1192821033 LB UNISIM PH unisim/VCOMPONENTS 1194566982
AR work/memsubsystemFRM2xparam/Behavioral 1321367356 \
      FL C:/NOC11/TestswithLeon4/LEONGILL/memsubsystemFRM2xparam.vhd \
      EN work/memsubsystemFRM2xparam 1321367355 CP UARTDDRFSM \
      CP MUXforpointersRama1 CP MUXpointerRam2 CP RTBIOMD189param CP AND2 \
      CP speciescopyTableFRM2X CP MUXforspeciesTable CP speciesTableBIOMD1891param \
      CP MUXforspeciesTableIndi2 CP MUXforupdatespecies2_c \
      CP STOICHIOBIOMD189param CP speciescopyTableFRM2X_2 CP MUXforspeciesTable2 \
      CP speciesTableBIOMD1892param CP memintdimer189param
FL C:/NOC11/TestswithLeon4/LEONGILL/minuslnx.vhd 2011/10/26.07:11:09 J.40
EN work/minuslnx 1321367297 FL C:/NOC11/TestswithLeon4/LEONGILL/minuslnx.vhd \
      PB ieee/std_logic_1164 1192821031
AR work/minuslnx/minuslnx_a 1321367298 \
      FL C:/NOC11/TestswithLeon4/LEONGILL/minuslnx.vhd EN work/minuslnx 1321367297
FL C:/NOC11/TestswithLeon4/LEONGILL/MUXDGNRM.vhd 2011/09/10.21:28:20 J.40
EN work/MUXDGNRM 1321342083 FL C:/NOC11/TestswithLeon4/LEONGILL/MUXDGNRM.vhd \
      PB ieee/std_logic_1164 1192821031 PB ieee/std_logic_arith 1192821032 \
      PB ieee/STD_LOGIC_UNSIGNED 1192821033
AR work/MUXDGNRM/Behavioral 1321342084 \
      FL C:/NOC11/TestswithLeon4/LEONGILL/MUXDGNRM.vhd EN work/MUXDGNRM 1321342083
FL C:/NOC11/TestswithLeon4/LEONGILL/MUXforcmpaddress.vhd 2011/09/21.08:33:03 J.40
EN work/MUXforcmpaddress 1321342071 \
      FL C:/NOC11/TestswithLeon4/LEONGILL/MUXforcmpaddress.vhd \
      PB ieee/std_logic_1164 1192821031 PB ieee/std_logic_arith 1192821032 \
      PB ieee/STD_LOGIC_UNSIGNED 1192821033
AR work/MUXforcmpaddress/Behavioral 1321342072 \
      FL C:/NOC11/TestswithLeon4/LEONGILL/MUXforcmpaddress.vhd \
      EN work/MUXforcmpaddress 1321342071
FL C:/NOC11/TestswithLeon4/LEONGILL/MUXforNRMPQ.vhd 2011/09/09.13:27:04 J.40
EN work/MUXforNRMPQ 1321342069 \
      FL C:/NOC11/TestswithLeon4/LEONGILL/MUXforNRMPQ.vhd PB ieee/std_logic_1164 1192821031 \
      PB ieee/std_logic_arith 1192821032 PB ieee/STD_LOGIC_UNSIGNED 1192821033
AR work/MUXforNRMPQ/Behavioral 1321342070 \
      FL C:/NOC11/TestswithLeon4/LEONGILL/MUXforNRMPQ.vhd EN work/MUXforNRMPQ 1321342069
FL C:/NOC11/TestswithLeon4/LEONGILL/MUXforpointersRama1.vhd 2011/08/29.18:15:28 J.40
EN work/MUXforpointersRama1 1321377905 \
      FL C:/NOC11/TestswithLeon4/LEONGILL/MUXforpointersRama1.vhd \
      PB ieee/std_logic_1164 1192821031 PB ieee/std_logic_arith 1192821032 \
      PB ieee/STD_LOGIC_UNSIGNED 1192821033
AR work/MUXforpointersRama1/Behavioral 1321377906 \
      FL C:/NOC11/TestswithLeon4/LEONGILL/MUXforpointersRama1.vhd \
      EN work/MUXforpointersRama1 1321377905
FL C:/NOC11/TestswithLeon4/LEONGILL/MUxforrepeat.vhd 2011/11/15.13:57:00 J.40
EN work/MUxforrepeat 1321367311 \
      FL C:/NOC11/TestswithLeon4/LEONGILL/MUxforrepeat.vhd PB ieee/std_logic_1164 1192821031 \
      PB ieee/std_logic_arith 1192821032 PB ieee/STD_LOGIC_UNSIGNED 1192821033
AR work/MUxforrepeat/Behavioral 1321367312 \
      FL C:/NOC11/TestswithLeon4/LEONGILL/MUxforrepeat.vhd EN work/MUxforrepeat 1321367311
FL C:/NOC11/TestswithLeon4/LEONGILL/Muxforrepeat2.vhd 2011/11/15.16:59:45 J.40
EN work/MUxforrepeat2 1321377887 \
      FL C:/NOC11/TestswithLeon4/LEONGILL/Muxforrepeat2.vhd \
      PB ieee/std_logic_1164 1192821031 PB ieee/std_logic_arith 1192821032 \
      PB ieee/STD_LOGIC_UNSIGNED 1192821033
AR work/MUxforrepeat2/Behavioral 1321377888 \
      FL C:/NOC11/TestswithLeon4/LEONGILL/Muxforrepeat2.vhd EN work/MUxforrepeat2 1321377887
FL C:/NOC11/TestswithLeon4/LEONGILL/MUXforspeciesTable.vhd 2011/11/15.09:18:18 J.40
EN work/MUXforspeciesTable 1321377911 \
      FL C:/NOC11/TestswithLeon4/LEONGILL/MUXforspeciesTable.vhd \
      PB ieee/std_logic_1164 1192821031 PB ieee/std_logic_arith 1192821032 \
      PB ieee/STD_LOGIC_UNSIGNED 1192821033
AR work/MUXforspeciesTable/Behavioral 1321377912 \
      FL C:/NOC11/TestswithLeon4/LEONGILL/MUXforspeciesTable.vhd \
      EN work/MUXforspeciesTable 1321377911
FL C:/NOC11/TestswithLeon4/LEONGILL/MUXforspeciesTable2.vhd 2011/11/15.09:06:30 J.40
EN work/MUXforspeciesTable2 1321367345 \
      FL C:/NOC11/TestswithLeon4/LEONGILL/MUXforspeciesTable2.vhd \
      PB ieee/std_logic_1164 1192821031 PB ieee/std_logic_arith 1192821032 \
      PB ieee/STD_LOGIC_UNSIGNED 1192821033
AR work/MUXforspeciesTable2/Behavioral 1321367346 \
      FL C:/NOC11/TestswithLeon4/LEONGILL/MUXforspeciesTable2.vhd \
      EN work/MUXforspeciesTable2 1321367345
FL C:/NOC11/TestswithLeon4/LEONGILL/MUXforspeciesTableIndi2.vhd 2011/08/29.15:48:51 J.40
EN work/MUXforspeciesTableIndi2 1321367337 \
      FL C:/NOC11/TestswithLeon4/LEONGILL/MUXforspeciesTableIndi2.vhd \
      PB ieee/std_logic_1164 1192821031 PB ieee/std_logic_arith 1192821032 \
      PB ieee/STD_LOGIC_UNSIGNED 1192821033
AR work/MUXforspeciesTableIndi2/Behavioral 1321367338 \
      FL C:/NOC11/TestswithLeon4/LEONGILL/MUXforspeciesTableIndi2.vhd \
      EN work/MUXforspeciesTableIndi2 1321367337
FL C:/NOC11/TestswithLeon4/LEONGILL/MUXforUart1.vhd 2011/08/29.18:27:09 J.40
EN work/MUXforUart1 1321367365 \
      FL C:/NOC11/TestswithLeon4/LEONGILL/MUXforUart1.vhd PB ieee/std_logic_1164 1192821031 \
      PB ieee/std_logic_arith 1192821032 PB ieee/STD_LOGIC_UNSIGNED 1192821033
AR work/MUXforUart1/Behavioral 1321367366 \
      FL C:/NOC11/TestswithLeon4/LEONGILL/MUXforUart1.vhd EN work/MUXforUart1 1321367365
FL C:/NOC11/TestswithLeon4/LEONGILL/MUXforupdatespecies2_c.vhd 2011/08/29.16:49:40 J.40
EN work/MUXforupdatespecies2_c 1321367339 \
      FL C:/NOC11/TestswithLeon4/LEONGILL/MUXforupdatespecies2_c.vhd \
      PB ieee/std_logic_1164 1192821031 PB ieee/std_logic_arith 1192821032 \
      PB ieee/STD_LOGIC_UNSIGNED 1192821033
AR work/MUXforupdatespecies2_c/Behavioral 1321367340 \
      FL C:/NOC11/TestswithLeon4/LEONGILL/MUXforupdatespecies2_c.vhd \
      EN work/MUXforupdatespecies2_c 1321367339
FL C:/NOC11/TestswithLeon4/LEONGILL/MUXGPIO.vhd 2011/10/13.08:14:41 J.40
EN work/MUXGPIO 1321377927 FL C:/NOC11/TestswithLeon4/LEONGILL/MUXGPIO.vhd \
      PB ieee/std_logic_1164 1192821031 PB ieee/std_logic_arith 1192821032 \
      PB ieee/STD_LOGIC_UNSIGNED 1192821033
AR work/MUXGPIO/Behavioral 1321377928 \
      FL C:/NOC11/TestswithLeon4/LEONGILL/MUXGPIO.vhd EN work/MUXGPIO 1321377927
FL C:/NOC11/TestswithLeon4/LEONGILL/MUXGPIO4.vhd 2011/10/22.15:14:49 J.40
EN work/MUXGPIO4 1321362249 FL C:/NOC11/TestswithLeon4/LEONGILL/MUXGPIO4.vhd \
      PB ieee/std_logic_1164 1192821031 PB ieee/std_logic_arith 1192821032 \
      PB ieee/STD_LOGIC_UNSIGNED 1192821033
AR work/MUXGPIO4/Behavioral 1321362250 \
      FL C:/NOC11/TestswithLeon4/LEONGILL/MUXGPIO4.vhd EN work/MUXGPIO4 1321362249
FL C:/NOC11/TestswithLeon4/LEONGILL/MUXPEint3.vhd 2011/08/29.15:36:26 J.40
EN work/MUXPEint3 1321377897 FL C:/NOC11/TestswithLeon4/LEONGILL/MUXPEint3.vhd \
      PB ieee/std_logic_1164 1192821031 PB ieee/std_logic_arith 1192821032 \
      PB ieee/STD_LOGIC_UNSIGNED 1192821033
AR work/MUXPEint3/Behavioral 1321377898 \
      FL C:/NOC11/TestswithLeon4/LEONGILL/MUXPEint3.vhd EN work/MUXPEint3 1321377897
FL C:/NOC11/TestswithLeon4/LEONGILL/MUXPEintdimer2.vhd 2011/08/29.17:20:58 J.40
EN work/MUXPEintdimer2 1321377899 \
      FL C:/NOC11/TestswithLeon4/LEONGILL/MUXPEintdimer2.vhd \
      PB ieee/std_logic_1164 1192821031 PB ieee/std_logic_arith 1192821032 \
      PB ieee/STD_LOGIC_UNSIGNED 1192821033
AR work/MUXPEintdimer2/Behavioral 1321377900 \
      FL C:/NOC11/TestswithLeon4/LEONGILL/MUXPEintdimer2.vhd \
      EN work/MUXPEintdimer2 1321377899
FL C:/NOC11/TestswithLeon4/LEONGILL/MUXpointerRam2.vhd 2011/08/29.16:05:30 J.40
EN work/MUXpointerRam2 1321367327 \
      FL C:/NOC11/TestswithLeon4/LEONGILL/MUXpointerRam2.vhd \
      PB ieee/std_logic_1164 1192821031 PB ieee/std_logic_arith 1192821032 \
      PB ieee/STD_LOGIC_UNSIGNED 1192821033
AR work/MUXpointerRam2/Behavioral 1321367328 \
      FL C:/NOC11/TestswithLeon4/LEONGILL/MUXpointerRam2.vhd \
      EN work/MUXpointerRam2 1321367327
FL C:/NOC11/TestswithLeon4/LEONGILL/newmultflt.vhd 2011/10/26.08:05:38 J.40
EN work/newmultflt 1321367281 FL C:/NOC11/TestswithLeon4/LEONGILL/newmultflt.vhd \
      PB ieee/std_logic_1164 1192821031
AR work/newmultflt/newmultflt_a 1321367282 \
      FL C:/NOC11/TestswithLeon4/LEONGILL/newmultflt.vhd EN work/newmultflt 1321367281
FL C:/NOC11/TestswithLeon4/LEONGILL/patterngen2.vhd 2011/09/16.15:36:28 J.40
EN work/patterngen2 1321377889 \
      FL C:/NOC11/TestswithLeon4/LEONGILL/patterngen2.vhd PB ieee/std_logic_1164 1192821031 \
      PB ieee/std_logic_arith 1192821032 PB ieee/STD_LOGIC_UNSIGNED 1192821033
AR work/patterngen2/Behavioral 1321377890 \
      FL C:/NOC11/TestswithLeon4/LEONGILL/patterngen2.vhd EN work/patterngen2 1321377889 \
      CP random2gen
FL C:/NOC11/TestswithLeon4/LEONGILL/PE5.vhd 2011/09/24.08:16:44 J.40
EN work/PE5 1321377917 FL C:/NOC11/TestswithLeon4/LEONGILL/PE5.vhd \
      PB ieee/std_logic_1164 1192821031 PH ieee/NUMERIC_STD 1192821033 LB UNISIM \
      PH unisim/VCOMPONENTS 1194566982
AR work/PE5/BEHAVIORAL 1321377918 \
      FL C:/NOC11/TestswithLeon4/LEONGILL/PE5.vhd EN work/PE5 1321377917 \
      CP addnewflt CP newmultflt CP patterngen2 CP fixtoflt CP lnxfixed CP minuslnx \
      CP FSMPE22_3 CP DFFinternalPE CP divflt2 CP MUXPEint3 CP MUXPEintdimer2 CP AND2 \
      CP cnstlatch2_2
FL C:/NOC11/TestswithLeon4/LEONGILL/PE6.vhd 2011/09/09.13:00:09 J.40
EN work/PE6 1321342059 FL C:/NOC11/TestswithLeon4/LEONGILL/PE6.vhd \
      PB ieee/std_logic_1164 1192821031 PH ieee/NUMERIC_STD 1192821033 LB UNISIM \
      PH unisim/VCOMPONENTS 1194566982
AR work/PE6/BEHAVIORAL 1321342060 \
      FL C:/NOC11/TestswithLeon4/LEONGILL/PE6.vhd EN work/PE6 1321342059 \
      CP addnewflt CP newmultflt CP patterngen2 CP fixtoflt CP lnxfixed CP minuslnx \
      CP FSMPE22_3 CP DFFinternalPE CP divflt2 CP MUXPEint3 CP MUXPEintdimer2 CP AND2 \
      CP cnstlatch2_2
FL C:/NOC11/TestswithLeon4/LEONGILL/PQ.vhd 2011/08/29.18:15:23 J.40
EN work/PQ 1321342061 FL C:/NOC11/TestswithLeon4/LEONGILL/PQ.vhd \
      PB ieee/std_logic_1164 1192821031 PB ieee/std_logic_arith 1192821032 \
      PB ieee/STD_LOGIC_UNSIGNED 1192821033
AR work/PQ/syn 1321342062 \
      FL C:/NOC11/TestswithLeon4/LEONGILL/PQ.vhd EN work/PQ 1321342061
FL C:/NOC11/TestswithLeon4/LEONGILL/random2gen.vhd 2011/11/14.21:39:04 J.40
EN work/random2gen 1321377885 FL C:/NOC11/TestswithLeon4/LEONGILL/random2gen.vhd \
      PB ieee/std_logic_1164 1192821031 PB ieee/std_logic_arith 1192821032 \
      PB ieee/STD_LOGIC_UNSIGNED 1192821033
AR work/random2gen/Behavioral 1321377886 \
      FL C:/NOC11/TestswithLeon4/LEONGILL/random2gen.vhd EN work/random2gen 1321377885
FL C:/NOC11/TestswithLeon4/LEONGILL/RTBIOMD189param.vhd 2011/10/16.06:22:24 J.40
EN work/RTBIOMD189param 1321367329 \
      FL C:/NOC11/TestswithLeon4/LEONGILL/RTBIOMD189param.vhd \
      PB ieee/std_logic_1164 1192821031 PB ieee/std_logic_arith 1192821032 \
      PB ieee/STD_LOGIC_UNSIGNED 1192821033
AR work/RTBIOMD189param/Behavioral 1321367330 \
      FL C:/NOC11/TestswithLeon4/LEONGILL/RTBIOMD189param.vhd \
      EN work/RTBIOMD189param 1321367329
FL C:/NOC11/TestswithLeon4/LEONGILL/rtbiomod189.vhd 2011/09/20.19:10:40 J.40
EN work/RTBIOMODEL189 1321342091 \
      FL C:/NOC11/TestswithLeon4/LEONGILL/rtbiomod189.vhd PB ieee/std_logic_1164 1192821031 \
      PB ieee/std_logic_arith 1192821032 PB ieee/STD_LOGIC_UNSIGNED 1192821033
AR work/RTBIOMODEL189/Behavioral 1321342092 \
      FL C:/NOC11/TestswithLeon4/LEONGILL/rtbiomod189.vhd EN work/RTBIOMODEL189 1321342091
FL C:/NOC11/TestswithLeon4/LEONGILL/simpleFRM_NRM4X_DSP.vhd 2011/10/23.17:33:01 J.40
EN work/simpleFRM_NRM4X_DSP 1321342119 \
      FL C:/NOC11/TestswithLeon4/LEONGILL/simpleFRM_NRM4X_DSP.vhd \
      PB ieee/std_logic_1164 1192821031 PB ieee/std_logic_arith 1192821032 \
      PB ieee/STD_LOGIC_UNSIGNED 1192821033 LB UNISIM PH unisim/VCOMPONENTS 1194566982
AR work/simpleFRM_NRM4X_DSP/Behavioral 1321342120 \
      FL C:/NOC11/TestswithLeon4/LEONGILL/simpleFRM_NRM4X_DSP.vhd \
      EN work/simpleFRM_NRM4X_DSP 1321342119 CP PE6 CP PQ CP OR2 CP FSM7new \
      CP DFFsignal CP AND4 CP addnewflt CP addingnewflt CP MUXforNRMPQ \
      CP MUXforcmpaddress CP find8min512
FL C:/NOC11/TestswithLeon4/LEONGILL/speciescoppyTable1.vhd 2011/11/15.09:15:11 J.40
EN work/speciescoppyTable1 1321362227 \
      FL C:/NOC11/TestswithLeon4/LEONGILL/speciescoppyTable1.vhd \
      PB ieee/std_logic_1164 1192821031 PB ieee/std_logic_arith 1192821032 \
      PB ieee/STD_LOGIC_UNSIGNED 1192821033
AR work/speciescoppyTable1/Behavioral 1321362228 \
      FL C:/NOC11/TestswithLeon4/LEONGILL/speciescoppyTable1.vhd \
      EN work/speciescoppyTable1 1321362227
FL C:/NOC11/TestswithLeon4/LEONGILL/speciescoppyTableFRM1X.vhd 2011/11/15.14:15:14 J.40
EN work/speciescoppyTableFRM1X 1321377909 \
      FL C:/NOC11/TestswithLeon4/LEONGILL/speciescoppyTableFRM1X.vhd \
      PB ieee/std_logic_1164 1192821031 PB ieee/std_logic_arith 1192821032 \
      PB ieee/STD_LOGIC_UNSIGNED 1192821033
AR work/speciescoppyTableFRM1X/Behavioral 1321377910 \
      FL C:/NOC11/TestswithLeon4/LEONGILL/speciescoppyTableFRM1X.vhd \
      EN work/speciescoppyTableFRM1X 1321377909
FL C:/NOC11/TestswithLeon4/LEONGILL/speciescopyTableFRM2X.vhd 2011/11/15.16:01:17 J.40
EN work/speciescopyTableFRM2X 1321367331 \
      FL C:/NOC11/TestswithLeon4/LEONGILL/speciescopyTableFRM2X.vhd \
      PB ieee/std_logic_1164 1192821031 PB ieee/std_logic_arith 1192821032 \
      PB ieee/STD_LOGIC_UNSIGNED 1192821033
AR work/speciescopyTableFRM2X/Behavioral 1321367332 \
      FL C:/NOC11/TestswithLeon4/LEONGILL/speciescopyTableFRM2X.vhd \
      EN work/speciescopyTableFRM2X 1321367331
FL C:/NOC11/TestswithLeon4/LEONGILL/speciescopyTableFRM2X_2.vhd 2011/11/15.16:01:18 J.40
EN work/speciescopyTableFRM2X_2 1321367343 \
      FL C:/NOC11/TestswithLeon4/LEONGILL/speciescopyTableFRM2X_2.vhd \
      PB ieee/std_logic_1164 1192821031 PB ieee/std_logic_arith 1192821032 \
      PB ieee/STD_LOGIC_UNSIGNED 1192821033
AR work/speciescopyTableFRM2X_2/Behavioral 1321367344 \
      FL C:/NOC11/TestswithLeon4/LEONGILL/speciescopyTableFRM2X_2.vhd \
      EN work/speciescopyTableFRM2X_2 1321367343
FL C:/NOC11/TestswithLeon4/LEONGILL/speciesTable1.vhd 2011/11/06.17:37:48 J.40
EN work/speciesTable1 1321377913 \
      FL C:/NOC11/TestswithLeon4/LEONGILL/speciesTable1.vhd \
      PB ieee/std_logic_1164 1192821031 PB ieee/std_logic_arith 1192821032 \
      PB ieee/STD_LOGIC_UNSIGNED 1192821033
AR work/speciesTable1/Behavioral 1321377914 \
      FL C:/NOC11/TestswithLeon4/LEONGILL/speciesTable1.vhd EN work/speciesTable1 1321377913
FL C:/NOC11/TestswithLeon4/LEONGILL/speciesTablebiomd189.vhd 2011/11/15.08:58:41 J.40
EN work/speciesTablebiomd189 1321342097 \
      FL C:/NOC11/TestswithLeon4/LEONGILL/speciesTablebiomd189.vhd \
      PB ieee/std_logic_1164 1192821031 PB ieee/std_logic_arith 1192821032 \
      PB ieee/STD_LOGIC_UNSIGNED 1192821033
AR work/speciesTablebiomd189/Behavioral 1321342098 \
      FL C:/NOC11/TestswithLeon4/LEONGILL/speciesTablebiomd189.vhd \
      EN work/speciesTablebiomd189 1321342097
FL C:/NOC11/TestswithLeon4/LEONGILL/speciesTablebiomd189_2.vhd 2011/11/15.08:58:41 J.40
EN work/speciesTablebiomd189_2 1321342109 \
      FL C:/NOC11/TestswithLeon4/LEONGILL/speciesTablebiomd189_2.vhd \
      PB ieee/std_logic_1164 1192821031 PB ieee/std_logic_arith 1192821032 \
      PB ieee/STD_LOGIC_UNSIGNED 1192821033
AR work/speciesTablebiomd189_2/Behavioral 1321342110 \
      FL C:/NOC11/TestswithLeon4/LEONGILL/speciesTablebiomd189_2.vhd \
      EN work/speciesTablebiomd189_2 1321342109
FL C:/NOC11/TestswithLeon4/LEONGILL/speciesTablecopy2.vhd 2011/11/15.09:15:11 J.40
EN work/speciesTablecopy2 1321362239 \
      FL C:/NOC11/TestswithLeon4/LEONGILL/speciesTablecopy2.vhd \
      PB ieee/std_logic_1164 1192821031 PB ieee/std_logic_arith 1192821032 \
      PB ieee/STD_LOGIC_UNSIGNED 1192821033
AR work/speciesTablecopy2/Behavioral 1321362240 \
      FL C:/NOC11/TestswithLeon4/LEONGILL/speciesTablecopy2.vhd \
      EN work/speciesTablecopy2 1321362239
FL C:/NOC11/TestswithLeon4/LEONGILL/speciesTableEnzyme1.vhd 2011/10/28.06:30:08 J.40
EN work/speciesTableEnzyme1 1321362231 \
      FL C:/NOC11/TestswithLeon4/LEONGILL/speciesTableEnzyme1.vhd \
      PB ieee/std_logic_1164 1192821031 PB ieee/std_logic_arith 1192821032 \
      PB ieee/STD_LOGIC_UNSIGNED 1192821033
AR work/speciesTableEnzyme1/Behavioral 1321362232 \
      FL C:/NOC11/TestswithLeon4/LEONGILL/speciesTableEnzyme1.vhd \
      EN work/speciesTableEnzyme1 1321362231
FL C:/NOC11/TestswithLeon4/LEONGILL/speciesTableenzyme2.vhd 2011/10/28.06:39:40 J.40
EN work/speciesTableenzyme2 1321362243 \
      FL C:/NOC11/TestswithLeon4/LEONGILL/speciesTableenzyme2.vhd \
      PB ieee/std_logic_1164 1192821031 PB ieee/std_logic_arith 1192821032 \
      PB ieee/STD_LOGIC_UNSIGNED 1192821033
AR work/speciesTableenzyme2/Behavioral 1321362244 \
      FL C:/NOC11/TestswithLeon4/LEONGILL/speciesTableenzyme2.vhd \
      EN work/speciesTableenzyme2 1321362243
FL C:/NOC11/TestswithLeon4/LEONGILL/speciesTableLOTKA_VOLTERA1param.vhd 2011/10/16.06:28:37 J.40
EN work/speciesTableBIOMD1891param 1321367335 \
      FL C:/NOC11/TestswithLeon4/LEONGILL/speciesTableLOTKA_VOLTERA1param.vhd \
      PB ieee/std_logic_1164 1192821031 PB ieee/std_logic_arith 1192821032 \
      PB ieee/STD_LOGIC_UNSIGNED 1192821033
AR work/speciesTableBIOMD1891param/Behavioral 1321367336 \
      FL C:/NOC11/TestswithLeon4/LEONGILL/speciesTableLOTKA_VOLTERA1param.vhd \
      EN work/speciesTableBIOMD1891param 1321367335
FL C:/NOC11/TestswithLeon4/LEONGILL/speciesTableLOTKA_VOLTERA2param.vhd 2011/10/16.06:30:04 J.40
EN work/speciesTableBIOMD1892param 1321367347 \
      FL C:/NOC11/TestswithLeon4/LEONGILL/speciesTableLOTKA_VOLTERA2param.vhd \
      PB ieee/std_logic_1164 1192821031 PB ieee/std_logic_arith 1192821032 \
      PB ieee/STD_LOGIC_UNSIGNED 1192821033
AR work/speciesTableBIOMD1892param/Behavioral 1321367348 \
      FL C:/NOC11/TestswithLeon4/LEONGILL/speciesTableLOTKA_VOLTERA2param.vhd \
      EN work/speciesTableBIOMD1892param 1321367347
FL C:/NOC11/TestswithLeon4/LEONGILL/stoichiobiomd189.vhd 2011/09/16.09:56:10 J.40
EN work/STOICHIOBIOMD189 1321342103 \
      FL C:/NOC11/TestswithLeon4/LEONGILL/stoichiobiomd189.vhd \
      PB ieee/std_logic_1164 1192821031 PB ieee/std_logic_arith 1192821032 \
      PB ieee/STD_LOGIC_UNSIGNED 1192821033
AR work/STOICHIOBIOMD189/Behavioral 1321342104 \
      FL C:/NOC11/TestswithLeon4/LEONGILL/stoichiobiomd189.vhd \
      EN work/STOICHIOBIOMD189 1321342103
FL C:/NOC11/TestswithLeon4/LEONGILL/STOICHIOBIOMD189param.vhd 2011/10/16.06:22:25 J.40
EN work/STOICHIOBIOMD189param 1321367341 \
      FL C:/NOC11/TestswithLeon4/LEONGILL/STOICHIOBIOMD189param.vhd \
      PB ieee/std_logic_1164 1192821031 PB ieee/std_logic_arith 1192821032 \
      PB ieee/STD_LOGIC_UNSIGNED 1192821033
AR work/STOICHIOBIOMD189param/Behavioral 1321367342 \
      FL C:/NOC11/TestswithLeon4/LEONGILL/STOICHIOBIOMD189param.vhd \
      EN work/STOICHIOBIOMD189param 1321367341
FL C:/NOC11/TestswithLeon4/LEONGILL/StoichioEnzyme.vhd 2011/10/28.06:22:54 J.40
EN work/StoichioEnzyme 1321362237 \
      FL C:/NOC11/TestswithLeon4/LEONGILL/StoichioEnzyme.vhd \
      PB ieee/std_logic_1164 1192821031 PB ieee/std_logic_arith 1192821032 \
      PB ieee/STD_LOGIC_UNSIGNED 1192821033
AR work/StoichioEnzyme/Behavioral 1321362238 \
      FL C:/NOC11/TestswithLeon4/LEONGILL/StoichioEnzyme.vhd \
      EN work/StoichioEnzyme 1321362237
FL C:/NOC11/TestswithLeon4/LEONGILL/subnewflt.vhd 2011/10/26.07:58:52 J.40
EN work/subnewflt 1321367285 FL C:/NOC11/TestswithLeon4/LEONGILL/subnewflt.vhd \
      PB ieee/std_logic_1164 1192821031
AR work/subnewflt/subnewflt_a 1321367286 \
      FL C:/NOC11/TestswithLeon4/LEONGILL/subnewflt.vhd EN work/subnewflt 1321367285
FL C:/NOC11/TestswithLeon4/LEONGILL/TestconectionwithLeon.vhd 2011/11/01.20:06:20 J.40
EN work/TestconectionwithLeon 1321359390 \
      FL C:/NOC11/TestswithLeon4/LEONGILL/TestconectionwithLeon.vhd \
      PB ieee/std_logic_1164 1192821031 PB ieee/std_logic_arith 1192821032 \
      PB ieee/STD_LOGIC_UNSIGNED 1192821033
AR work/TestconectionwithLeon/Behavioral 1321359391 \
      FL C:/NOC11/TestswithLeon4/LEONGILL/TestconectionwithLeon.vhd \
      EN work/TestconectionwithLeon 1321359390 CP FRM1XforLEONparam CP Test_myFSM \
      CP FSMintforsending
FL C:/NOC11/TestswithLeon4/LEONGILL/TestconectionwithLeon4.vhd 2011/10/13.07:56:52 J.40
EN work/TestconectionwithLeon4 1321342139 \
      FL C:/NOC11/TestswithLeon4/LEONGILL/TestconectionwithLeon4.vhd \
      PB ieee/std_logic_1164 1192821031 PB ieee/std_logic_arith 1192821032 \
      PB ieee/STD_LOGIC_UNSIGNED 1192821033
AR work/TestconectionwithLeon4/Behavioral 1321342140 \
      FL C:/NOC11/TestswithLeon4/LEONGILL/TestconectionwithLeon4.vhd \
      EN work/TestconectionwithLeon4 1321342139 CP LEONplusFRM4XNRM4X_2 \
      CP Test_myFSM CP FSMintforsending
FL C:/NOC11/TestswithLeon4/LEONGILL/TestconectionwithLeonFRM1Xparam.vhd 2011/11/15.17:30:01 J.40
EN work/TestconectionwithLeonFRM1Xparam 1321377963 \
      FL C:/NOC11/TestswithLeon4/LEONGILL/TestconectionwithLeonFRM1Xparam.vhd \
      PB ieee/std_logic_1164 1192821031 PB ieee/std_logic_arith 1192821032 \
      PB ieee/STD_LOGIC_UNSIGNED 1192821033
AR work/TestconectionwithLeonFRM1Xparam/Behavioral 1321377964 \
      FL C:/NOC11/TestswithLeon4/LEONGILL/TestconectionwithLeonFRM1Xparam.vhd \
      EN work/TestconectionwithLeonFRM1Xparam 1321377963 CP FRM1XforLEONparam2v \
      CP Test_myFSM CP FSMintforsending
FL C:/NOC11/TestswithLeon4/LEONGILL/TestconnectionwithLeonFRM2X.vhd 2011/11/15.16:26:59 J.40
EN work/TestconnectionwithLeonFRM2X 1321367323 \
      FL C:/NOC11/TestswithLeon4/LEONGILL/TestconnectionwithLeonFRM2X.vhd \
      PB ieee/std_logic_1164 1192821031 PB ieee/std_logic_arith 1192821032 \
      PB ieee/STD_LOGIC_UNSIGNED 1192821033
AR work/TestconnectionwithLeonFRM2X/Behavioral 1321367324 \
      FL C:/NOC11/TestswithLeon4/LEONGILL/TestconnectionwithLeonFRM2X.vhd \
      EN work/TestconnectionwithLeonFRM2X 1321367323 CP FRM2XforLeonparam \
      CP Test_myFSM CP FSMintforsending
FL C:/NOC11/TestswithLeon4/LEONGILL/TestQuatroconnwithLeon.vhd 2011/10/22.17:52:36 J.40
EN work/TestQuatroconnwithLeon 1321362394 \
      FL C:/NOC11/TestswithLeon4/LEONGILL/TestQuatroconnwithLeon.vhd \
      PB ieee/std_logic_1164 1192821031 PB ieee/std_logic_arith 1192821032 \
      PB ieee/STD_LOGIC_UNSIGNED 1192821033
AR work/TestQuatroconnwithLeon/Behavioral 1321362395 \
      FL C:/NOC11/TestswithLeon4/LEONGILL/TestQuatroconnwithLeon.vhd \
      EN work/TestQuatroconnwithLeon 1321362394 CP FRM4XQuatroConnect \
      CP Test_myFSM CP FSMintforsending
FL C:/NOC11/TestswithLeon4/LEONGILL/Test_myFSM.vhd 2011/09/25.09:47:10 J.40
EN work/Test_myFSM 1321377933 FL C:/NOC11/TestswithLeon4/LEONGILL/Test_myFSM.vhd \
      PB ieee/std_logic_1164 1192821031 PB ieee/std_logic_arith 1192821032
AR work/Test_myFSM/Test_myFSM 1321377934 \
      FL C:/NOC11/TestswithLeon4/LEONGILL/Test_myFSM.vhd EN work/Test_myFSM 1321377933
FL C:/NOC11/TestswithLeon4/LEONGILL/UARTDDRFSM.vhd 2011/11/15.16:13:28 J.40
EN work/UARTDDRFSM 1321377903 FL C:/NOC11/TestswithLeon4/LEONGILL/UARTDDRFSM.vhd \
      PB ieee/std_logic_1164 1192821031 PB ieee/std_logic_arith 1192821032 \
      PB ieee/STD_LOGIC_UNSIGNED 1192821033
AR work/UARTDDRFSM/Behavioral 1321377904 \
      FL C:/NOC11/TestswithLeon4/LEONGILL/UARTDDRFSM.vhd EN work/UARTDDRFSM 1321377903
