EN ahbjtag NULL /home/SysPy_test/SysPy_ver/Python_script/paramsocs/Leon3_comps_Gill_top/Leon3_comps/libs/gaisler/jtag/ahbjtag.vhd sub01/vhpl121 1369068561
AR mfpwx rtl /home/SysPy_test/SysPy_ver/Python_script/paramsocs/Leon3_comps_Gill_top/Leon3_comps/libs/gaisler/leon3/mfpwx.vhd sub00/vhpl79 1369068494
EN greth NULL /home/SysPy_test/SysPy_ver/Python_script/paramsocs/Leon3_comps_Gill_top/Leon3_comps/libs/gaisler/greth/greth.vhd sub00/vhpl60 1369068475
EN ddr2spax NULL /home/SysPy_test/SysPy_ver/Python_script/paramsocs/Leon3_comps_Gill_top/Leon3_comps/libs/gaisler/ddr/ddr2spax.vhd sub00/vhpl58 1369068473
EN dcom NULL /home/SysPy_test/SysPy_ver/Python_script/paramsocs/Leon3_comps_Gill_top/Leon3_comps/libs/gaisler/uart/dcom.vhd sub00/vhpl87 1369068505
PH libdcom NULL /home/SysPy_test/SysPy_ver/Python_script/paramsocs/Leon3_comps_Gill_top/Leon3_comps/libs/gaisler/uart/libdcom.vhd sub00/vhpl53 1369068458
EN sdmctrl NULL /home/SysPy_test/SysPy_ver/Python_script/paramsocs/Leon3_comps_Gill_top/Leon3_comps/libs/gaisler/memctrl/sdmctrl.vhd sub00/vhpl89 1369068529
PH mmuiface NULL /home/SysPy_test/SysPy_ver/Python_script/paramsocs/Leon3_comps_Gill_top/Leon3_comps/libs/gaisler/leon3/mmuiface.vhd sub00/vhpl05 1369068395
AR charrom rtl /home/SysPy_test/SysPy_ver/Python_script/paramsocs/Leon3_comps_Gill_top/Leon3_comps/libs/gaisler/misc/charrom.vhd sub00/vhpl84 1369068499
PH arith NULL /home/SysPy_test/SysPy_ver/Python_script/paramsocs/Leon3_comps_Gill_top/Leon3_comps/libs/gaisler/arith/arith.vhd sub00/vhpl02 1369068392
AR dcom_uart rtl /home/SysPy_test/SysPy_ver/Python_script/paramsocs/Leon3_comps_Gill_top/Leon3_comps/libs/gaisler/uart/dcom_uart.vhd sub00/vhpl86 1369068504
AR grgpio rtl /home/SysPy_test/SysPy_ver/Python_script/paramsocs/Leon3_comps_Gill_top/Leon3_comps/libs/gaisler/misc/grgpio.vhd sub01/vhpl102 1369068542
AR i2cmst rtl /home/SysPy_test/SysPy_ver/Python_script/paramsocs/Leon3_comps_Gill_top/Leon3_comps/libs/gaisler/misc/i2cmst.vhd sub01/vhpl100 1369068540
PB libmmu libmmu /home/SysPy_test/SysPy_ver/Python_script/paramsocs/Leon3_comps_Gill_top/Leon3_comps/libs/gaisler/leon3/libmmu.vhd sub00/vhpl11 1369068401
AR cachemem rtl /home/SysPy_test/SysPy_ver/Python_script/paramsocs/Leon3_comps_Gill_top/Leon3_comps/libs/gaisler/leon3/cachemem.vhd sub00/vhpl75 1369068490
AR grfpwx rtl /home/SysPy_test/SysPy_ver/Python_script/paramsocs/Leon3_comps_Gill_top/Leon3_comps/libs/gaisler/leon3/grfpwx.vhd sub00/vhpl77 1369068492
EN mmu_acache NULL /home/SysPy_test/SysPy_ver/Python_script/paramsocs/Leon3_comps_Gill_top/Leon3_comps/libs/gaisler/leon3/mmu_acache.vhd sub00/vhpl28 1369068428
PB misc misc /home/SysPy_test/SysPy_ver/Python_script/paramsocs/Leon3_comps_Gill_top/Leon3_comps/libs/gaisler/misc/misc.vhd sub00/vhpl23 1369068423
AR proc3 rtl /home/SysPy_test/SysPy_ver/Python_script/paramsocs/Leon3_comps_Gill_top/Leon3_comps/libs/gaisler/leon3/proc3.vhd sub00/vhpl73 1369068488
EN ahbuart NULL /home/SysPy_test/SysPy_ver/Python_script/paramsocs/Leon3_comps_Gill_top/Leon3_comps/libs/gaisler/uart/ahbuart.vhd sub00/vhpl93 1369068533
AR ahbjtag struct /home/SysPy_test/SysPy_ver/Python_script/paramsocs/Leon3_comps_Gill_top/Leon3_comps/libs/gaisler/jtag/ahbjtag.vhd sub01/vhpl122 1369068562
PB arith arith /home/SysPy_test/SysPy_ver/Python_script/paramsocs/Leon3_comps_Gill_top/Leon3_comps/libs/gaisler/arith/arith.vhd sub00/vhpl03 1369068393
EN gptimer NULL /home/SysPy_test/SysPy_ver/Python_script/paramsocs/Leon3_comps_Gill_top/Leon3_comps/libs/gaisler/misc/gptimer.vhd sub01/vhpl105 1369068545
AR greth_gbit rtl /home/SysPy_test/SysPy_ver/Python_script/paramsocs/Leon3_comps_Gill_top/Leon3_comps/libs/gaisler/greth/greth_gbit.vhd sub00/vhpl63 1369068478
AR ddr2spax_ddr rtl /home/SysPy_test/SysPy_ver/Python_script/paramsocs/Leon3_comps_Gill_top/Leon3_comps/libs/gaisler/ddr/ddr2spax_ddr.vhd sub00/vhpl38 1369068438
EN grfpwx NULL /home/SysPy_test/SysPy_ver/Python_script/paramsocs/Leon3_comps_Gill_top/Leon3_comps/libs/gaisler/leon3/grfpwx.vhd sub00/vhpl76 1369068491
EN mmulru NULL /home/SysPy_test/SysPy_ver/Python_script/paramsocs/Leon3_comps_Gill_top/Leon3_comps/libs/gaisler/leon3/mmulru.vhd sub00/vhpl14 1369068404
EN apbvga NULL /home/SysPy_test/SysPy_ver/Python_script/paramsocs/Leon3_comps_Gill_top/Leon3_comps/libs/gaisler/misc/apbvga.vhd sub01/vhpl107 1369068547
EN tbufmem NULL /home/SysPy_test/SysPy_ver/Python_script/paramsocs/Leon3_comps_Gill_top/Leon3_comps/libs/gaisler/leon3/tbufmem.vhd sub00/vhpl43 1369068446
PH libjtagcom NULL /home/SysPy_test/SysPy_ver/Python_script/paramsocs/Leon3_comps_Gill_top/Leon3_comps/libs/gaisler/jtag/libjtagcom.vhd sub00/vhpl42 1369068445
AR sdmctrl rtl /home/SysPy_test/SysPy_ver/Python_script/paramsocs/Leon3_comps_Gill_top/Leon3_comps/libs/gaisler/memctrl/sdmctrl.vhd sub00/vhpl90 1369068530
EN mfpwx NULL /home/SysPy_test/SysPy_ver/Python_script/paramsocs/Leon3_comps_Gill_top/Leon3_comps/libs/gaisler/leon3/mfpwx.vhd sub00/vhpl78 1369068493
AR ddr2spax_ahb rtl /home/SysPy_test/SysPy_ver/Python_script/paramsocs/Leon3_comps_Gill_top/Leon3_comps/libs/gaisler/ddr/ddr2spax_ahb.vhd sub00/vhpl36 1369068436
EN ddr2_phy NULL /home/SysPy_test/SysPy_ver/Python_script/paramsocs/Leon3_comps_Gill_top/Leon3_comps/libs/gaisler/ddr/ddr_phy.vhd sub00/vhpl56 1369068471
EN mmu_cache NULL /home/SysPy_test/SysPy_ver/Python_script/paramsocs/Leon3_comps_Gill_top/Leon3_comps/libs/gaisler/leon3/mmu_cache.vhd sub00/vhpl51 1369068454
AR mmu_cache rtl /home/SysPy_test/SysPy_ver/Python_script/paramsocs/Leon3_comps_Gill_top/Leon3_comps/libs/gaisler/leon3/mmu_cache.vhd sub00/vhpl52 1369068455
EN ddr2spax_ddr NULL /home/SysPy_test/SysPy_ver/Python_script/paramsocs/Leon3_comps_Gill_top/Leon3_comps/libs/gaisler/ddr/ddr2spax_ddr.vhd sub00/vhpl37 1369068437
EN mul32 NULL /home/SysPy_test/SysPy_ver/Python_script/paramsocs/Leon3_comps_Gill_top/Leon3_comps/libs/gaisler/arith/mul32.vhd sub00/vhpl47 1369068450
EN gracectrl NULL /home/SysPy_test/SysPy_ver/Python_script/paramsocs/Leon3_comps_Gill_top/Leon3_comps/libs/gaisler/misc/gracectrl.vhd sub01/vhpl103 1369068543
PH ethernet_mac NULL /home/SysPy_test/SysPy_ver/Python_script/paramsocs/Leon3_comps_Gill_top/Leon3_comps/libs/gaisler/greth/ethernet_mac.vhd sub00/vhpl41 1369068441
AR ahbuart struct /home/SysPy_test/SysPy_ver/Python_script/paramsocs/Leon3_comps_Gill_top/Leon3_comps/libs/gaisler/uart/ahbuart.vhd sub00/vhpl94 1369068534
AR apbvga rtl /home/SysPy_test/SysPy_ver/Python_script/paramsocs/Leon3_comps_Gill_top/Leon3_comps/libs/gaisler/misc/apbvga.vhd sub01/vhpl108 1369068548
AR mul32 rtl /home/SysPy_test/SysPy_ver/Python_script/paramsocs/Leon3_comps_Gill_top/Leon3_comps/libs/gaisler/arith/mul32.vhd sub00/vhpl48 1369068451
EN mmutw NULL /home/SysPy_test/SysPy_ver/Python_script/paramsocs/Leon3_comps_Gill_top/Leon3_comps/libs/gaisler/leon3/mmutw.vhd sub00/vhpl18 1369068412
AR cpu_disasx behav /home/SysPy_test/SysPy_ver/Python_script/paramsocs/Leon3_comps_Gill_top/Leon3_comps/libs/gaisler/leon3/cpu_disasx.vhd sub00/vhpl33 1369068433
AR dsu3x rtl /home/SysPy_test/SysPy_ver/Python_script/paramsocs/Leon3_comps_Gill_top/Leon3_comps/libs/gaisler/leon3/dsu3x.vhd sub00/vhpl70 1369068485
EN dsu3x NULL /home/SysPy_test/SysPy_ver/Python_script/paramsocs/Leon3_comps_Gill_top/Leon3_comps/libs/gaisler/leon3/dsu3x.vhd sub00/vhpl69 1369068484
PB libcache libcache /home/SysPy_test/SysPy_ver/Python_script/paramsocs/Leon3_comps_Gill_top/Leon3_comps/libs/gaisler/leon3/libcache.vhd sub00/vhpl07 1369068397
AR dsu3 rtl /home/SysPy_test/SysPy_ver/Python_script/paramsocs/Leon3_comps_Gill_top/Leon3_comps/libs/gaisler/leon3/dsu3.vhd sub01/vhpl120 1369068560
AR gracectrl rtl /home/SysPy_test/SysPy_ver/Python_script/paramsocs/Leon3_comps_Gill_top/Leon3_comps/libs/gaisler/misc/gracectrl.vhd sub01/vhpl104 1369068544
AR mmu_dcache rtl /home/SysPy_test/SysPy_ver/Python_script/paramsocs/Leon3_comps_Gill_top/Leon3_comps/libs/gaisler/leon3/mmu_dcache.vhd sub00/vhpl27 1369068427
EN grgpio NULL /home/SysPy_test/SysPy_ver/Python_script/paramsocs/Leon3_comps_Gill_top/Leon3_comps/libs/gaisler/misc/grgpio.vhd sub01/vhpl101 1369068541
PH net NULL /home/SysPy_test/SysPy_ver/Python_script/paramsocs/Leon3_comps_Gill_top/Leon3_comps/libs/gaisler/net/net.vhd sub00/vhpl21 1369068421
AR jtagcom rtl /home/SysPy_test/SysPy_ver/Python_script/paramsocs/Leon3_comps_Gill_top/Leon3_comps/libs/gaisler/jtag/jtagcom.vhd sub00/vhpl68 1369068483
AR svgactrl rtl /home/SysPy_test/SysPy_ver/Python_script/paramsocs/Leon3_comps_Gill_top/Leon3_comps/libs/gaisler/misc/svgactrl.vhd sub00/vhpl96 1369068536
PH memctrl NULL /home/SysPy_test/SysPy_ver/Python_script/paramsocs/Leon3_comps_Gill_top/Leon3_comps/libs/gaisler/memctrl/memctrl.vhd sub00/vhpl20 1369068414
AR mmutlbcam rtl /home/SysPy_test/SysPy_ver/Python_script/paramsocs/Leon3_comps_Gill_top/Leon3_comps/libs/gaisler/leon3/mmutlbcam.vhd sub00/vhpl13 1369068403
AR ahbram rtl /home/SysPy_test/SysPy_ver/Python_script/paramsocs/Leon3_comps_Gill_top/Leon3_comps/libs/gaisler/misc/ahbram.vhd sub01/vhpl114 1369068554
EN apbps2 NULL /home/SysPy_test/SysPy_ver/Python_script/paramsocs/Leon3_comps_Gill_top/Leon3_comps/libs/gaisler/misc/apbps2.vhd sub01/vhpl109 1369068549
PH libcache NULL /home/SysPy_test/SysPy_ver/Python_script/paramsocs/Leon3_comps_Gill_top/Leon3_comps/libs/gaisler/leon3/libcache.vhd sub00/vhpl06 1369068396
AR mmu_icache rtl /home/SysPy_test/SysPy_ver/Python_script/paramsocs/Leon3_comps_Gill_top/Leon3_comps/libs/gaisler/leon3/mmu_icache.vhd sub00/vhpl25 1369068425
EN mmulrue NULL /home/SysPy_test/SysPy_ver/Python_script/paramsocs/Leon3_comps_Gill_top/Leon3_comps/libs/gaisler/leon3/mmulrue.vhd sub00/vhpl08 1369068398
AR mmutw rtl /home/SysPy_test/SysPy_ver/Python_script/paramsocs/Leon3_comps_Gill_top/Leon3_comps/libs/gaisler/leon3/mmutw.vhd sub00/vhpl19 1369068413
EN mmu NULL /home/SysPy_test/SysPy_ver/Python_script/paramsocs/Leon3_comps_Gill_top/Leon3_comps/libs/gaisler/leon3/mmu.vhd sub00/vhpl30 1369068430
EN ddr_phy NULL /home/SysPy_test/SysPy_ver/Python_script/paramsocs/Leon3_comps_Gill_top/Leon3_comps/libs/gaisler/ddr/ddr_phy.vhd sub00/vhpl54 1369068469
EN ahbmst NULL /home/SysPy_test/SysPy_ver/Python_script/paramsocs/Leon3_comps_Gill_top/Leon3_comps/libs/gaisler/misc/ahbmst.vhd sub00/vhpl65 1369068480
AR iu3 rtl /home/SysPy_test/SysPy_ver/Python_script/paramsocs/Leon3_comps_Gill_top/Leon3_comps/libs/gaisler/leon3/iu3.vhd sub00/vhpl46 1369068449
AR ahbstat rtl /home/SysPy_test/SysPy_ver/Python_script/paramsocs/Leon3_comps_Gill_top/Leon3_comps/libs/gaisler/misc/ahbstat.vhd sub01/vhpl112 1369068552
AR mmu rtl /home/SysPy_test/SysPy_ver/Python_script/paramsocs/Leon3_comps_Gill_top/Leon3_comps/libs/gaisler/leon3/mmu.vhd sub00/vhpl31 1369068431
EN grlfpwx NULL /home/SysPy_test/SysPy_ver/Python_script/paramsocs/Leon3_comps_Gill_top/Leon3_comps/libs/gaisler/leon3/grlfpwx.vhd sub00/vhpl80 1369068495
AR mmutlb rtl /home/SysPy_test/SysPy_ver/Python_script/paramsocs/Leon3_comps_Gill_top/Leon3_comps/libs/gaisler/leon3/mmutlb.vhd sub00/vhpl17 1369068411
EN grethm NULL /home/SysPy_test/SysPy_ver/Python_script/paramsocs/Leon3_comps_Gill_top/Leon3_comps/libs/gaisler/greth/grethm.vhd sub01/vhpl123 1369068563
AR mmulru rtl /home/SysPy_test/SysPy_ver/Python_script/paramsocs/Leon3_comps_Gill_top/Leon3_comps/libs/gaisler/leon3/mmulru.vhd sub00/vhpl15 1369068405
EN cpu_disasx NULL /home/SysPy_test/SysPy_ver/Python_script/paramsocs/Leon3_comps_Gill_top/Leon3_comps/libs/gaisler/leon3/cpu_disasx.vhd sub00/vhpl32 1369068432
PH leon3 NULL /home/SysPy_test/SysPy_ver/Python_script/paramsocs/Leon3_comps_Gill_top/Leon3_comps/libs/gaisler/leon3/leon3.vhd sub00/vhpl01 1369068391
AR gptimer rtl /home/SysPy_test/SysPy_ver/Python_script/paramsocs/Leon3_comps_Gill_top/Leon3_comps/libs/gaisler/misc/gptimer.vhd sub01/vhpl106 1369068546
EN mmu_icache NULL /home/SysPy_test/SysPy_ver/Python_script/paramsocs/Leon3_comps_Gill_top/Leon3_comps/libs/gaisler/leon3/mmu_icache.vhd sub00/vhpl24 1369068424
AR apbps2 rtl /home/SysPy_test/SysPy_ver/Python_script/paramsocs/Leon3_comps_Gill_top/Leon3_comps/libs/gaisler/misc/apbps2.vhd sub01/vhpl110 1369068550
AR ddr2_phy rtl /home/SysPy_test/SysPy_ver/Python_script/paramsocs/Leon3_comps_Gill_top/Leon3_comps/libs/gaisler/ddr/ddr_phy.vhd sub00/vhpl57 1369068472
PH misc NULL /home/SysPy_test/SysPy_ver/Python_script/paramsocs/Leon3_comps_Gill_top/Leon3_comps/libs/gaisler/misc/misc.vhd sub00/vhpl22 1369068422
AR grethm rtl /home/SysPy_test/SysPy_ver/Python_script/paramsocs/Leon3_comps_Gill_top/Leon3_comps/libs/gaisler/greth/grethm.vhd sub01/vhpl124 1369068564
EN dcom_uart NULL /home/SysPy_test/SysPy_ver/Python_script/paramsocs/Leon3_comps_Gill_top/Leon3_comps/libs/gaisler/uart/dcom_uart.vhd sub00/vhpl85 1369068503
AR ddr2buf rtl /home/SysPy_test/SysPy_ver/Python_script/paramsocs/Leon3_comps_Gill_top/Leon3_comps/libs/gaisler/ddr/ddr2buf.vhd sub00/vhpl40 1369068440
AR leon3s rtl /home/SysPy_test/SysPy_ver/Python_script/paramsocs/Leon3_comps_Gill_top/Leon3_comps/libs/gaisler/leon3/leon3s.vhd sub01/vhpl116 1369068556
EN ahbram NULL /home/SysPy_test/SysPy_ver/Python_script/paramsocs/Leon3_comps_Gill_top/Leon3_comps/libs/gaisler/misc/ahbram.vhd sub01/vhpl113 1369068553
EN div32 NULL /home/SysPy_test/SysPy_ver/Python_script/paramsocs/Leon3_comps_Gill_top/Leon3_comps/libs/gaisler/arith/div32.vhd sub00/vhpl49 1369068452
EN apbuart NULL /home/SysPy_test/SysPy_ver/Python_script/paramsocs/Leon3_comps_Gill_top/Leon3_comps/libs/gaisler/uart/apbuart.vhd sub00/vhpl91 1369068531
EN mmu_dcache NULL /home/SysPy_test/SysPy_ver/Python_script/paramsocs/Leon3_comps_Gill_top/Leon3_comps/libs/gaisler/leon3/mmu_dcache.vhd sub00/vhpl26 1369068426
PH jtag NULL /home/SysPy_test/SysPy_ver/Python_script/paramsocs/Leon3_comps_Gill_top/Leon3_comps/libs/gaisler/jtag/jtag.vhd sub00/vhpl64 1369068479
EN proc3 NULL /home/SysPy_test/SysPy_ver/Python_script/paramsocs/Leon3_comps_Gill_top/Leon3_comps/libs/gaisler/leon3/proc3.vhd sub00/vhpl72 1369068487
AR div32 rtl /home/SysPy_test/SysPy_ver/Python_script/paramsocs/Leon3_comps_Gill_top/Leon3_comps/libs/gaisler/arith/div32.vhd sub00/vhpl50 1369068453
AR apbuart rtl /home/SysPy_test/SysPy_ver/Python_script/paramsocs/Leon3_comps_Gill_top/Leon3_comps/libs/gaisler/uart/apbuart.vhd sub00/vhpl92 1369068532
PH mmuconfig NULL /home/SysPy_test/SysPy_ver/Python_script/paramsocs/Leon3_comps_Gill_top/Leon3_comps/libs/gaisler/leon3/mmuconfig.vhd sub00/vhpl00 1369068390
AR rstgen rtl /home/SysPy_test/SysPy_ver/Python_script/paramsocs/Leon3_comps_Gill_top/Leon3_comps/libs/gaisler/misc/rstgen.vhd sub00/vhpl98 1369068538
EN greth_gbit NULL /home/SysPy_test/SysPy_ver/Python_script/paramsocs/Leon3_comps_Gill_top/Leon3_comps/libs/gaisler/greth/greth_gbit.vhd sub00/vhpl62 1369068477
PH libmmu NULL /home/SysPy_test/SysPy_ver/Python_script/paramsocs/Leon3_comps_Gill_top/Leon3_comps/libs/gaisler/leon3/libmmu.vhd sub00/vhpl10 1369068400
PH libiu NULL /home/SysPy_test/SysPy_ver/Python_script/paramsocs/Leon3_comps_Gill_top/Leon3_comps/libs/gaisler/leon3/libiu.vhd sub00/vhpl04 1369068394
PH libproc3 NULL /home/SysPy_test/SysPy_ver/Python_script/paramsocs/Leon3_comps_Gill_top/Leon3_comps/libs/gaisler/leon3/libproc3.vhd sub00/vhpl71 1369068486
EN svgactrl NULL /home/SysPy_test/SysPy_ver/Python_script/paramsocs/Leon3_comps_Gill_top/Leon3_comps/libs/gaisler/misc/svgactrl.vhd sub00/vhpl95 1369068535
AR irqmp rtl /home/SysPy_test/SysPy_ver/Python_script/paramsocs/Leon3_comps_Gill_top/Leon3_comps/libs/gaisler/leon3/irqmp.vhd sub01/vhpl118 1369068558
AR greth rtl /home/SysPy_test/SysPy_ver/Python_script/paramsocs/Leon3_comps_Gill_top/Leon3_comps/libs/gaisler/greth/greth.vhd sub00/vhpl61 1369068476
AR tbufmem rtl /home/SysPy_test/SysPy_ver/Python_script/paramsocs/Leon3_comps_Gill_top/Leon3_comps/libs/gaisler/leon3/tbufmem.vhd sub00/vhpl44 1369068447
AR ddr_phy rtl /home/SysPy_test/SysPy_ver/Python_script/paramsocs/Leon3_comps_Gill_top/Leon3_comps/libs/gaisler/ddr/ddr_phy.vhd sub00/vhpl55 1369068470
AR ahbmst rtl /home/SysPy_test/SysPy_ver/Python_script/paramsocs/Leon3_comps_Gill_top/Leon3_comps/libs/gaisler/misc/ahbmst.vhd sub00/vhpl66 1369068481
EN ddr2buf NULL /home/SysPy_test/SysPy_ver/Python_script/paramsocs/Leon3_comps_Gill_top/Leon3_comps/libs/gaisler/ddr/ddr2buf.vhd sub00/vhpl39 1369068439
EN leon3s NULL /home/SysPy_test/SysPy_ver/Python_script/paramsocs/Leon3_comps_Gill_top/Leon3_comps/libs/gaisler/leon3/leon3s.vhd sub01/vhpl115 1369068555
AR ddr2spa rtl /home/SysPy_test/SysPy_ver/Python_script/paramsocs/Leon3_comps_Gill_top/Leon3_comps/libs/gaisler/ddr/ddr2spa.vhd sub01/vhpl126 1369068566
EN i2cmst NULL /home/SysPy_test/SysPy_ver/Python_script/paramsocs/Leon3_comps_Gill_top/Leon3_comps/libs/gaisler/misc/i2cmst.vhd sub00/vhpl99 1369068539
AR mmulrue rtl /home/SysPy_test/SysPy_ver/Python_script/paramsocs/Leon3_comps_Gill_top/Leon3_comps/libs/gaisler/leon3/mmulrue.vhd sub00/vhpl09 1369068399
EN ddr2spa NULL /home/SysPy_test/SysPy_ver/Python_script/paramsocs/Leon3_comps_Gill_top/Leon3_comps/libs/gaisler/ddr/ddr2spa.vhd sub01/vhpl125 1369068565
PH uart NULL /home/SysPy_test/SysPy_ver/Python_script/paramsocs/Leon3_comps_Gill_top/Leon3_comps/libs/gaisler/uart/uart.vhd sub00/vhpl34 1369068434
EN ahbstat NULL /home/SysPy_test/SysPy_ver/Python_script/paramsocs/Leon3_comps_Gill_top/Leon3_comps/libs/gaisler/misc/ahbstat.vhd sub01/vhpl111 1369068551
EN iu3 NULL /home/SysPy_test/SysPy_ver/Python_script/paramsocs/Leon3_comps_Gill_top/Leon3_comps/libs/gaisler/leon3/iu3.vhd sub00/vhpl45 1369068448
EN irqmp NULL /home/SysPy_test/SysPy_ver/Python_script/paramsocs/Leon3_comps_Gill_top/Leon3_comps/libs/gaisler/leon3/irqmp.vhd sub01/vhpl117 1369068557
PH charrom_package NULL /home/SysPy_test/SysPy_ver/Python_script/paramsocs/Leon3_comps_Gill_top/Leon3_comps/libs/gaisler/misc/charrom_package.vhd sub00/vhpl82 1369068497
EN rstgen NULL /home/SysPy_test/SysPy_ver/Python_script/paramsocs/Leon3_comps_Gill_top/Leon3_comps/libs/gaisler/misc/rstgen.vhd sub00/vhpl97 1369068537
EN ddr2spax_ahb NULL /home/SysPy_test/SysPy_ver/Python_script/paramsocs/Leon3_comps_Gill_top/Leon3_comps/libs/gaisler/ddr/ddr2spax_ahb.vhd sub00/vhpl35 1369068435
EN jtagcom NULL /home/SysPy_test/SysPy_ver/Python_script/paramsocs/Leon3_comps_Gill_top/Leon3_comps/libs/gaisler/jtag/jtagcom.vhd sub00/vhpl67 1369068482
EN cachemem NULL /home/SysPy_test/SysPy_ver/Python_script/paramsocs/Leon3_comps_Gill_top/Leon3_comps/libs/gaisler/leon3/cachemem.vhd sub00/vhpl74 1369068489
EN mmutlbcam NULL /home/SysPy_test/SysPy_ver/Python_script/paramsocs/Leon3_comps_Gill_top/Leon3_comps/libs/gaisler/leon3/mmutlbcam.vhd sub00/vhpl12 1369068402
EN dsu3 NULL /home/SysPy_test/SysPy_ver/Python_script/paramsocs/Leon3_comps_Gill_top/Leon3_comps/libs/gaisler/leon3/dsu3.vhd sub01/vhpl119 1369068559
AR dcom struct /home/SysPy_test/SysPy_ver/Python_script/paramsocs/Leon3_comps_Gill_top/Leon3_comps/libs/gaisler/uart/dcom.vhd sub00/vhpl88 1369068506
AR ddr2spax rtl /home/SysPy_test/SysPy_ver/Python_script/paramsocs/Leon3_comps_Gill_top/Leon3_comps/libs/gaisler/ddr/ddr2spax.vhd sub00/vhpl59 1369068474
AR mmu_acache rtl /home/SysPy_test/SysPy_ver/Python_script/paramsocs/Leon3_comps_Gill_top/Leon3_comps/libs/gaisler/leon3/mmu_acache.vhd sub00/vhpl29 1369068429
AR grlfpwx rtl /home/SysPy_test/SysPy_ver/Python_script/paramsocs/Leon3_comps_Gill_top/Leon3_comps/libs/gaisler/leon3/grlfpwx.vhd sub00/vhpl81 1369068496
EN mmutlb NULL /home/SysPy_test/SysPy_ver/Python_script/paramsocs/Leon3_comps_Gill_top/Leon3_comps/libs/gaisler/leon3/mmutlb.vhd sub00/vhpl16 1369068410
EN charrom NULL /home/SysPy_test/SysPy_ver/Python_script/paramsocs/Leon3_comps_Gill_top/Leon3_comps/libs/gaisler/misc/charrom.vhd sub00/vhpl83 1369068498
