V3 433
FL /home/SysPy_test/SysPy_ver/Python_script/paramsocs/Leon3_comps_Gill_top/Leon3_comps/libs/gaisler/arith/arith.vhd 2011/05/11.18:05:46 O.76xd
PH gaisler/arith 1369068392 \
      FL /home/SysPy_test/SysPy_ver/Python_script/paramsocs/Leon3_comps_Gill_top/Leon3_comps/libs/gaisler/arith/arith.vhd \
      PB ieee/std_logic_1164 1296775758 PB ieee/NUMERIC_STD 1296775759 CD div32 \
      CD mul32
PB gaisler/arith 1369068393 \
      FL /home/SysPy_test/SysPy_ver/Python_script/paramsocs/Leon3_comps_Gill_top/Leon3_comps/libs/gaisler/arith/arith.vhd \
      PH gaisler/arith 1369068392
FL /home/SysPy_test/SysPy_ver/Python_script/paramsocs/Leon3_comps_Gill_top/Leon3_comps/libs/gaisler/arith/div32.vhd 2011/05/11.18:05:46 O.76xd
EN gaisler/div32 1369068452 \
      FL /home/SysPy_test/SysPy_ver/Python_script/paramsocs/Leon3_comps_Gill_top/Leon3_comps/libs/gaisler/arith/div32.vhd \
      PB ieee/std_logic_1164 1296775758 LB grlib PB grlib/stdlib 1369068080 \
      LB gaisler PB gaisler/arith 1369068393
AR gaisler/div32/rtl 1369068453 \
      FL /home/SysPy_test/SysPy_ver/Python_script/paramsocs/Leon3_comps_Gill_top/Leon3_comps/libs/gaisler/arith/div32.vhd \
      EN gaisler/div32 1369068452
FL /home/SysPy_test/SysPy_ver/Python_script/paramsocs/Leon3_comps_Gill_top/Leon3_comps/libs/gaisler/arith/mul32.vhd 2011/05/11.18:05:46 O.76xd
EN gaisler/mul32 1369068450 \
      FL /home/SysPy_test/SysPy_ver/Python_script/paramsocs/Leon3_comps_Gill_top/Leon3_comps/libs/gaisler/arith/mul32.vhd \
      PB ieee/std_logic_1164 1296775758 LB grlib PB grlib/stdlib 1369068080 \
      PH grlib/multlib 1369068085 LB gaisler PB gaisler/arith 1369068393 LB techmap \
      PH techmap/gencomp 1369068217
AR gaisler/mul32/rtl 1369068451 \
      FL /home/SysPy_test/SysPy_ver/Python_script/paramsocs/Leon3_comps_Gill_top/Leon3_comps/libs/gaisler/arith/mul32.vhd \
      EN gaisler/mul32 1369068450 CP mul_17_17 CP mul_33_9 CP mul_33_17 CP mul_33_33 \
      CP axcel_mul_33x33_signed
FL /home/SysPy_test/SysPy_ver/Python_script/paramsocs/Leon3_comps_Gill_top/Leon3_comps/libs/gaisler/ddr/ddr2buf.vhd 2011/05/11.18:05:46 O.76xd
EN gaisler/ddr2buf 1369068439 \
      FL /home/SysPy_test/SysPy_ver/Python_script/paramsocs/Leon3_comps_Gill_top/Leon3_comps/libs/gaisler/ddr/ddr2buf.vhd \
      PB ieee/std_logic_1164 1296775758 PB ieee/NUMERIC_STD 1296775759 LB grlib \
      PB grlib/stdlib 1369068080 LB techmap PH techmap/gencomp 1369068217
AR gaisler/ddr2buf/rtl 1369068440 \
      FL /home/SysPy_test/SysPy_ver/Python_script/paramsocs/Leon3_comps_Gill_top/Leon3_comps/libs/gaisler/ddr/ddr2buf.vhd \
      EN gaisler/ddr2buf 1369068439 CP syncram_2p
FL /home/SysPy_test/SysPy_ver/Python_script/paramsocs/Leon3_comps_Gill_top/Leon3_comps/libs/gaisler/ddr/ddr2spa.vhd 2011/05/11.18:05:46 O.76xd
EN gaisler/ddr2spa 1369068565 \
      FL /home/SysPy_test/SysPy_ver/Python_script/paramsocs/Leon3_comps_Gill_top/Leon3_comps/libs/gaisler/ddr/ddr2spa.vhd \
      PB ieee/std_logic_1164 1296775758 LB grlib PB grlib/amba 1369068082 \
      PB grlib/stdlib 1369068080 LB gaisler PH grlib/devices 1369068084 \
      PH gaisler/memctrl 1369068414 LB techmap PH techmap/gencomp 1369068217
AR gaisler/ddr2spa/rtl 1369068566 \
      FL /home/SysPy_test/SysPy_ver/Python_script/paramsocs/Leon3_comps_Gill_top/Leon3_comps/libs/gaisler/ddr/ddr2spa.vhd \
      EN gaisler/ddr2spa 1369068565 CP ddr2_phy CP ddr2spax
FL /home/SysPy_test/SysPy_ver/Python_script/paramsocs/Leon3_comps_Gill_top/Leon3_comps/libs/gaisler/ddr/ddr2spax.vhd 2011/05/11.18:05:46 O.76xd
EN gaisler/ddr2spax 1369068473 \
      FL /home/SysPy_test/SysPy_ver/Python_script/paramsocs/Leon3_comps_Gill_top/Leon3_comps/libs/gaisler/ddr/ddr2spax.vhd \
      PB ieee/std_logic_1164 1296775758 PB ieee/NUMERIC_STD 1296775759 LB grlib \
      PB grlib/stdlib 1369068080 PB grlib/amba 1369068082 PH grlib/devices 1369068084 \
      LB gaisler PH gaisler/memctrl 1369068414
AR gaisler/ddr2spax/rtl 1369068474 \
      FL /home/SysPy_test/SysPy_ver/Python_script/paramsocs/Leon3_comps_Gill_top/Leon3_comps/libs/gaisler/ddr/ddr2spax.vhd \
      EN gaisler/ddr2spax 1369068473 CP ddr2spax_ahb CP ddr2spax_ddr CP ddr2buf
FL /home/SysPy_test/SysPy_ver/Python_script/paramsocs/Leon3_comps_Gill_top/Leon3_comps/libs/gaisler/ddr/ddr2spax_ahb.vhd 2011/05/11.18:05:46 O.76xd
EN gaisler/ddr2spax_ahb 1369068435 \
      FL /home/SysPy_test/SysPy_ver/Python_script/paramsocs/Leon3_comps_Gill_top/Leon3_comps/libs/gaisler/ddr/ddr2spax_ahb.vhd \
      PB ieee/std_logic_1164 1296775758 PB ieee/NUMERIC_STD 1296775759 LB grlib \
      PB grlib/stdlib 1369068080 PB grlib/amba 1369068082 PH grlib/devices 1369068084 \
      LB gaisler PH gaisler/memctrl 1369068414
AR gaisler/ddr2spax_ahb/rtl 1369068436 \
      FL /home/SysPy_test/SysPy_ver/Python_script/paramsocs/Leon3_comps_Gill_top/Leon3_comps/libs/gaisler/ddr/ddr2spax_ahb.vhd \
      EN gaisler/ddr2spax_ahb 1369068435
FL /home/SysPy_test/SysPy_ver/Python_script/paramsocs/Leon3_comps_Gill_top/Leon3_comps/libs/gaisler/ddr/ddr2spax_ddr.vhd 2011/05/11.18:05:46 O.76xd
EN gaisler/ddr2spax_ddr 1369068437 \
      FL /home/SysPy_test/SysPy_ver/Python_script/paramsocs/Leon3_comps_Gill_top/Leon3_comps/libs/gaisler/ddr/ddr2spax_ddr.vhd \
      PB ieee/std_logic_1164 1296775758 PB ieee/NUMERIC_STD 1296775759 LB grlib \
      PB grlib/stdlib 1369068080 PB grlib/amba 1369068082 PH grlib/devices 1369068084 \
      LB gaisler PH gaisler/memctrl 1369068414
AR gaisler/ddr2spax_ddr/rtl 1369068438 \
      FL /home/SysPy_test/SysPy_ver/Python_script/paramsocs/Leon3_comps_Gill_top/Leon3_comps/libs/gaisler/ddr/ddr2spax_ddr.vhd \
      EN gaisler/ddr2spax_ddr 1369068437
FL /home/SysPy_test/SysPy_ver/Python_script/paramsocs/Leon3_comps_Gill_top/Leon3_comps/libs/gaisler/ddr/ddr_phy.vhd 2011/05/11.18:05:46 O.76xd
EN gaisler/ddr_phy 1369068469 \
      FL /home/SysPy_test/SysPy_ver/Python_script/paramsocs/Leon3_comps_Gill_top/Leon3_comps/libs/gaisler/ddr/ddr_phy.vhd \
      PB ieee/std_logic_1164 1296775758 LB grlib PB grlib/stdlib 1369068080 \
      LB techmap PH techmap/gencomp 1369068217 LB gaisler PH gaisler/memctrl 1369068414
AR gaisler/ddr_phy/rtl 1369068470 \
      FL /home/SysPy_test/SysPy_ver/Python_script/paramsocs/Leon3_comps_Gill_top/Leon3_comps/libs/gaisler/ddr/ddr_phy.vhd \
      EN gaisler/ddr_phy 1369068469 CP ddrphy
EN gaisler/ddr2_phy 1369068471 \
      FL /home/SysPy_test/SysPy_ver/Python_script/paramsocs/Leon3_comps_Gill_top/Leon3_comps/libs/gaisler/ddr/ddr_phy.vhd \
      PB ieee/std_logic_1164 1296775758 LB grlib PB grlib/stdlib 1369068080 \
      LB techmap PH techmap/gencomp 1369068217 LB gaisler PH gaisler/memctrl 1369068414
AR gaisler/ddr2_phy/rtl 1369068472 \
      FL /home/SysPy_test/SysPy_ver/Python_script/paramsocs/Leon3_comps_Gill_top/Leon3_comps/libs/gaisler/ddr/ddr_phy.vhd \
      EN gaisler/ddr2_phy 1369068471 CP ddr2phy
FL /home/SysPy_test/SysPy_ver/Python_script/paramsocs/Leon3_comps_Gill_top/Leon3_comps/libs/gaisler/greth/ethernet_mac.vhd 2011/05/11.18:05:46 O.76xd
PH gaisler/ethernet_mac 1369068441 \
      FL /home/SysPy_test/SysPy_ver/Python_script/paramsocs/Leon3_comps_Gill_top/Leon3_comps/libs/gaisler/greth/ethernet_mac.vhd \
      PB ieee/std_logic_1164 1296775758 LB gaisler PH gaisler/net 1369068421 \
      LB grlib PB grlib/amba 1369068082 LB techmap PH techmap/gencomp 1369068217 \
      CD eth_ahb_mst CD eth_ahb_mst_gbit CD greth
FL /home/SysPy_test/SysPy_ver/Python_script/paramsocs/Leon3_comps_Gill_top/Leon3_comps/libs/gaisler/greth/greth.vhd 2011/05/11.18:05:46 O.76xd
EN gaisler/greth 1369068475 \
      FL /home/SysPy_test/SysPy_ver/Python_script/paramsocs/Leon3_comps_Gill_top/Leon3_comps/libs/gaisler/greth/greth.vhd \
      LB grlib LB gaisler PB ieee/std_logic_1164 1296775758 PB grlib/stdlib 1369068080 \
      PB grlib/amba 1369068082 PH grlib/devices 1369068084 LB techmap \
      PH techmap/gencomp 1369068217 PH gaisler/net 1369068421 \
      PH gaisler/ethernet_mac 1369068441 PB gaisler/misc 1369068423 LB eth \
      PH eth/ethcomp 1369068444
AR gaisler/greth/rtl 1369068476 \
      FL /home/SysPy_test/SysPy_ver/Python_script/paramsocs/Leon3_comps_Gill_top/Leon3_comps/libs/gaisler/greth/greth.vhd \
      EN gaisler/greth 1369068475 CP grethc CP syncram_2p CP syncram_2pft
FL /home/SysPy_test/SysPy_ver/Python_script/paramsocs/Leon3_comps_Gill_top/Leon3_comps/libs/gaisler/greth/grethm.vhd 2011/05/11.18:05:46 O.76xd
EN gaisler/grethm 1369068563 \
      FL /home/SysPy_test/SysPy_ver/Python_script/paramsocs/Leon3_comps_Gill_top/Leon3_comps/libs/gaisler/greth/grethm.vhd \
      LB grlib LB gaisler PB ieee/std_logic_1164 1296775758 PB grlib/stdlib 1369068080 \
      PB grlib/amba 1369068082 LB techmap PH techmap/gencomp 1369068217 \
      PH gaisler/net 1369068421
AR gaisler/grethm/rtl 1369068564 \
      FL /home/SysPy_test/SysPy_ver/Python_script/paramsocs/Leon3_comps_Gill_top/Leon3_comps/libs/gaisler/greth/grethm.vhd \
      EN gaisler/grethm 1369068563 CP greth CP greth_gbit
FL /home/SysPy_test/SysPy_ver/Python_script/paramsocs/Leon3_comps_Gill_top/Leon3_comps/libs/gaisler/greth/greth_gbit.vhd 2011/05/11.18:05:46 O.76xd
EN gaisler/greth_gbit 1369068477 \
      FL /home/SysPy_test/SysPy_ver/Python_script/paramsocs/Leon3_comps_Gill_top/Leon3_comps/libs/gaisler/greth/greth_gbit.vhd \
      LB grlib LB gaisler PB ieee/std_logic_1164 1296775758 PB grlib/stdlib 1369068080 \
      PB grlib/amba 1369068082 PH grlib/devices 1369068084 LB techmap \
      PH techmap/gencomp 1369068217 PH gaisler/net 1369068421 \
      PH gaisler/ethernet_mac 1369068441 PB gaisler/misc 1369068423 LB eth \
      PH eth/ethcomp 1369068444
AR gaisler/greth_gbit/rtl 1369068478 \
      FL /home/SysPy_test/SysPy_ver/Python_script/paramsocs/Leon3_comps_Gill_top/Leon3_comps/libs/gaisler/greth/greth_gbit.vhd \
      EN gaisler/greth_gbit 1369068477 CP greth_gbitc CP syncram_2p
FL /home/SysPy_test/SysPy_ver/Python_script/paramsocs/Leon3_comps_Gill_top/Leon3_comps/libs/gaisler/jtag/ahbjtag.vhd 2011/05/11.18:05:46 O.76xd
EN gaisler/ahbjtag 1369068561 \
      FL /home/SysPy_test/SysPy_ver/Python_script/paramsocs/Leon3_comps_Gill_top/Leon3_comps/libs/gaisler/jtag/ahbjtag.vhd \
      PB ieee/std_logic_1164 1296775758 LB grlib PB grlib/amba 1369068082 \
      PB grlib/stdlib 1369068080 PH grlib/devices 1369068084 LB techmap \
      PH techmap/gencomp 1369068217 LB gaisler PB gaisler/misc 1369068423 \
      PH gaisler/libjtagcom 1369068445 PH gaisler/jtag 1369068479
AR gaisler/ahbjtag/struct 1369068562 \
      FL /home/SysPy_test/SysPy_ver/Python_script/paramsocs/Leon3_comps_Gill_top/Leon3_comps/libs/gaisler/jtag/ahbjtag.vhd \
      EN gaisler/ahbjtag 1369068561 CP ahbmst CP tap CP jtagcom
FL /home/SysPy_test/SysPy_ver/Python_script/paramsocs/Leon3_comps_Gill_top/Leon3_comps/libs/gaisler/jtag/jtag.vhd 2011/05/11.18:05:46 O.76xd
PH gaisler/jtag 1369068479 \
      FL /home/SysPy_test/SysPy_ver/Python_script/paramsocs/Leon3_comps_Gill_top/Leon3_comps/libs/gaisler/jtag/jtag.vhd \
      PB ieee/std_logic_1164 1296775758 LB grlib PB grlib/amba 1369068082 \
      LB techmap PH techmap/gencomp 1369068217 CD ahbjtag CD ahbjtag_bsd
FL /home/SysPy_test/SysPy_ver/Python_script/paramsocs/Leon3_comps_Gill_top/Leon3_comps/libs/gaisler/jtag/jtagcom.vhd 2011/05/11.18:05:46 O.76xd
EN gaisler/jtagcom 1369068482 \
      FL /home/SysPy_test/SysPy_ver/Python_script/paramsocs/Leon3_comps_Gill_top/Leon3_comps/libs/gaisler/jtag/jtagcom.vhd \
      PB ieee/std_logic_1164 1296775758 LB grlib PB grlib/amba 1369068082 \
      PB grlib/stdlib 1369068080 LB techmap PH techmap/gencomp 1369068217 \
      LB gaisler PH gaisler/libjtagcom 1369068445 PB gaisler/misc 1369068423
AR gaisler/jtagcom/rtl 1369068483 \
      FL /home/SysPy_test/SysPy_ver/Python_script/paramsocs/Leon3_comps_Gill_top/Leon3_comps/libs/gaisler/jtag/jtagcom.vhd \
      EN gaisler/jtagcom 1369068482
FL /home/SysPy_test/SysPy_ver/Python_script/paramsocs/Leon3_comps_Gill_top/Leon3_comps/libs/gaisler/jtag/libjtagcom.vhd 2011/05/11.18:05:46 O.76xd
PH gaisler/libjtagcom 1369068445 \
      FL /home/SysPy_test/SysPy_ver/Python_script/paramsocs/Leon3_comps_Gill_top/Leon3_comps/libs/gaisler/jtag/libjtagcom.vhd \
      PB ieee/std_logic_1164 1296775758 LB grlib PB grlib/amba 1369068082 \
      LB gaisler PB gaisler/misc 1369068423 CD jtagcom
FL /home/SysPy_test/SysPy_ver/Python_script/paramsocs/Leon3_comps_Gill_top/Leon3_comps/libs/gaisler/leon3/cachemem.vhd 2011/05/11.18:05:46 O.76xd
EN gaisler/cachemem 1369068489 \
      FL /home/SysPy_test/SysPy_ver/Python_script/paramsocs/Leon3_comps_Gill_top/Leon3_comps/libs/gaisler/leon3/cachemem.vhd \
      PB ieee/std_logic_1164 1296775758 LB gaisler PH gaisler/libiu 1369068394 \
      PB gaisler/libcache 1369068397 PH gaisler/mmuconfig 1369068390 LB grlib \
      PB grlib/stdlib 1369068080 LB techmap PH techmap/gencomp 1369068217
AR gaisler/cachemem/rtl 1369068490 \
      FL /home/SysPy_test/SysPy_ver/Python_script/paramsocs/Leon3_comps_Gill_top/Leon3_comps/libs/gaisler/leon3/cachemem.vhd \
      EN gaisler/cachemem 1369068489 CP syncram CP syncram_dp CP syncram_2p
FL /home/SysPy_test/SysPy_ver/Python_script/paramsocs/Leon3_comps_Gill_top/Leon3_comps/libs/gaisler/leon3/cpu_disasx.vhd 2011/05/11.18:05:46 O.76xd
EN gaisler/cpu_disasx 1369068432 \
      FL /home/SysPy_test/SysPy_ver/Python_script/paramsocs/Leon3_comps_Gill_top/Leon3_comps/libs/gaisler/leon3/cpu_disasx.vhd \
      PB ieee/std_logic_1164 1296775758
AR gaisler/cpu_disasx/behav 1369068433 \
      FL /home/SysPy_test/SysPy_ver/Python_script/paramsocs/Leon3_comps_Gill_top/Leon3_comps/libs/gaisler/leon3/cpu_disasx.vhd \
      EN gaisler/cpu_disasx 1369068432 CP cpu_disas
FL /home/SysPy_test/SysPy_ver/Python_script/paramsocs/Leon3_comps_Gill_top/Leon3_comps/libs/gaisler/leon3/dsu3.vhd 2011/05/11.18:05:46 O.76xd
EN gaisler/dsu3 1369068559 \
      FL /home/SysPy_test/SysPy_ver/Python_script/paramsocs/Leon3_comps_Gill_top/Leon3_comps/libs/gaisler/leon3/dsu3.vhd \
      PB ieee/std_logic_1164 1296775758 LB grlib PB grlib/amba 1369068082 \
      PB grlib/stdlib 1369068080 PH grlib/devices 1369068084 LB gaisler \
      PH gaisler/leon3 1369068391 LB techmap PH techmap/gencomp 1369068217
AR gaisler/dsu3/rtl 1369068560 \
      FL /home/SysPy_test/SysPy_ver/Python_script/paramsocs/Leon3_comps_Gill_top/Leon3_comps/libs/gaisler/leon3/dsu3.vhd \
      EN gaisler/dsu3 1369068559 CP dsu3x
FL /home/SysPy_test/SysPy_ver/Python_script/paramsocs/Leon3_comps_Gill_top/Leon3_comps/libs/gaisler/leon3/dsu3x.vhd 2011/05/11.18:05:46 O.76xd
EN gaisler/dsu3x 1369068484 \
      FL /home/SysPy_test/SysPy_ver/Python_script/paramsocs/Leon3_comps_Gill_top/Leon3_comps/libs/gaisler/leon3/dsu3x.vhd \
      PB ieee/std_logic_1164 1296775758 LB grlib PB grlib/amba 1369068082 \
      PB grlib/stdlib 1369068080 PH grlib/devices 1369068084 LB gaisler \
      PH gaisler/leon3 1369068391 LB techmap PH techmap/gencomp 1369068217
AR gaisler/dsu3x/rtl 1369068485 \
      FL /home/SysPy_test/SysPy_ver/Python_script/paramsocs/Leon3_comps_Gill_top/Leon3_comps/libs/gaisler/leon3/dsu3x.vhd \
      EN gaisler/dsu3x 1369068484 CP clkand CP tbufmem
FL /home/SysPy_test/SysPy_ver/Python_script/paramsocs/Leon3_comps_Gill_top/Leon3_comps/libs/gaisler/leon3/grfpwx.vhd 2011/05/11.18:05:46 O.76xd
EN gaisler/grfpwx 1369068491 \
      FL /home/SysPy_test/SysPy_ver/Python_script/paramsocs/Leon3_comps_Gill_top/Leon3_comps/libs/gaisler/leon3/grfpwx.vhd \
      PB ieee/std_logic_1164 1296775758 LB gaisler PH gaisler/leon3 1369068391 \
      LB techmap PH techmap/gencomp 1369068217 PH techmap/netcomp 1369068377
AR gaisler/grfpwx/rtl 1369068492 \
      FL /home/SysPy_test/SysPy_ver/Python_script/paramsocs/Leon3_comps_Gill_top/Leon3_comps/libs/gaisler/leon3/grfpwx.vhd \
      EN gaisler/grfpwx 1369068491 CP grfpw_net CP regfile_3p
FL /home/SysPy_test/SysPy_ver/Python_script/paramsocs/Leon3_comps_Gill_top/Leon3_comps/libs/gaisler/leon3/grlfpwx.vhd 2011/05/11.18:05:46 O.76xd
EN gaisler/grlfpwx 1369068495 \
      FL /home/SysPy_test/SysPy_ver/Python_script/paramsocs/Leon3_comps_Gill_top/Leon3_comps/libs/gaisler/leon3/grlfpwx.vhd \
      PB ieee/std_logic_1164 1296775758 LB gaisler PH gaisler/leon3 1369068391 \
      LB techmap PH techmap/gencomp 1369068217 PH techmap/netcomp 1369068377
AR gaisler/grlfpwx/rtl 1369068496 \
      FL /home/SysPy_test/SysPy_ver/Python_script/paramsocs/Leon3_comps_Gill_top/Leon3_comps/libs/gaisler/leon3/grlfpwx.vhd \
      EN gaisler/grlfpwx 1369068495 CP grlfpw_net CP regfile_3p
FL /home/SysPy_test/SysPy_ver/Python_script/paramsocs/Leon3_comps_Gill_top/Leon3_comps/libs/gaisler/leon3/irqmp.vhd 2011/05/11.18:05:46 O.76xd
EN gaisler/irqmp 1369068557 \
      FL /home/SysPy_test/SysPy_ver/Python_script/paramsocs/Leon3_comps_Gill_top/Leon3_comps/libs/gaisler/leon3/irqmp.vhd \
      PB ieee/std_logic_1164 1296775758 LB grlib PB grlib/amba 1369068082 \
      PB grlib/stdlib 1369068080 PH grlib/devices 1369068084 LB gaisler \
      PH gaisler/leon3 1369068391
AR gaisler/irqmp/rtl 1369068558 \
      FL /home/SysPy_test/SysPy_ver/Python_script/paramsocs/Leon3_comps_Gill_top/Leon3_comps/libs/gaisler/leon3/irqmp.vhd \
      EN gaisler/irqmp 1369068557
FL /home/SysPy_test/SysPy_ver/Python_script/paramsocs/Leon3_comps_Gill_top/Leon3_comps/libs/gaisler/leon3/iu3.vhd 2011/05/11.18:05:46 O.76xd
EN gaisler/iu3 1369068448 \
      FL /home/SysPy_test/SysPy_ver/Python_script/paramsocs/Leon3_comps_Gill_top/Leon3_comps/libs/gaisler/leon3/iu3.vhd \
      PB ieee/std_logic_1164 1296775758 PB ieee/NUMERIC_STD 1296775759 LB grlib \
      PH grlib/sparc 1369068083 PB grlib/stdlib 1369068080 LB techmap \
      PH techmap/gencomp 1369068217 LB gaisler PH gaisler/leon3 1369068391 \
      PH gaisler/libiu 1369068394 PB gaisler/arith 1369068393
AR gaisler/iu3/rtl 1369068449 \
      FL /home/SysPy_test/SysPy_ver/Python_script/paramsocs/Leon3_comps_Gill_top/Leon3_comps/libs/gaisler/leon3/iu3.vhd \
      EN gaisler/iu3 1369068448 CP cpu_disasx
FL /home/SysPy_test/SysPy_ver/Python_script/paramsocs/Leon3_comps_Gill_top/Leon3_comps/libs/gaisler/leon3/leon3.vhd 2011/05/11.18:05:46 O.76xd
PH gaisler/leon3 1369068391 \
      FL /home/SysPy_test/SysPy_ver/Python_script/paramsocs/Leon3_comps_Gill_top/Leon3_comps/libs/gaisler/leon3/leon3.vhd \
      PB ieee/std_logic_1164 1296775758 LB grlib PB grlib/amba 1369068082 \
      LB techmap PH techmap/gencomp 1369068217 CD tbufmem CD leon3s CD leon3cg \
      CD leon3ft CD leon3s2x CD grfpushwx CD grfpwxsh CD leon3sh CD dsu3 CD dsu3_2x \
      CD dsu3x CD irqmp CD irqmp2x CD irqamp CD leon3ftsh
FL /home/SysPy_test/SysPy_ver/Python_script/paramsocs/Leon3_comps_Gill_top/Leon3_comps/libs/gaisler/leon3/leon3s.vhd 2011/05/11.18:05:46 O.76xd
EN gaisler/leon3s 1369068555 \
      FL /home/SysPy_test/SysPy_ver/Python_script/paramsocs/Leon3_comps_Gill_top/Leon3_comps/libs/gaisler/leon3/leon3s.vhd \
      PB ieee/std_logic_1164 1296775758 LB grlib PB grlib/amba 1369068082 \
      PB grlib/stdlib 1369068080 LB gaisler LB techmap PH techmap/gencomp 1369068217 \
      PH gaisler/leon3 1369068391 PH gaisler/libiu 1369068394 PB gaisler/libcache 1369068397 \
      PH gaisler/libproc3 1369068486 PB gaisler/arith 1369068393
AR gaisler/leon3s/rtl 1369068556 \
      FL /home/SysPy_test/SysPy_ver/Python_script/paramsocs/Leon3_comps_Gill_top/Leon3_comps/libs/gaisler/leon3/leon3s.vhd \
      EN gaisler/leon3s 1369068555 CP proc3 CP regfile_3p CP cachemem CP tbufmem \
      CP grfpwx CP mfpwx CP grlfpwx
FL /home/SysPy_test/SysPy_ver/Python_script/paramsocs/Leon3_comps_Gill_top/Leon3_comps/libs/gaisler/leon3/libcache.vhd 2011/05/11.18:05:46 O.76xd
PH gaisler/libcache 1369068396 \
      FL /home/SysPy_test/SysPy_ver/Python_script/paramsocs/Leon3_comps_Gill_top/Leon3_comps/libs/gaisler/leon3/libcache.vhd \
      PB ieee/std_logic_1164 1296775758 LB grlib PB grlib/amba 1369068082 \
      PB grlib/stdlib 1369068080 LB techmap PH techmap/gencomp 1369068217 \
      LB gaisler PH gaisler/libiu 1369068394 PH gaisler/mmuconfig 1369068390 \
      PH gaisler/mmuiface 1369068395 CD acache CD dcache CD icache CD cache \
      CD cachemem CD mmu_acache CD mmu_icache CD mmu_dcache CD mmu_cache CD clk2xqual \
      CD clk2xsync
PB gaisler/libcache 1369068397 \
      FL /home/SysPy_test/SysPy_ver/Python_script/paramsocs/Leon3_comps_Gill_top/Leon3_comps/libs/gaisler/leon3/libcache.vhd \
      PH gaisler/libcache 1369068396
FL /home/SysPy_test/SysPy_ver/Python_script/paramsocs/Leon3_comps_Gill_top/Leon3_comps/libs/gaisler/leon3/libiu.vhd 2011/05/11.18:05:46 O.76xd
PH gaisler/libiu 1369068394 \
      FL /home/SysPy_test/SysPy_ver/Python_script/paramsocs/Leon3_comps_Gill_top/Leon3_comps/libs/gaisler/leon3/libiu.vhd \
      PB ieee/std_logic_1164 1296775758 LB techmap PH techmap/gencomp 1369068217 \
      LB gaisler PH gaisler/leon3 1369068391 PB gaisler/arith 1369068393 \
      PH gaisler/mmuconfig 1369068390 CD iu3 CD cpu_disasx
FL /home/SysPy_test/SysPy_ver/Python_script/paramsocs/Leon3_comps_Gill_top/Leon3_comps/libs/gaisler/leon3/libmmu.vhd 2011/05/11.18:05:46 O.76xd
PH gaisler/libmmu 1369068400 \
      FL /home/SysPy_test/SysPy_ver/Python_script/paramsocs/Leon3_comps_Gill_top/Leon3_comps/libs/gaisler/leon3/libmmu.vhd \
      PB ieee/std_logic_1164 1296775758 LB grlib PB grlib/stdlib 1369068080 \
      LB techmap PH techmap/gencomp 1369068217 LB gaisler PH gaisler/mmuconfig 1369068390 \
      PH gaisler/mmuiface 1369068395 CD mmu
PB gaisler/libmmu 1369068401 \
      FL /home/SysPy_test/SysPy_ver/Python_script/paramsocs/Leon3_comps_Gill_top/Leon3_comps/libs/gaisler/leon3/libmmu.vhd \
      PH gaisler/libmmu 1369068400
FL /home/SysPy_test/SysPy_ver/Python_script/paramsocs/Leon3_comps_Gill_top/Leon3_comps/libs/gaisler/leon3/libproc3.vhd 2011/05/11.18:05:46 O.76xd
PH gaisler/libproc3 1369068486 \
      FL /home/SysPy_test/SysPy_ver/Python_script/paramsocs/Leon3_comps_Gill_top/Leon3_comps/libs/gaisler/leon3/libproc3.vhd \
      PB ieee/std_logic_1164 1296775758 LB grlib PB grlib/amba 1369068082 \
      LB techmap PH techmap/gencomp 1369068217 LB gaisler PH gaisler/leon3 1369068391 \
      PB gaisler/libcache 1369068397 PH gaisler/libiu 1369068394 CD proc3 CD grfpwx \
      CD mfpwx CD grlfpwx
FL /home/SysPy_test/SysPy_ver/Python_script/paramsocs/Leon3_comps_Gill_top/Leon3_comps/libs/gaisler/leon3/mfpwx.vhd 2011/05/11.18:05:46 O.76xd
EN gaisler/mfpwx 1369068493 \
      FL /home/SysPy_test/SysPy_ver/Python_script/paramsocs/Leon3_comps_Gill_top/Leon3_comps/libs/gaisler/leon3/mfpwx.vhd \
      PB ieee/std_logic_1164 1296775758 LB gaisler PH gaisler/leon3 1369068391 \
      LB techmap PH techmap/gencomp 1369068217
AR gaisler/mfpwx/rtl 1369068494 \
      FL /home/SysPy_test/SysPy_ver/Python_script/paramsocs/Leon3_comps_Gill_top/Leon3_comps/libs/gaisler/leon3/mfpwx.vhd \
      EN gaisler/mfpwx 1369068493 CP mfpw CP regfile_3p
FL /home/SysPy_test/SysPy_ver/Python_script/paramsocs/Leon3_comps_Gill_top/Leon3_comps/libs/gaisler/leon3/mmu.vhd 2011/05/11.18:05:46 O.76xd
EN gaisler/mmu 1369068430 \
      FL /home/SysPy_test/SysPy_ver/Python_script/paramsocs/Leon3_comps_Gill_top/Leon3_comps/libs/gaisler/leon3/mmu.vhd \
      PB ieee/std_logic_1164 1296775758 LB grlib PB grlib/stdlib 1369068080 \
      LB techmap PH techmap/gencomp 1369068217 LB gaisler PH gaisler/mmuconfig 1369068390 \
      PH gaisler/mmuiface 1369068395 PB gaisler/libmmu 1369068401
AR gaisler/mmu/rtl 1369068431 \
      FL /home/SysPy_test/SysPy_ver/Python_script/paramsocs/Leon3_comps_Gill_top/Leon3_comps/libs/gaisler/leon3/mmu.vhd \
      EN gaisler/mmu 1369068430 CP mmutlb CP mmutw
FL /home/SysPy_test/SysPy_ver/Python_script/paramsocs/Leon3_comps_Gill_top/Leon3_comps/libs/gaisler/leon3/mmuconfig.vhd 2011/05/11.18:05:46 O.76xd
PH gaisler/mmuconfig 1369068390 \
      FL /home/SysPy_test/SysPy_ver/Python_script/paramsocs/Leon3_comps_Gill_top/Leon3_comps/libs/gaisler/leon3/mmuconfig.vhd \
      PB ieee/std_logic_1164 1296775758 LB grlib PB grlib/stdlib 1369068080 \
      LB gaisler
FL /home/SysPy_test/SysPy_ver/Python_script/paramsocs/Leon3_comps_Gill_top/Leon3_comps/libs/gaisler/leon3/mmuiface.vhd 2011/05/11.18:05:46 O.76xd
PH gaisler/mmuiface 1369068395 \
      FL /home/SysPy_test/SysPy_ver/Python_script/paramsocs/Leon3_comps_Gill_top/Leon3_comps/libs/gaisler/leon3/mmuiface.vhd \
      PB ieee/std_logic_1164 1296775758 LB grlib PB grlib/amba 1369068082 \
      PB grlib/stdlib 1369068080 LB gaisler PH gaisler/mmuconfig 1369068390
FL /home/SysPy_test/SysPy_ver/Python_script/paramsocs/Leon3_comps_Gill_top/Leon3_comps/libs/gaisler/leon3/mmulru.vhd 2011/05/11.18:05:46 O.76xd
EN gaisler/mmulru 1369068404 \
      FL /home/SysPy_test/SysPy_ver/Python_script/paramsocs/Leon3_comps_Gill_top/Leon3_comps/libs/gaisler/leon3/mmulru.vhd \
      PB ieee/std_logic_1164 1296775758 LB grlib PB grlib/amba 1369068082 \
      PB grlib/stdlib 1369068080 LB gaisler PH gaisler/libiu 1369068394 \
      PB gaisler/libcache 1369068397 PH gaisler/leon3 1369068391 \
      PH gaisler/mmuconfig 1369068390 PH gaisler/mmuiface 1369068395
AR gaisler/mmulru/rtl 1369068405 \
      FL /home/SysPy_test/SysPy_ver/Python_script/paramsocs/Leon3_comps_Gill_top/Leon3_comps/libs/gaisler/leon3/mmulru.vhd \
      EN gaisler/mmulru 1369068404 CP mmulrue
FL /home/SysPy_test/SysPy_ver/Python_script/paramsocs/Leon3_comps_Gill_top/Leon3_comps/libs/gaisler/leon3/mmulrue.vhd 2011/05/11.18:05:46 O.76xd
EN gaisler/mmulrue 1369068398 \
      FL /home/SysPy_test/SysPy_ver/Python_script/paramsocs/Leon3_comps_Gill_top/Leon3_comps/libs/gaisler/leon3/mmulrue.vhd \
      PB ieee/std_logic_1164 1296775758 LB grlib PB grlib/amba 1369068082 \
      PB grlib/stdlib 1369068080 LB gaisler PH gaisler/libiu 1369068394 \
      PB gaisler/libcache 1369068397 PH gaisler/leon3 1369068391 \
      PH gaisler/mmuconfig 1369068390 PH gaisler/mmuiface 1369068395
AR gaisler/mmulrue/rtl 1369068399 \
      FL /home/SysPy_test/SysPy_ver/Python_script/paramsocs/Leon3_comps_Gill_top/Leon3_comps/libs/gaisler/leon3/mmulrue.vhd \
      EN gaisler/mmulrue 1369068398
FL /home/SysPy_test/SysPy_ver/Python_script/paramsocs/Leon3_comps_Gill_top/Leon3_comps/libs/gaisler/leon3/mmutlb.vhd 2011/05/11.18:05:46 O.76xd
EN gaisler/mmutlb 1369068410 \
      FL /home/SysPy_test/SysPy_ver/Python_script/paramsocs/Leon3_comps_Gill_top/Leon3_comps/libs/gaisler/leon3/mmutlb.vhd \
      PB ieee/std_logic_1164 1296775758 LB grlib PB grlib/amba 1369068082 \
      PB grlib/stdlib 1369068080 LB techmap PH techmap/gencomp 1369068217 \
      LB gaisler PH gaisler/libiu 1369068394 PB gaisler/libcache 1369068397 \
      PH gaisler/leon3 1369068391 PH gaisler/mmuconfig 1369068390 \
      PH gaisler/mmuiface 1369068395 PB gaisler/libmmu 1369068401
AR gaisler/mmutlb/rtl 1369068411 \
      FL /home/SysPy_test/SysPy_ver/Python_script/paramsocs/Leon3_comps_Gill_top/Leon3_comps/libs/gaisler/leon3/mmutlb.vhd \
      EN gaisler/mmutlb 1369068410 CP mmutlbcam CP syncram CP mmulru
FL /home/SysPy_test/SysPy_ver/Python_script/paramsocs/Leon3_comps_Gill_top/Leon3_comps/libs/gaisler/leon3/mmutlbcam.vhd 2011/05/11.18:05:46 O.76xd
EN gaisler/mmutlbcam 1369068402 \
      FL /home/SysPy_test/SysPy_ver/Python_script/paramsocs/Leon3_comps_Gill_top/Leon3_comps/libs/gaisler/leon3/mmutlbcam.vhd \
      PB ieee/std_logic_1164 1296775758 LB grlib PB grlib/amba 1369068082 \
      PB grlib/stdlib 1369068080 LB gaisler PH gaisler/libiu 1369068394 \
      PB gaisler/libcache 1369068397 PH gaisler/leon3 1369068391 \
      PH gaisler/mmuconfig 1369068390 PH gaisler/mmuiface 1369068395 \
      PB gaisler/libmmu 1369068401
AR gaisler/mmutlbcam/rtl 1369068403 \
      FL /home/SysPy_test/SysPy_ver/Python_script/paramsocs/Leon3_comps_Gill_top/Leon3_comps/libs/gaisler/leon3/mmutlbcam.vhd \
      EN gaisler/mmutlbcam 1369068402
FL /home/SysPy_test/SysPy_ver/Python_script/paramsocs/Leon3_comps_Gill_top/Leon3_comps/libs/gaisler/leon3/mmutw.vhd 2011/05/11.18:05:46 O.76xd
EN gaisler/mmutw 1369068412 \
      FL /home/SysPy_test/SysPy_ver/Python_script/paramsocs/Leon3_comps_Gill_top/Leon3_comps/libs/gaisler/leon3/mmutw.vhd \
      PB ieee/std_logic_1164 1296775758 LB grlib PB grlib/amba 1369068082 \
      PB grlib/stdlib 1369068080 LB gaisler PH gaisler/libiu 1369068394 \
      PB gaisler/libcache 1369068397 PH gaisler/leon3 1369068391 \
      PH gaisler/mmuconfig 1369068390 PH gaisler/mmuiface 1369068395 \
      PB gaisler/libmmu 1369068401
AR gaisler/mmutw/rtl 1369068413 \
      FL /home/SysPy_test/SysPy_ver/Python_script/paramsocs/Leon3_comps_Gill_top/Leon3_comps/libs/gaisler/leon3/mmutw.vhd \
      EN gaisler/mmutw 1369068412
FL /home/SysPy_test/SysPy_ver/Python_script/paramsocs/Leon3_comps_Gill_top/Leon3_comps/libs/gaisler/leon3/mmu_acache.vhd 2011/05/11.18:05:46 O.76xd
EN gaisler/mmu_acache 1369068428 \
      FL /home/SysPy_test/SysPy_ver/Python_script/paramsocs/Leon3_comps_Gill_top/Leon3_comps/libs/gaisler/leon3/mmu_acache.vhd \
      PB ieee/std_logic_1164 1296775758 LB grlib PB grlib/amba 1369068082 \
      PB grlib/stdlib 1369068080 PH grlib/devices 1369068084 LB gaisler \
      PH gaisler/libiu 1369068394 PB gaisler/libcache 1369068397 PH gaisler/leon3 1369068391 \
      PH gaisler/mmuconfig 1369068390 PH gaisler/mmuiface 1369068395
AR gaisler/mmu_acache/rtl 1369068429 \
      FL /home/SysPy_test/SysPy_ver/Python_script/paramsocs/Leon3_comps_Gill_top/Leon3_comps/libs/gaisler/leon3/mmu_acache.vhd \
      EN gaisler/mmu_acache 1369068428
FL /home/SysPy_test/SysPy_ver/Python_script/paramsocs/Leon3_comps_Gill_top/Leon3_comps/libs/gaisler/leon3/mmu_cache.vhd 2011/05/11.18:05:46 O.76xd
EN gaisler/mmu_cache 1369068454 \
      FL /home/SysPy_test/SysPy_ver/Python_script/paramsocs/Leon3_comps_Gill_top/Leon3_comps/libs/gaisler/leon3/mmu_cache.vhd \
      PB ieee/std_logic_1164 1296775758 LB grlib PB grlib/amba 1369068082 \
      LB techmap PH techmap/gencomp 1369068217 LB gaisler PH gaisler/libiu 1369068394 \
      PB gaisler/libcache 1369068397 PH gaisler/mmuconfig 1369068390 \
      PH gaisler/mmuiface 1369068395 PB gaisler/libmmu 1369068401
AR gaisler/mmu_cache/rtl 1369068455 \
      FL /home/SysPy_test/SysPy_ver/Python_script/paramsocs/Leon3_comps_Gill_top/Leon3_comps/libs/gaisler/leon3/mmu_cache.vhd \
      EN gaisler/mmu_cache 1369068454 CP mmu_icache CP mmu_dcache CP mmu_acache \
      CP mmu CP clk2xsync
FL /home/SysPy_test/SysPy_ver/Python_script/paramsocs/Leon3_comps_Gill_top/Leon3_comps/libs/gaisler/leon3/mmu_dcache.vhd 2011/05/11.18:05:46 O.76xd
EN gaisler/mmu_dcache 1369068426 \
      FL /home/SysPy_test/SysPy_ver/Python_script/paramsocs/Leon3_comps_Gill_top/Leon3_comps/libs/gaisler/leon3/mmu_dcache.vhd \
      PB ieee/std_logic_1164 1296775758 LB techmap PH techmap/gencomp 1369068217 \
      LB grlib PB grlib/amba 1369068082 PH grlib/sparc 1369068083 PB grlib/stdlib 1369068080 \
      LB gaisler PH gaisler/libiu 1369068394 PB gaisler/libcache 1369068397 \
      PB gaisler/libmmu 1369068401 PH gaisler/mmuconfig 1369068390 \
      PH gaisler/mmuiface 1369068395
AR gaisler/mmu_dcache/rtl 1369068427 \
      FL /home/SysPy_test/SysPy_ver/Python_script/paramsocs/Leon3_comps_Gill_top/Leon3_comps/libs/gaisler/leon3/mmu_dcache.vhd \
      EN gaisler/mmu_dcache 1369068426
FL /home/SysPy_test/SysPy_ver/Python_script/paramsocs/Leon3_comps_Gill_top/Leon3_comps/libs/gaisler/leon3/mmu_icache.vhd 2011/05/11.18:05:46 O.76xd
EN gaisler/mmu_icache 1369068424 \
      FL /home/SysPy_test/SysPy_ver/Python_script/paramsocs/Leon3_comps_Gill_top/Leon3_comps/libs/gaisler/leon3/mmu_icache.vhd \
      PB ieee/std_logic_1164 1296775758 LB grlib PB grlib/amba 1369068082 \
      PB grlib/stdlib 1369068080 LB gaisler PH gaisler/libiu 1369068394 \
      PB gaisler/libcache 1369068397 PH gaisler/mmuconfig 1369068390 \
      PH gaisler/mmuiface 1369068395
AR gaisler/mmu_icache/rtl 1369068425 \
      FL /home/SysPy_test/SysPy_ver/Python_script/paramsocs/Leon3_comps_Gill_top/Leon3_comps/libs/gaisler/leon3/mmu_icache.vhd \
      EN gaisler/mmu_icache 1369068424
FL /home/SysPy_test/SysPy_ver/Python_script/paramsocs/Leon3_comps_Gill_top/Leon3_comps/libs/gaisler/leon3/proc3.vhd 2011/05/11.18:05:46 O.76xd
EN gaisler/proc3 1369068487 \
      FL /home/SysPy_test/SysPy_ver/Python_script/paramsocs/Leon3_comps_Gill_top/Leon3_comps/libs/gaisler/leon3/proc3.vhd \
      PB ieee/std_logic_1164 1296775758 LB grlib PB grlib/amba 1369068082 \
      PB grlib/stdlib 1369068080 LB techmap PH techmap/gencomp 1369068217 \
      LB gaisler PH gaisler/leon3 1369068391 PH gaisler/libiu 1369068394 \
      PB gaisler/libcache 1369068397 PB gaisler/arith 1369068393
AR gaisler/proc3/rtl 1369068488 \
      FL /home/SysPy_test/SysPy_ver/Python_script/paramsocs/Leon3_comps_Gill_top/Leon3_comps/libs/gaisler/leon3/proc3.vhd \
      EN gaisler/proc3 1369068487 CP iu3 CP mul32 CP div32 CP mmu_cache
FL /home/SysPy_test/SysPy_ver/Python_script/paramsocs/Leon3_comps_Gill_top/Leon3_comps/libs/gaisler/leon3/tbufmem.vhd 2011/05/11.18:05:46 O.76xd
EN gaisler/tbufmem 1369068446 \
      FL /home/SysPy_test/SysPy_ver/Python_script/paramsocs/Leon3_comps_Gill_top/Leon3_comps/libs/gaisler/leon3/tbufmem.vhd \
      PB ieee/std_logic_1164 1296775758 LB gaisler PH gaisler/leon3 1369068391 \
      LB techmap PH techmap/gencomp 1369068217 LB grlib PB grlib/stdlib 1369068080
AR gaisler/tbufmem/rtl 1369068447 \
      FL /home/SysPy_test/SysPy_ver/Python_script/paramsocs/Leon3_comps_Gill_top/Leon3_comps/libs/gaisler/leon3/tbufmem.vhd \
      EN gaisler/tbufmem 1369068446 CP syncram64
FL /home/SysPy_test/SysPy_ver/Python_script/paramsocs/Leon3_comps_Gill_top/Leon3_comps/libs/gaisler/memctrl/memctrl.vhd 2011/05/11.18:05:46 O.76xd
PH gaisler/memctrl 1369068414 \
      FL /home/SysPy_test/SysPy_ver/Python_script/paramsocs/Leon3_comps_Gill_top/Leon3_comps/libs/gaisler/memctrl/memctrl.vhd \
      PB ieee/std_logic_1164 1296775758 LB grlib PB grlib/amba 1369068082 \
      PB grlib/stdlib 1369068080 LB techmap PH techmap/gencomp 1369068217 CD sdctrl \
      CD sdctrl64 CD ftsdctrl CD ftsdctrl64 CD srctrl CD ftsrctrl CD sdmctrl \
      CD ftsdmctrl CD ftmctrl CD ssrctrl CD ddrctrl CD ftsrctrl_v1 CD ddrsp \
      CD ddrsp64a CD ddrsp32a CD ddrsp16a CD ddrspa CD ddr2buf CD ddr2spax_ahb \
      CD ddr2spax_ddr CD ddr2spax CD ddr2spa CD ddr_phy CD ddr2_phy CD ftsrctrl8 \
      CD spimctrl
FL /home/SysPy_test/SysPy_ver/Python_script/paramsocs/Leon3_comps_Gill_top/Leon3_comps/libs/gaisler/memctrl/sdmctrl.vhd 2011/05/11.18:05:46 O.76xd
EN gaisler/sdmctrl 1369068529 \
      FL /home/SysPy_test/SysPy_ver/Python_script/paramsocs/Leon3_comps_Gill_top/Leon3_comps/libs/gaisler/memctrl/sdmctrl.vhd \
      PB ieee/std_logic_1164 1296775758 LB grlib PB grlib/amba 1369068082 \
      PB grlib/stdlib 1369068080 LB gaisler PH gaisler/memctrl 1369068414
AR gaisler/sdmctrl/rtl 1369068530 \
      FL /home/SysPy_test/SysPy_ver/Python_script/paramsocs/Leon3_comps_Gill_top/Leon3_comps/libs/gaisler/memctrl/sdmctrl.vhd \
      EN gaisler/sdmctrl 1369068529
FL /home/SysPy_test/SysPy_ver/Python_script/paramsocs/Leon3_comps_Gill_top/Leon3_comps/libs/gaisler/misc/ahbmst.vhd 2011/05/11.18:05:46 O.76xd
EN gaisler/ahbmst 1369068480 \
      FL /home/SysPy_test/SysPy_ver/Python_script/paramsocs/Leon3_comps_Gill_top/Leon3_comps/libs/gaisler/misc/ahbmst.vhd \
      PB ieee/std_logic_1164 1296775758 LB grlib PB grlib/amba 1369068082 \
      PB grlib/stdlib 1369068080 PH grlib/devices 1369068084 LB gaisler \
      PB gaisler/misc 1369068423
AR gaisler/ahbmst/rtl 1369068481 \
      FL /home/SysPy_test/SysPy_ver/Python_script/paramsocs/Leon3_comps_Gill_top/Leon3_comps/libs/gaisler/misc/ahbmst.vhd \
      EN gaisler/ahbmst 1369068480
FL /home/SysPy_test/SysPy_ver/Python_script/paramsocs/Leon3_comps_Gill_top/Leon3_comps/libs/gaisler/misc/ahbram.vhd 2011/05/11.18:05:46 O.76xd
EN gaisler/ahbram 1369068553 \
      FL /home/SysPy_test/SysPy_ver/Python_script/paramsocs/Leon3_comps_Gill_top/Leon3_comps/libs/gaisler/misc/ahbram.vhd \
      PB ieee/std_logic_1164 1296775758 LB grlib PB grlib/amba 1369068082 \
      PB grlib/stdlib 1369068080 PH grlib/devices 1369068084 LB techmap \
      PH techmap/gencomp 1369068217
AR gaisler/ahbram/rtl 1369068554 \
      FL /home/SysPy_test/SysPy_ver/Python_script/paramsocs/Leon3_comps_Gill_top/Leon3_comps/libs/gaisler/misc/ahbram.vhd \
      EN gaisler/ahbram 1369068553 CP syncram
FL /home/SysPy_test/SysPy_ver/Python_script/paramsocs/Leon3_comps_Gill_top/Leon3_comps/libs/gaisler/misc/ahbstat.vhd 2011/05/11.18:05:46 O.76xd
EN gaisler/ahbstat 1369068551 \
      FL /home/SysPy_test/SysPy_ver/Python_script/paramsocs/Leon3_comps_Gill_top/Leon3_comps/libs/gaisler/misc/ahbstat.vhd \
      LB grlib LB gaisler PB ieee/std_logic_1164 1296775758 PB grlib/amba 1369068082 \
      PB grlib/stdlib 1369068080 PH grlib/devices 1369068084 PB gaisler/misc 1369068423
AR gaisler/ahbstat/rtl 1369068552 \
      FL /home/SysPy_test/SysPy_ver/Python_script/paramsocs/Leon3_comps_Gill_top/Leon3_comps/libs/gaisler/misc/ahbstat.vhd \
      EN gaisler/ahbstat 1369068551
FL /home/SysPy_test/SysPy_ver/Python_script/paramsocs/Leon3_comps_Gill_top/Leon3_comps/libs/gaisler/misc/apbps2.vhd 2011/05/11.18:05:46 O.76xd
EN gaisler/apbps2 1369068549 \
      FL /home/SysPy_test/SysPy_ver/Python_script/paramsocs/Leon3_comps_Gill_top/Leon3_comps/libs/gaisler/misc/apbps2.vhd \
      PB ieee/std_logic_1164 1296775758 LB grlib PB grlib/stdlib 1369068080 \
      PB grlib/amba 1369068082 PH grlib/devices 1369068084 LB gaisler \
      PB gaisler/misc 1369068423
AR gaisler/apbps2/rtl 1369068550 \
      FL /home/SysPy_test/SysPy_ver/Python_script/paramsocs/Leon3_comps_Gill_top/Leon3_comps/libs/gaisler/misc/apbps2.vhd \
      EN gaisler/apbps2 1369068549
FL /home/SysPy_test/SysPy_ver/Python_script/paramsocs/Leon3_comps_Gill_top/Leon3_comps/libs/gaisler/misc/apbvga.vhd 2011/05/11.18:05:46 O.76xd
EN gaisler/apbvga 1369068547 \
      FL /home/SysPy_test/SysPy_ver/Python_script/paramsocs/Leon3_comps_Gill_top/Leon3_comps/libs/gaisler/misc/apbvga.vhd \
      PB ieee/std_logic_1164 1296775758 LB grlib PB grlib/amba 1369068082 \
      PB grlib/stdlib 1369068080 PH grlib/devices 1369068084 LB techmap \
      PH techmap/gencomp 1369068217 LB gaisler PB gaisler/misc 1369068423 \
      PH gaisler/charrom_package 1369068497
AR gaisler/apbvga/rtl 1369068548 \
      FL /home/SysPy_test/SysPy_ver/Python_script/paramsocs/Leon3_comps_Gill_top/Leon3_comps/libs/gaisler/misc/apbvga.vhd \
      EN gaisler/apbvga 1369068547 CP charrom CP syncram_2p
FL /home/SysPy_test/SysPy_ver/Python_script/paramsocs/Leon3_comps_Gill_top/Leon3_comps/libs/gaisler/misc/charrom.vhd 2011/05/11.18:05:46 O.76xd
EN gaisler/charrom 1369068498 \
      FL /home/SysPy_test/SysPy_ver/Python_script/paramsocs/Leon3_comps_Gill_top/Leon3_comps/libs/gaisler/misc/charrom.vhd \
      PB ieee/std_logic_1164 1296775758 LB grlib PB grlib/stdlib 1369068080
AR gaisler/charrom/rtl 1369068499 \
      FL /home/SysPy_test/SysPy_ver/Python_script/paramsocs/Leon3_comps_Gill_top/Leon3_comps/libs/gaisler/misc/charrom.vhd \
      EN gaisler/charrom 1369068498
FL /home/SysPy_test/SysPy_ver/Python_script/paramsocs/Leon3_comps_Gill_top/Leon3_comps/libs/gaisler/misc/charrom_package.vhd 2011/05/11.18:05:46 O.76xd
PH gaisler/charrom_package 1369068497 \
      FL /home/SysPy_test/SysPy_ver/Python_script/paramsocs/Leon3_comps_Gill_top/Leon3_comps/libs/gaisler/misc/charrom_package.vhd \
      PB ieee/std_logic_1164 1296775758 LB grlib PB grlib/stdlib 1369068080 \
      CD charrom
FL /home/SysPy_test/SysPy_ver/Python_script/paramsocs/Leon3_comps_Gill_top/Leon3_comps/libs/gaisler/misc/gptimer.vhd 2011/05/11.18:05:46 O.76xd
EN gaisler/gptimer 1369068545 \
      FL /home/SysPy_test/SysPy_ver/Python_script/paramsocs/Leon3_comps_Gill_top/Leon3_comps/libs/gaisler/misc/gptimer.vhd \
      PB ieee/std_logic_1164 1296775758 LB grlib PB grlib/amba 1369068082 \
      PB grlib/stdlib 1369068080 PH grlib/devices 1369068084 LB gaisler \
      PB gaisler/misc 1369068423
AR gaisler/gptimer/rtl 1369068546 \
      FL /home/SysPy_test/SysPy_ver/Python_script/paramsocs/Leon3_comps_Gill_top/Leon3_comps/libs/gaisler/misc/gptimer.vhd \
      EN gaisler/gptimer 1369068545
FL /home/SysPy_test/SysPy_ver/Python_script/paramsocs/Leon3_comps_Gill_top/Leon3_comps/libs/gaisler/misc/gracectrl.vhd 2011/05/11.18:05:46 O.76xd
EN gaisler/gracectrl 1369068543 \
      FL /home/SysPy_test/SysPy_ver/Python_script/paramsocs/Leon3_comps_Gill_top/Leon3_comps/libs/gaisler/misc/gracectrl.vhd \
      PB ieee/std_logic_1164 1296775758 LB grlib LB gaisler PB grlib/amba 1369068082 \
      PH grlib/devices 1369068084 PB grlib/stdlib 1369068080 PB gaisler/misc 1369068423
AR gaisler/gracectrl/rtl 1369068544 \
      FL /home/SysPy_test/SysPy_ver/Python_script/paramsocs/Leon3_comps_Gill_top/Leon3_comps/libs/gaisler/misc/gracectrl.vhd \
      EN gaisler/gracectrl 1369068543
FL /home/SysPy_test/SysPy_ver/Python_script/paramsocs/Leon3_comps_Gill_top/Leon3_comps/libs/gaisler/misc/grgpio.vhd 2011/05/11.18:05:46 O.76xd
EN gaisler/grgpio 1369068541 \
      FL /home/SysPy_test/SysPy_ver/Python_script/paramsocs/Leon3_comps_Gill_top/Leon3_comps/libs/gaisler/misc/grgpio.vhd \
      PB ieee/std_logic_1164 1296775758 LB grlib PB grlib/amba 1369068082 \
      PB grlib/stdlib 1369068080 PH grlib/devices 1369068084 LB gaisler \
      PB gaisler/misc 1369068423
AR gaisler/grgpio/rtl 1369068542 \
      FL /home/SysPy_test/SysPy_ver/Python_script/paramsocs/Leon3_comps_Gill_top/Leon3_comps/libs/gaisler/misc/grgpio.vhd \
      EN gaisler/grgpio 1369068541
FL /home/SysPy_test/SysPy_ver/Python_script/paramsocs/Leon3_comps_Gill_top/Leon3_comps/libs/gaisler/misc/i2cmst.vhd 2011/05/11.18:05:46 O.76xd
EN gaisler/i2cmst 1369068539 \
      FL /home/SysPy_test/SysPy_ver/Python_script/paramsocs/Leon3_comps_Gill_top/Leon3_comps/libs/gaisler/misc/i2cmst.vhd \
      PB ieee/std_logic_1164 1296775758 PB ieee/NUMERIC_STD 1296775759 LB grlib \
      PB grlib/amba 1369068082 PH grlib/devices 1369068084 PB grlib/stdlib 1369068080 \
      LB gaisler PB gaisler/misc 1369068423 LB opencores PH opencores/i2coc 1369068502
AR gaisler/i2cmst/rtl 1369068540 \
      FL /home/SysPy_test/SysPy_ver/Python_script/paramsocs/Leon3_comps_Gill_top/Leon3_comps/libs/gaisler/misc/i2cmst.vhd \
      EN gaisler/i2cmst 1369068539 CP i2c_master_byte_ctrl
FL /home/SysPy_test/SysPy_ver/Python_script/paramsocs/Leon3_comps_Gill_top/Leon3_comps/libs/gaisler/misc/misc.vhd 2011/05/11.18:05:46 O.76xd
PH gaisler/misc 1369068422 \
      FL /home/SysPy_test/SysPy_ver/Python_script/paramsocs/Leon3_comps_Gill_top/Leon3_comps/libs/gaisler/misc/misc.vhd \
      PB ieee/std_logic_1164 1296775758 LB grlib PB grlib/amba 1369068082 \
      PH grlib/devices 1369068084 PB grlib/stdlib 1369068080 LB techmap \
      PH techmap/gencomp 1369068217 LB gaisler CD rstgen CD gptimer CD ahbram \
      CD ftahbram CD ftahbram2 CD ahbdpram CD ahbtrace CD ahbtrace_mb CD ahbmst \
      CD ahbmst2 CD grgpio CD ahb2ahb CD ahbbridge CD ahbstat CD nuhosp3 CD logan \
      CD apbps2 CD apbvga CD svgactrl CD ahbdma CD grfifo CD gradcdac CD grclkgate \
      CD i2cmst CD i2cmst_gen CD i2cslv CD spictrl CD grsysmon CD gracectrl CD grgpreg \
      CD memscrub CD ahb_mst_iface
PB gaisler/misc 1369068423 \
      FL /home/SysPy_test/SysPy_ver/Python_script/paramsocs/Leon3_comps_Gill_top/Leon3_comps/libs/gaisler/misc/misc.vhd \
      PH gaisler/misc 1369068422
FL /home/SysPy_test/SysPy_ver/Python_script/paramsocs/Leon3_comps_Gill_top/Leon3_comps/libs/gaisler/misc/rstgen.vhd 2011/05/11.18:05:46 O.76xd
EN gaisler/rstgen 1369068537 \
      FL /home/SysPy_test/SysPy_ver/Python_script/paramsocs/Leon3_comps_Gill_top/Leon3_comps/libs/gaisler/misc/rstgen.vhd \
      PB ieee/std_logic_1164 1296775758
AR gaisler/rstgen/rtl 1369068538 \
      FL /home/SysPy_test/SysPy_ver/Python_script/paramsocs/Leon3_comps_Gill_top/Leon3_comps/libs/gaisler/misc/rstgen.vhd \
      EN gaisler/rstgen 1369068537
FL /home/SysPy_test/SysPy_ver/Python_script/paramsocs/Leon3_comps_Gill_top/Leon3_comps/libs/gaisler/misc/svgactrl.vhd 2011/05/11.18:05:46 O.76xd
EN gaisler/svgactrl 1369068535 \
      FL /home/SysPy_test/SysPy_ver/Python_script/paramsocs/Leon3_comps_Gill_top/Leon3_comps/libs/gaisler/misc/svgactrl.vhd \
      PB ieee/std_logic_1164 1296775758 LB grlib PB grlib/amba 1369068082 \
      PB grlib/stdlib 1369068080 PH grlib/devices 1369068084 LB techmap \
      PH techmap/gencomp 1369068217 LB gaisler PB gaisler/misc 1369068423
AR gaisler/svgactrl/rtl 1369068536 \
      FL /home/SysPy_test/SysPy_ver/Python_script/paramsocs/Leon3_comps_Gill_top/Leon3_comps/libs/gaisler/misc/svgactrl.vhd \
      EN gaisler/svgactrl 1369068535 CP syncram_2p CP ahbmst
FL /home/SysPy_test/SysPy_ver/Python_script/paramsocs/Leon3_comps_Gill_top/Leon3_comps/libs/gaisler/net/net.vhd 2011/05/11.18:05:46 O.76xd
PH gaisler/net 1369068421 \
      FL /home/SysPy_test/SysPy_ver/Python_script/paramsocs/Leon3_comps_Gill_top/Leon3_comps/libs/gaisler/net/net.vhd \
      PB ieee/std_logic_1164 1296775758 LB grlib PB grlib/amba 1369068082 \
      CD eth_arb CD greth CD greth_gbit CD grethm
FL /home/SysPy_test/SysPy_ver/Python_script/paramsocs/Leon3_comps_Gill_top/Leon3_comps/libs/gaisler/uart/ahbuart.vhd 2011/05/11.18:05:46 O.76xd
EN gaisler/ahbuart 1369068533 \
      FL /home/SysPy_test/SysPy_ver/Python_script/paramsocs/Leon3_comps_Gill_top/Leon3_comps/libs/gaisler/uart/ahbuart.vhd \
      PB ieee/std_logic_1164 1296775758 LB grlib PB grlib/amba 1369068082 \
      PB grlib/stdlib 1369068080 PH grlib/devices 1369068084 LB gaisler \
      PB gaisler/misc 1369068423 PH gaisler/uart 1369068434 PH gaisler/libdcom 1369068458
AR gaisler/ahbuart/struct 1369068534 \
      FL /home/SysPy_test/SysPy_ver/Python_script/paramsocs/Leon3_comps_Gill_top/Leon3_comps/libs/gaisler/uart/ahbuart.vhd \
      EN gaisler/ahbuart 1369068533 CP ahbmst CP dcom_uart CP dcom
FL /home/SysPy_test/SysPy_ver/Python_script/paramsocs/Leon3_comps_Gill_top/Leon3_comps/libs/gaisler/uart/apbuart.vhd 2011/05/11.18:05:46 O.76xd
EN gaisler/apbuart 1369068531 \
      FL /home/SysPy_test/SysPy_ver/Python_script/paramsocs/Leon3_comps_Gill_top/Leon3_comps/libs/gaisler/uart/apbuart.vhd \
      PB ieee/std_logic_1164 1296775758 LB grlib PB grlib/amba 1369068082 \
      PB grlib/stdlib 1369068080 PH grlib/devices 1369068084 LB gaisler \
      PH gaisler/uart 1369068434
AR gaisler/apbuart/rtl 1369068532 \
      FL /home/SysPy_test/SysPy_ver/Python_script/paramsocs/Leon3_comps_Gill_top/Leon3_comps/libs/gaisler/uart/apbuart.vhd \
      EN gaisler/apbuart 1369068531
FL /home/SysPy_test/SysPy_ver/Python_script/paramsocs/Leon3_comps_Gill_top/Leon3_comps/libs/gaisler/uart/dcom.vhd 2011/05/11.18:05:46 O.76xd
EN gaisler/dcom 1369068505 \
      FL /home/SysPy_test/SysPy_ver/Python_script/paramsocs/Leon3_comps_Gill_top/Leon3_comps/libs/gaisler/uart/dcom.vhd \
      PB ieee/std_logic_1164 1296775758 LB grlib PB grlib/amba 1369068082 \
      PB grlib/stdlib 1369068080 LB gaisler PB gaisler/misc 1369068423 \
      PH gaisler/libdcom 1369068458
AR gaisler/dcom/struct 1369068506 \
      FL /home/SysPy_test/SysPy_ver/Python_script/paramsocs/Leon3_comps_Gill_top/Leon3_comps/libs/gaisler/uart/dcom.vhd \
      EN gaisler/dcom 1369068505
FL /home/SysPy_test/SysPy_ver/Python_script/paramsocs/Leon3_comps_Gill_top/Leon3_comps/libs/gaisler/uart/dcom_uart.vhd 2011/05/11.18:05:46 O.76xd
EN gaisler/dcom_uart 1369068503 \
      FL /home/SysPy_test/SysPy_ver/Python_script/paramsocs/Leon3_comps_Gill_top/Leon3_comps/libs/gaisler/uart/dcom_uart.vhd \
      PB ieee/std_logic_1164 1296775758 LB grlib PB grlib/amba 1369068082 \
      PB grlib/stdlib 1369068080 PH grlib/devices 1369068084 LB gaisler \
      PH gaisler/libdcom 1369068458 PH gaisler/uart 1369068434
AR gaisler/dcom_uart/rtl 1369068504 \
      FL /home/SysPy_test/SysPy_ver/Python_script/paramsocs/Leon3_comps_Gill_top/Leon3_comps/libs/gaisler/uart/dcom_uart.vhd \
      EN gaisler/dcom_uart 1369068503
FL /home/SysPy_test/SysPy_ver/Python_script/paramsocs/Leon3_comps_Gill_top/Leon3_comps/libs/gaisler/uart/libdcom.vhd 2011/05/11.18:05:46 O.76xd
PH gaisler/libdcom 1369068458 \
      FL /home/SysPy_test/SysPy_ver/Python_script/paramsocs/Leon3_comps_Gill_top/Leon3_comps/libs/gaisler/uart/libdcom.vhd \
      PB ieee/std_logic_1164 1296775758 LB grlib PB grlib/amba 1369068082 \
      PB grlib/stdlib 1369068080 LB gaisler PH gaisler/uart 1369068434 \
      PB gaisler/misc 1369068423 CD dcom_uart CD dcom
FL /home/SysPy_test/SysPy_ver/Python_script/paramsocs/Leon3_comps_Gill_top/Leon3_comps/libs/gaisler/uart/uart.vhd 2011/05/11.18:05:46 O.76xd
PH gaisler/uart 1369068434 \
      FL /home/SysPy_test/SysPy_ver/Python_script/paramsocs/Leon3_comps_Gill_top/Leon3_comps/libs/gaisler/uart/uart.vhd \
      PB ieee/std_logic_1164 1296775758 LB grlib PB grlib/amba 1369068082 \
      CD apbuart CD ahbuart
FL /media/Seagate/system_backup/SysPy_test/SysPy_ver/Python_script/paramsocs/Leon3_comps_Gill_top/Leon3_comps/libs/gaisler/arith/arith.vhd 2011/05/11.18:05:46 O.76xd
FL /media/Seagate/system_backup/SysPy_test/SysPy_ver/Python_script/paramsocs/Leon3_comps_Gill_top/Leon3_comps/libs/gaisler/arith/div32.vhd 2011/05/11.18:05:46 O.76xd
FL /media/Seagate/system_backup/SysPy_test/SysPy_ver/Python_script/paramsocs/Leon3_comps_Gill_top/Leon3_comps/libs/gaisler/arith/mul32.vhd 2011/05/11.18:05:46 O.76xd
FL /media/Seagate/system_backup/SysPy_test/SysPy_ver/Python_script/paramsocs/Leon3_comps_Gill_top/Leon3_comps/libs/gaisler/ddr/ddr2buf.vhd 2011/05/11.18:05:46 O.76xd
FL /media/Seagate/system_backup/SysPy_test/SysPy_ver/Python_script/paramsocs/Leon3_comps_Gill_top/Leon3_comps/libs/gaisler/ddr/ddr2spa.vhd 2011/05/11.18:05:46 O.76xd
FL /media/Seagate/system_backup/SysPy_test/SysPy_ver/Python_script/paramsocs/Leon3_comps_Gill_top/Leon3_comps/libs/gaisler/ddr/ddr2spax.vhd 2011/05/11.18:05:46 O.76xd
FL /media/Seagate/system_backup/SysPy_test/SysPy_ver/Python_script/paramsocs/Leon3_comps_Gill_top/Leon3_comps/libs/gaisler/ddr/ddr2spax_ahb.vhd 2011/05/11.18:05:46 O.76xd
FL /media/Seagate/system_backup/SysPy_test/SysPy_ver/Python_script/paramsocs/Leon3_comps_Gill_top/Leon3_comps/libs/gaisler/ddr/ddr2spax_ddr.vhd 2011/05/11.18:05:46 O.76xd
FL /media/Seagate/system_backup/SysPy_test/SysPy_ver/Python_script/paramsocs/Leon3_comps_Gill_top/Leon3_comps/libs/gaisler/ddr/ddr_phy.vhd 2011/05/11.18:05:46 O.76xd
FL /media/Seagate/system_backup/SysPy_test/SysPy_ver/Python_script/paramsocs/Leon3_comps_Gill_top/Leon3_comps/libs/gaisler/greth/ethernet_mac.vhd 2011/05/11.18:05:46 O.76xd
FL /media/Seagate/system_backup/SysPy_test/SysPy_ver/Python_script/paramsocs/Leon3_comps_Gill_top/Leon3_comps/libs/gaisler/greth/greth.vhd 2011/05/11.18:05:46 O.76xd
FL /media/Seagate/system_backup/SysPy_test/SysPy_ver/Python_script/paramsocs/Leon3_comps_Gill_top/Leon3_comps/libs/gaisler/greth/grethm.vhd 2011/05/11.18:05:46 O.76xd
FL /media/Seagate/system_backup/SysPy_test/SysPy_ver/Python_script/paramsocs/Leon3_comps_Gill_top/Leon3_comps/libs/gaisler/greth/greth_gbit.vhd 2011/05/11.18:05:46 O.76xd
FL /media/Seagate/system_backup/SysPy_test/SysPy_ver/Python_script/paramsocs/Leon3_comps_Gill_top/Leon3_comps/libs/gaisler/jtag/ahbjtag.vhd 2011/05/11.18:05:46 O.76xd
FL /media/Seagate/system_backup/SysPy_test/SysPy_ver/Python_script/paramsocs/Leon3_comps_Gill_top/Leon3_comps/libs/gaisler/jtag/jtag.vhd 2011/05/11.18:05:46 O.76xd
FL /media/Seagate/system_backup/SysPy_test/SysPy_ver/Python_script/paramsocs/Leon3_comps_Gill_top/Leon3_comps/libs/gaisler/jtag/jtagcom.vhd 2011/05/11.18:05:46 O.76xd
FL /media/Seagate/system_backup/SysPy_test/SysPy_ver/Python_script/paramsocs/Leon3_comps_Gill_top/Leon3_comps/libs/gaisler/jtag/libjtagcom.vhd 2011/05/11.18:05:46 O.76xd
FL /media/Seagate/system_backup/SysPy_test/SysPy_ver/Python_script/paramsocs/Leon3_comps_Gill_top/Leon3_comps/libs/gaisler/leon3/cachemem.vhd 2011/05/11.18:05:46 O.76xd
FL /media/Seagate/system_backup/SysPy_test/SysPy_ver/Python_script/paramsocs/Leon3_comps_Gill_top/Leon3_comps/libs/gaisler/leon3/cpu_disasx.vhd 2011/05/11.18:05:46 O.76xd
FL /media/Seagate/system_backup/SysPy_test/SysPy_ver/Python_script/paramsocs/Leon3_comps_Gill_top/Leon3_comps/libs/gaisler/leon3/dsu3.vhd 2011/05/11.18:05:46 O.76xd
FL /media/Seagate/system_backup/SysPy_test/SysPy_ver/Python_script/paramsocs/Leon3_comps_Gill_top/Leon3_comps/libs/gaisler/leon3/dsu3x.vhd 2011/05/11.18:05:46 O.76xd
FL /media/Seagate/system_backup/SysPy_test/SysPy_ver/Python_script/paramsocs/Leon3_comps_Gill_top/Leon3_comps/libs/gaisler/leon3/grfpwx.vhd 2011/05/11.18:05:46 O.76xd
FL /media/Seagate/system_backup/SysPy_test/SysPy_ver/Python_script/paramsocs/Leon3_comps_Gill_top/Leon3_comps/libs/gaisler/leon3/grlfpwx.vhd 2011/05/11.18:05:46 O.76xd
FL /media/Seagate/system_backup/SysPy_test/SysPy_ver/Python_script/paramsocs/Leon3_comps_Gill_top/Leon3_comps/libs/gaisler/leon3/irqmp.vhd 2011/05/11.18:05:46 O.76xd
FL /media/Seagate/system_backup/SysPy_test/SysPy_ver/Python_script/paramsocs/Leon3_comps_Gill_top/Leon3_comps/libs/gaisler/leon3/iu3.vhd 2011/05/11.18:05:46 O.76xd
FL /media/Seagate/system_backup/SysPy_test/SysPy_ver/Python_script/paramsocs/Leon3_comps_Gill_top/Leon3_comps/libs/gaisler/leon3/leon3.vhd 2011/05/11.18:05:46 O.76xd
FL /media/Seagate/system_backup/SysPy_test/SysPy_ver/Python_script/paramsocs/Leon3_comps_Gill_top/Leon3_comps/libs/gaisler/leon3/leon3s.vhd 2011/05/11.18:05:46 O.76xd
FL /media/Seagate/system_backup/SysPy_test/SysPy_ver/Python_script/paramsocs/Leon3_comps_Gill_top/Leon3_comps/libs/gaisler/leon3/libcache.vhd 2011/05/11.18:05:46 O.76xd
FL /media/Seagate/system_backup/SysPy_test/SysPy_ver/Python_script/paramsocs/Leon3_comps_Gill_top/Leon3_comps/libs/gaisler/leon3/libiu.vhd 2011/05/11.18:05:46 O.76xd
FL /media/Seagate/system_backup/SysPy_test/SysPy_ver/Python_script/paramsocs/Leon3_comps_Gill_top/Leon3_comps/libs/gaisler/leon3/libmmu.vhd 2011/05/11.18:05:46 O.76xd
FL /media/Seagate/system_backup/SysPy_test/SysPy_ver/Python_script/paramsocs/Leon3_comps_Gill_top/Leon3_comps/libs/gaisler/leon3/libproc3.vhd 2011/05/11.18:05:46 O.76xd
FL /media/Seagate/system_backup/SysPy_test/SysPy_ver/Python_script/paramsocs/Leon3_comps_Gill_top/Leon3_comps/libs/gaisler/leon3/mfpwx.vhd 2011/05/11.18:05:46 O.76xd
FL /media/Seagate/system_backup/SysPy_test/SysPy_ver/Python_script/paramsocs/Leon3_comps_Gill_top/Leon3_comps/libs/gaisler/leon3/mmu.vhd 2011/05/11.18:05:46 O.76xd
FL /media/Seagate/system_backup/SysPy_test/SysPy_ver/Python_script/paramsocs/Leon3_comps_Gill_top/Leon3_comps/libs/gaisler/leon3/mmuconfig.vhd 2011/05/11.18:05:46 O.76xd
FL /media/Seagate/system_backup/SysPy_test/SysPy_ver/Python_script/paramsocs/Leon3_comps_Gill_top/Leon3_comps/libs/gaisler/leon3/mmuiface.vhd 2011/05/11.18:05:46 O.76xd
FL /media/Seagate/system_backup/SysPy_test/SysPy_ver/Python_script/paramsocs/Leon3_comps_Gill_top/Leon3_comps/libs/gaisler/leon3/mmulru.vhd 2011/05/11.18:05:46 O.76xd
FL /media/Seagate/system_backup/SysPy_test/SysPy_ver/Python_script/paramsocs/Leon3_comps_Gill_top/Leon3_comps/libs/gaisler/leon3/mmulrue.vhd 2011/05/11.18:05:46 O.76xd
FL /media/Seagate/system_backup/SysPy_test/SysPy_ver/Python_script/paramsocs/Leon3_comps_Gill_top/Leon3_comps/libs/gaisler/leon3/mmutlb.vhd 2011/05/11.18:05:46 O.76xd
FL /media/Seagate/system_backup/SysPy_test/SysPy_ver/Python_script/paramsocs/Leon3_comps_Gill_top/Leon3_comps/libs/gaisler/leon3/mmutlbcam.vhd 2011/05/11.18:05:46 O.76xd
FL /media/Seagate/system_backup/SysPy_test/SysPy_ver/Python_script/paramsocs/Leon3_comps_Gill_top/Leon3_comps/libs/gaisler/leon3/mmutw.vhd 2011/05/11.18:05:46 O.76xd
FL /media/Seagate/system_backup/SysPy_test/SysPy_ver/Python_script/paramsocs/Leon3_comps_Gill_top/Leon3_comps/libs/gaisler/leon3/mmu_acache.vhd 2011/05/11.18:05:46 O.76xd
FL /media/Seagate/system_backup/SysPy_test/SysPy_ver/Python_script/paramsocs/Leon3_comps_Gill_top/Leon3_comps/libs/gaisler/leon3/mmu_cache.vhd 2011/05/11.18:05:46 O.76xd
FL /media/Seagate/system_backup/SysPy_test/SysPy_ver/Python_script/paramsocs/Leon3_comps_Gill_top/Leon3_comps/libs/gaisler/leon3/mmu_dcache.vhd 2011/05/11.18:05:46 O.76xd
FL /media/Seagate/system_backup/SysPy_test/SysPy_ver/Python_script/paramsocs/Leon3_comps_Gill_top/Leon3_comps/libs/gaisler/leon3/mmu_icache.vhd 2011/05/11.18:05:46 O.76xd
FL /media/Seagate/system_backup/SysPy_test/SysPy_ver/Python_script/paramsocs/Leon3_comps_Gill_top/Leon3_comps/libs/gaisler/leon3/proc3.vhd 2011/05/11.18:05:46 O.76xd
FL /media/Seagate/system_backup/SysPy_test/SysPy_ver/Python_script/paramsocs/Leon3_comps_Gill_top/Leon3_comps/libs/gaisler/leon3/tbufmem.vhd 2011/05/11.18:05:46 O.76xd
FL /media/Seagate/system_backup/SysPy_test/SysPy_ver/Python_script/paramsocs/Leon3_comps_Gill_top/Leon3_comps/libs/gaisler/memctrl/memctrl.vhd 2011/05/11.18:05:46 O.76xd
FL /media/Seagate/system_backup/SysPy_test/SysPy_ver/Python_script/paramsocs/Leon3_comps_Gill_top/Leon3_comps/libs/gaisler/memctrl/sdmctrl.vhd 2011/05/11.18:05:46 O.76xd
FL /media/Seagate/system_backup/SysPy_test/SysPy_ver/Python_script/paramsocs/Leon3_comps_Gill_top/Leon3_comps/libs/gaisler/misc/ahbmst.vhd 2011/05/11.18:05:46 O.76xd
FL /media/Seagate/system_backup/SysPy_test/SysPy_ver/Python_script/paramsocs/Leon3_comps_Gill_top/Leon3_comps/libs/gaisler/misc/ahbram.vhd 2011/05/11.18:05:46 O.76xd
FL /media/Seagate/system_backup/SysPy_test/SysPy_ver/Python_script/paramsocs/Leon3_comps_Gill_top/Leon3_comps/libs/gaisler/misc/ahbstat.vhd 2011/05/11.18:05:46 O.76xd
FL /media/Seagate/system_backup/SysPy_test/SysPy_ver/Python_script/paramsocs/Leon3_comps_Gill_top/Leon3_comps/libs/gaisler/misc/apbps2.vhd 2011/05/11.18:05:46 O.76xd
FL /media/Seagate/system_backup/SysPy_test/SysPy_ver/Python_script/paramsocs/Leon3_comps_Gill_top/Leon3_comps/libs/gaisler/misc/apbvga.vhd 2011/05/11.18:05:46 O.76xd
FL /media/Seagate/system_backup/SysPy_test/SysPy_ver/Python_script/paramsocs/Leon3_comps_Gill_top/Leon3_comps/libs/gaisler/misc/charrom.vhd 2011/05/11.18:05:46 O.76xd
FL /media/Seagate/system_backup/SysPy_test/SysPy_ver/Python_script/paramsocs/Leon3_comps_Gill_top/Leon3_comps/libs/gaisler/misc/charrom_package.vhd 2011/05/11.18:05:46 O.76xd
FL /media/Seagate/system_backup/SysPy_test/SysPy_ver/Python_script/paramsocs/Leon3_comps_Gill_top/Leon3_comps/libs/gaisler/misc/gptimer.vhd 2011/05/11.18:05:46 O.76xd
FL /media/Seagate/system_backup/SysPy_test/SysPy_ver/Python_script/paramsocs/Leon3_comps_Gill_top/Leon3_comps/libs/gaisler/misc/gracectrl.vhd 2011/05/11.18:05:46 O.76xd
FL /media/Seagate/system_backup/SysPy_test/SysPy_ver/Python_script/paramsocs/Leon3_comps_Gill_top/Leon3_comps/libs/gaisler/misc/grgpio.vhd 2011/05/11.18:05:46 O.76xd
FL /media/Seagate/system_backup/SysPy_test/SysPy_ver/Python_script/paramsocs/Leon3_comps_Gill_top/Leon3_comps/libs/gaisler/misc/i2cmst.vhd 2011/05/11.18:05:46 O.76xd
FL /media/Seagate/system_backup/SysPy_test/SysPy_ver/Python_script/paramsocs/Leon3_comps_Gill_top/Leon3_comps/libs/gaisler/misc/misc.vhd 2011/05/11.18:05:46 O.76xd
FL /media/Seagate/system_backup/SysPy_test/SysPy_ver/Python_script/paramsocs/Leon3_comps_Gill_top/Leon3_comps/libs/gaisler/misc/rstgen.vhd 2011/05/11.18:05:46 O.76xd
FL /media/Seagate/system_backup/SysPy_test/SysPy_ver/Python_script/paramsocs/Leon3_comps_Gill_top/Leon3_comps/libs/gaisler/misc/svgactrl.vhd 2011/05/11.18:05:46 O.76xd
FL /media/Seagate/system_backup/SysPy_test/SysPy_ver/Python_script/paramsocs/Leon3_comps_Gill_top/Leon3_comps/libs/gaisler/net/net.vhd 2011/05/11.18:05:46 O.76xd
FL /media/Seagate/system_backup/SysPy_test/SysPy_ver/Python_script/paramsocs/Leon3_comps_Gill_top/Leon3_comps/libs/gaisler/uart/ahbuart.vhd 2011/05/11.18:05:46 O.76xd
FL /media/Seagate/system_backup/SysPy_test/SysPy_ver/Python_script/paramsocs/Leon3_comps_Gill_top/Leon3_comps/libs/gaisler/uart/apbuart.vhd 2011/05/11.18:05:46 O.76xd
FL /media/Seagate/system_backup/SysPy_test/SysPy_ver/Python_script/paramsocs/Leon3_comps_Gill_top/Leon3_comps/libs/gaisler/uart/dcom.vhd 2011/05/11.18:05:46 O.76xd
FL /media/Seagate/system_backup/SysPy_test/SysPy_ver/Python_script/paramsocs/Leon3_comps_Gill_top/Leon3_comps/libs/gaisler/uart/dcom_uart.vhd 2011/05/11.18:05:46 O.76xd
FL /media/Seagate/system_backup/SysPy_test/SysPy_ver/Python_script/paramsocs/Leon3_comps_Gill_top/Leon3_comps/libs/gaisler/uart/libdcom.vhd 2011/05/11.18:05:46 O.76xd
FL /media/Seagate/system_backup/SysPy_test/SysPy_ver/Python_script/paramsocs/Leon3_comps_Gill_top/Leon3_comps/libs/gaisler/uart/uart.vhd 2011/05/11.18:05:46 O.76xd
