V3 45
FL /home/SysPy_test/SysPy_ver/Python_script/paramsocs/Leon3_comps_Gill_top/Leon3_comps/libs/eth/comp/ethcomp.vhd 2011/05/11.18:05:46 O.76xd
PH eth/ethcomp 1369068444 \
      FL /home/SysPy_test/SysPy_ver/Python_script/paramsocs/Leon3_comps_Gill_top/Leon3_comps/libs/eth/comp/ethcomp.vhd \
      PB ieee/std_logic_1164 1296775758 CD grethc CD greth_gbitc CD greth_gen \
      CD greth_gbit_gen
FL /home/SysPy_test/SysPy_ver/Python_script/paramsocs/Leon3_comps_Gill_top/Leon3_comps/libs/eth/core/eth_ahb_mst.vhd 2011/05/11.18:05:46 O.76xd
EN eth/eth_ahb_mst 1369068419 \
      FL /home/SysPy_test/SysPy_ver/Python_script/paramsocs/Leon3_comps_Gill_top/Leon3_comps/libs/eth/core/eth_ahb_mst.vhd \
      PB ieee/std_logic_1164 1296775758 LB grlib PB grlib/stdlib 1369068080 LB eth \
      PB eth/grethpkg 1369068407
AR eth/eth_ahb_mst/rtl 1369068420 \
      FL /home/SysPy_test/SysPy_ver/Python_script/paramsocs/Leon3_comps_Gill_top/Leon3_comps/libs/eth/core/eth_ahb_mst.vhd \
      EN eth/eth_ahb_mst 1369068419
FL /home/SysPy_test/SysPy_ver/Python_script/paramsocs/Leon3_comps_Gill_top/Leon3_comps/libs/eth/core/eth_rstgen.vhd 2011/05/11.18:05:46 O.76xd
EN eth/eth_rstgen 1369068408 \
      FL /home/SysPy_test/SysPy_ver/Python_script/paramsocs/Leon3_comps_Gill_top/Leon3_comps/libs/eth/core/eth_rstgen.vhd \
      PB ieee/std_logic_1164 1296775758
AR eth/eth_rstgen/rtl 1369068409 \
      FL /home/SysPy_test/SysPy_ver/Python_script/paramsocs/Leon3_comps_Gill_top/Leon3_comps/libs/eth/core/eth_rstgen.vhd \
      EN eth/eth_rstgen 1369068408
FL /home/SysPy_test/SysPy_ver/Python_script/paramsocs/Leon3_comps_Gill_top/Leon3_comps/libs/eth/core/grethc.vhd 2011/05/11.18:05:46 O.76xd
EN eth/grethc 1369068442 \
      FL /home/SysPy_test/SysPy_ver/Python_script/paramsocs/Leon3_comps_Gill_top/Leon3_comps/libs/eth/core/grethc.vhd \
      PB ieee/std_logic_1164 1296775758 LB grlib PB grlib/stdlib 1369068080 LB eth \
      PB eth/grethpkg 1369068407
AR eth/grethc/rtl 1369068443 \
      FL /home/SysPy_test/SysPy_ver/Python_script/paramsocs/Leon3_comps_Gill_top/Leon3_comps/libs/eth/core/grethc.vhd \
      EN eth/grethc 1369068442 CP greth_tx CP greth_rx CP eth_ahb_mst
FL /home/SysPy_test/SysPy_ver/Python_script/paramsocs/Leon3_comps_Gill_top/Leon3_comps/libs/eth/core/greth_pkg.vhd 2011/05/11.18:05:46 O.76xd
PH eth/grethpkg 1369068406 \
      FL /home/SysPy_test/SysPy_ver/Python_script/paramsocs/Leon3_comps_Gill_top/Leon3_comps/libs/eth/core/greth_pkg.vhd \
      PB ieee/std_logic_1164 1296775758 LB grlib PB grlib/stdlib 1369068080 \
      CD greth_rx CD greth_tx CD eth_rstgen CD greth_gbit_tx CD greth_gbit_gtx \
      CD greth_gbit_rx CD eth_ahb_mst CD eth_ahb_mst_gbit
PB eth/grethpkg 1369068407 \
      FL /home/SysPy_test/SysPy_ver/Python_script/paramsocs/Leon3_comps_Gill_top/Leon3_comps/libs/eth/core/greth_pkg.vhd \
      PH eth/grethpkg 1369068406
FL /home/SysPy_test/SysPy_ver/Python_script/paramsocs/Leon3_comps_Gill_top/Leon3_comps/libs/eth/core/greth_rx.vhd 2011/05/11.18:05:46 O.76xd
EN eth/greth_rx 1369068417 \
      FL /home/SysPy_test/SysPy_ver/Python_script/paramsocs/Leon3_comps_Gill_top/Leon3_comps/libs/eth/core/greth_rx.vhd \
      PB ieee/std_logic_1164 1296775758 LB grlib PB grlib/stdlib 1369068080 LB eth \
      PB eth/grethpkg 1369068407
AR eth/greth_rx/rtl 1369068418 \
      FL /home/SysPy_test/SysPy_ver/Python_script/paramsocs/Leon3_comps_Gill_top/Leon3_comps/libs/eth/core/greth_rx.vhd \
      EN eth/greth_rx 1369068417 CP eth_rstgen
FL /home/SysPy_test/SysPy_ver/Python_script/paramsocs/Leon3_comps_Gill_top/Leon3_comps/libs/eth/core/greth_tx.vhd 2011/05/11.18:05:46 O.76xd
EN eth/greth_tx 1369068415 \
      FL /home/SysPy_test/SysPy_ver/Python_script/paramsocs/Leon3_comps_Gill_top/Leon3_comps/libs/eth/core/greth_tx.vhd \
      PB ieee/std_logic_1164 1296775758 LB grlib PB grlib/stdlib 1369068080 LB eth \
      PB eth/grethpkg 1369068407
AR eth/greth_tx/rtl 1369068416 \
      FL /home/SysPy_test/SysPy_ver/Python_script/paramsocs/Leon3_comps_Gill_top/Leon3_comps/libs/eth/core/greth_tx.vhd \
      EN eth/greth_tx 1369068415 CP eth_rstgen
FL /media/Seagate/system_backup/SysPy_test/SysPy_ver/Python_script/paramsocs/Leon3_comps_Gill_top/Leon3_comps/libs/eth/comp/ethcomp.vhd 2011/05/11.18:05:46 O.76xd
FL /media/Seagate/system_backup/SysPy_test/SysPy_ver/Python_script/paramsocs/Leon3_comps_Gill_top/Leon3_comps/libs/eth/core/eth_ahb_mst.vhd 2011/05/11.18:05:46 O.76xd
FL /media/Seagate/system_backup/SysPy_test/SysPy_ver/Python_script/paramsocs/Leon3_comps_Gill_top/Leon3_comps/libs/eth/core/eth_rstgen.vhd 2011/05/11.18:05:46 O.76xd
FL /media/Seagate/system_backup/SysPy_test/SysPy_ver/Python_script/paramsocs/Leon3_comps_Gill_top/Leon3_comps/libs/eth/core/grethc.vhd 2011/05/11.18:05:46 O.76xd
FL /media/Seagate/system_backup/SysPy_test/SysPy_ver/Python_script/paramsocs/Leon3_comps_Gill_top/Leon3_comps/libs/eth/core/greth_pkg.vhd 2011/05/11.18:05:46 O.76xd
FL /media/Seagate/system_backup/SysPy_test/SysPy_ver/Python_script/paramsocs/Leon3_comps_Gill_top/Leon3_comps/libs/eth/core/greth_rx.vhd 2011/05/11.18:05:46 O.76xd
FL /media/Seagate/system_backup/SysPy_test/SysPy_ver/Python_script/paramsocs/Leon3_comps_Gill_top/Leon3_comps/libs/eth/core/greth_tx.vhd 2011/05/11.18:05:46 O.76xd
