V3 335
FL /home/SysPy_test/SysPy_ver/Python_script/paramsocs/LEONGILL/addingnewflt.vhd 2011/11/04.16:04:34 O.76xd
EN work/addingnewflt 1369068575 \
      FL /home/SysPy_test/SysPy_ver/Python_script/paramsocs/LEONGILL/addingnewflt.vhd \
      PB ieee/std_logic_1164 1296775758
AR work/addingnewflt/addingnewflt_a 1369068576 \
      FL /home/SysPy_test/SysPy_ver/Python_script/paramsocs/LEONGILL/addingnewflt.vhd \
      EN work/addingnewflt 1369068575
FL /home/SysPy_test/SysPy_ver/Python_script/paramsocs/LEONGILL/addnewflt.vhd 2011/11/04.14:27:01 O.76xd
EN work/addnewflt 1369068507 \
      FL /home/SysPy_test/SysPy_ver/Python_script/paramsocs/LEONGILL/addnewflt.vhd \
      PB ieee/std_logic_1164 1296775758
AR work/addnewflt/addnewflt_a 1369068508 \
      FL /home/SysPy_test/SysPy_ver/Python_script/paramsocs/LEONGILL/addnewflt.vhd \
      EN work/addnewflt 1369068507
FL /home/SysPy_test/SysPy_ver/Python_script/paramsocs/LEONGILL/Addrepeatedly.vhd 2011/12/08.18:46:34 O.76xd
EN work/Addrepeatedly 1369068630 \
      FL /home/SysPy_test/SysPy_ver/Python_script/paramsocs/LEONGILL/Addrepeatedly.vhd \
      PB ieee/std_logic_1164 1296775758 PB ieee/NUMERIC_STD 1296775759 LB UNISIM \
      PH unisim/VCOMPONENTS 1296775759
AR work/Addrepeatedly/BEHAVIORAL 1369068631 \
      FL /home/SysPy_test/SysPy_ver/Python_script/paramsocs/LEONGILL/Addrepeatedly.vhd \
      EN work/Addrepeatedly 1369068630 CP addnewflt CP MUxforrepeat
FL /home/SysPy_test/SysPy_ver/Python_script/paramsocs/LEONGILL/cnstlatch2_2.vhd 2011/08/29.16:30:21 O.76xd
EN work/cnstlatch2_2 1369068527 \
      FL /home/SysPy_test/SysPy_ver/Python_script/paramsocs/LEONGILL/cnstlatch2_2.vhd \
      PB ieee/std_logic_1164 1296775758 PB ieee/std_logic_arith 1296775759 \
      PB ieee/STD_LOGIC_UNSIGNED 1296775760
AR work/cnstlatch2_2/Behavioral 1369068528 \
      FL /home/SysPy_test/SysPy_ver/Python_script/paramsocs/LEONGILL/cnstlatch2_2.vhd \
      EN work/cnstlatch2_2 1369068527
FL /home/SysPy_test/SysPy_ver/Python_script/paramsocs/LEONGILL/Comp1new.vhd 2011/08/29.18:31:42 O.76xd
EN work/Comp1new 1369068624 \
      FL /home/SysPy_test/SysPy_ver/Python_script/paramsocs/LEONGILL/Comp1new.vhd \
      PB ieee/std_logic_1164 1296775758 PB ieee/std_logic_arith 1296775759 \
      PB ieee/STD_LOGIC_UNSIGNED 1296775760
AR work/Comp1new/Behavioral 1369068625 \
      FL /home/SysPy_test/SysPy_ver/Python_script/paramsocs/LEONGILL/Comp1new.vhd \
      EN work/Comp1new 1369068624
FL /home/SysPy_test/SysPy_ver/Python_script/paramsocs/LEONGILL/Compforlnx.vhd 2011/09/16.16:11:27 O.76xd
EN work/Compforlnx 1369068463 \
      FL /home/SysPy_test/SysPy_ver/Python_script/paramsocs/LEONGILL/Compforlnx.vhd \
      PB ieee/std_logic_1164 1296775758 PB ieee/std_logic_arith 1296775759 \
      PB ieee/STD_LOGIC_UNSIGNED 1296775760
AR work/Compforlnx/Behavioral 1369068464 \
      FL /home/SysPy_test/SysPy_ver/Python_script/paramsocs/LEONGILL/Compforlnx.vhd \
      EN work/Compforlnx 1369068463
FL /home/SysPy_test/SysPy_ver/Python_script/paramsocs/LEONGILL/Compnew2.vhd 2011/08/29.17:15:04 O.76xd
EN work/Compnew2 1369068626 \
      FL /home/SysPy_test/SysPy_ver/Python_script/paramsocs/LEONGILL/Compnew2.vhd \
      PB ieee/std_logic_1164 1296775758 PB ieee/std_logic_arith 1296775759 \
      PB ieee/STD_LOGIC_UNSIGNED 1296775760
AR work/Compnew2/Behavioral 1369068627 \
      FL /home/SysPy_test/SysPy_ver/Python_script/paramsocs/LEONGILL/Compnew2.vhd \
      EN work/Compnew2 1369068626
FL /home/SysPy_test/SysPy_ver/Python_script/paramsocs/LEONGILL/Compnew3.vhd 2011/08/29.18:31:08 O.76xd
EN work/Compnew3 1369068628 \
      FL /home/SysPy_test/SysPy_ver/Python_script/paramsocs/LEONGILL/Compnew3.vhd \
      PB ieee/std_logic_1164 1296775758 PB ieee/std_logic_arith 1296775759 \
      PB ieee/STD_LOGIC_UNSIGNED 1296775760
AR work/Compnew3/Behavioral 1369068629 \
      FL /home/SysPy_test/SysPy_ver/Python_script/paramsocs/LEONGILL/Compnew3.vhd \
      EN work/Compnew3 1369068628
FL /home/SysPy_test/SysPy_ver/Python_script/paramsocs/LEONGILL/datamemddr5forLEON.vhd 2011/10/28.06:59:21 O.76xd
EN work/datamemddr5forLEON 1369068614 \
      FL /home/SysPy_test/SysPy_ver/Python_script/paramsocs/LEONGILL/datamemddr5forLEON.vhd \
      PB ieee/std_logic_1164 1296775758 PB ieee/std_logic_arith 1296775759 \
      PB ieee/STD_LOGIC_UNSIGNED 1296775760
AR work/datamemddr5forLEON/Behavioral 1369068615 \
      FL /home/SysPy_test/SysPy_ver/Python_script/paramsocs/LEONGILL/datamemddr5forLEON.vhd \
      EN work/datamemddr5forLEON 1369068614
FL /home/SysPy_test/SysPy_ver/Python_script/paramsocs/LEONGILL/DFF32.vhd 2011/08/29.16:25:49 O.76xd
EN work/DFF32 1369068622 \
      FL /home/SysPy_test/SysPy_ver/Python_script/paramsocs/LEONGILL/DFF32.vhd \
      PB ieee/std_logic_1164 1296775758 PB ieee/std_logic_arith 1296775759
AR work/DFF32/behavior 1369068623 \
      FL /home/SysPy_test/SysPy_ver/Python_script/paramsocs/LEONGILL/DFF32.vhd \
      EN work/DFF32 1369068622
FL /home/SysPy_test/SysPy_ver/Python_script/paramsocs/LEONGILL/DFFinternalPE.vhd 2011/08/29.18:31:07 O.76xd
EN work/DFFinternalPE 1369068519 \
      FL /home/SysPy_test/SysPy_ver/Python_script/paramsocs/LEONGILL/DFFinternalPE.vhd \
      PB ieee/std_logic_1164 1296775758 PB ieee/std_logic_arith 1296775759
AR work/DFFinternalPE/behavior 1369068520 \
      FL /home/SysPy_test/SysPy_ver/Python_script/paramsocs/LEONGILL/DFFinternalPE.vhd \
      EN work/DFFinternalPE 1369068519
FL /home/SysPy_test/SysPy_ver/Python_script/paramsocs/LEONGILL/DFFsignal.vhd 2011/09/10.18:10:20 O.76xd
EN work/DFFsignal 1369068573 \
      FL /home/SysPy_test/SysPy_ver/Python_script/paramsocs/LEONGILL/DFFsignal.vhd \
      PB ieee/std_logic_1164 1296775758 PB ieee/std_logic_arith 1296775759
AR work/DFFsignal/behavior 1369068574 \
      FL /home/SysPy_test/SysPy_ver/Python_script/paramsocs/LEONGILL/DFFsignal.vhd \
      EN work/DFFsignal 1369068573
FL /home/SysPy_test/SysPy_ver/Python_script/paramsocs/LEONGILL/divflt2.vhd 2011/11/04.16:43:05 O.76xd
EN work/divflt2 1369068521 \
      FL /home/SysPy_test/SysPy_ver/Python_script/paramsocs/LEONGILL/divflt2.vhd \
      PB ieee/std_logic_1164 1296775758
AR work/divflt2/divflt2_a 1369068522 \
      FL /home/SysPy_test/SysPy_ver/Python_script/paramsocs/LEONGILL/divflt2.vhd \
      EN work/divflt2 1369068521
FL /home/SysPy_test/SysPy_ver/Python_script/paramsocs/LEONGILL/find8min512.vhd 2011/08/29.17:48:03 O.76xd
EN work/find8min512 1369068577 \
      FL /home/SysPy_test/SysPy_ver/Python_script/paramsocs/LEONGILL/find8min512.vhd \
      PB ieee/std_logic_1164 1296775758 PB ieee/std_logic_arith 1296775759 \
      PB ieee/STD_LOGIC_UNSIGNED 1296775760
AR work/find8min512/Behavioral 1369068578 \
      FL /home/SysPy_test/SysPy_ver/Python_script/paramsocs/LEONGILL/find8min512.vhd \
      EN work/find8min512 1369068577
FL /home/SysPy_test/SysPy_ver/Python_script/paramsocs/LEONGILL/fixtoflt.vhd 2011/11/04.16:48:44 O.76xd
EN work/fixtoflt 1369068511 \
      FL /home/SysPy_test/SysPy_ver/Python_script/paramsocs/LEONGILL/fixtoflt.vhd \
      PB ieee/std_logic_1164 1296775758
AR work/fixtoflt/fixtoflt_a 1369068512 \
      FL /home/SysPy_test/SysPy_ver/Python_script/paramsocs/LEONGILL/fixtoflt.vhd \
      EN work/fixtoflt 1369068511
FL /home/SysPy_test/SysPy_ver/Python_script/paramsocs/LEONGILL/FRM4XQuatroConnect.vhd 2011/12/19.11:06:02 O.76xd
EN work/FRM4XQuatroConnect 1369068641 \
      FL /home/SysPy_test/SysPy_ver/Python_script/paramsocs/LEONGILL/FRM4XQuatroConnect.vhd \
      PB ieee/std_logic_1164 1296775758 PB ieee/std_logic_arith 1296775759 \
      PB ieee/STD_LOGIC_UNSIGNED 1296775760 LB UNISIM PH unisim/VCOMPONENTS 1296775759
AR work/FRM4XQuatroConnect/Behavioral 1369068642 \
      FL /home/SysPy_test/SysPy_ver/Python_script/paramsocs/LEONGILL/FRM4XQuatroConnect.vhd \
      EN work/FRM4XQuatroConnect 1369068641 CP datamemddr5forLEON CP MUXGPIO4 \
      CP memsubsystemfinalLOTKA_VOLTERA CP FRM4X_2DSP2 CP DFF32 CP Comp1new \
      CP Compnew2 CP Compnew3 CP Addrepeatedly CP MUXforUart1 CP OR4 CP OR2
FL /home/SysPy_test/SysPy_ver/Python_script/paramsocs/LEONGILL/FRM4X_2DSP2.vhd 2011/10/23.17:11:25 O.76xd
EN work/FRM4X_2DSP2 1369068620 \
      FL /home/SysPy_test/SysPy_ver/Python_script/paramsocs/LEONGILL/FRM4X_2DSP2.vhd \
      PB ieee/std_logic_1164 1296775758 PB ieee/std_logic_arith 1296775759 \
      PB ieee/STD_LOGIC_UNSIGNED 1296775760 LB UNISIM PH unisim/VCOMPONENTS 1296775759
AR work/FRM4X_2DSP2/BEHAVIORAL 1369068621 \
      FL /home/SysPy_test/SysPy_ver/Python_script/paramsocs/LEONGILL/FRM4X_2DSP2.vhd \
      EN work/FRM4X_2DSP2 1369068620 CP PE5 CP FSM6new CP DFFsignal CP AND4 \
      CP addnewflt CP addingnewflt CP find8min512
FL /home/SysPy_test/SysPy_ver/Python_script/paramsocs/LEONGILL/FSM6new.vhd 2011/09/24.07:43:13 O.76xd
EN work/FSM6new 1369068571 \
      FL /home/SysPy_test/SysPy_ver/Python_script/paramsocs/LEONGILL/FSM6new.vhd \
      PB ieee/std_logic_1164 1296775758 PB ieee/std_logic_arith 1296775759 \
      PB ieee/STD_LOGIC_UNSIGNED 1296775760
AR work/FSM6new/Behavioral 1369068572 \
      FL /home/SysPy_test/SysPy_ver/Python_script/paramsocs/LEONGILL/FSM6new.vhd \
      EN work/FSM6new 1369068571
FL /home/SysPy_test/SysPy_ver/Python_script/paramsocs/LEONGILL/FSMintforsending.vhd 2011/12/19.11:03:43 O.76xd
EN work/FSMintforsending 1369068645 \
      FL /home/SysPy_test/SysPy_ver/Python_script/paramsocs/LEONGILL/FSMintforsending.vhd \
      PB ieee/std_logic_1164 1296775758 PB ieee/std_logic_arith 1296775759 \
      PB ieee/STD_LOGIC_UNSIGNED 1296775760
AR work/FSMintforsending/Behavioral 1369068646 \
      FL /home/SysPy_test/SysPy_ver/Python_script/paramsocs/LEONGILL/FSMintforsending.vhd \
      EN work/FSMintforsending 1369068645
FL /home/SysPy_test/SysPy_ver/Python_script/paramsocs/LEONGILL/FSMPE22_3.vhd 2011/08/29.15:54:14 O.76xd
EN work/FSMPE22_3 1369068517 \
      FL /home/SysPy_test/SysPy_ver/Python_script/paramsocs/LEONGILL/FSMPE22_3.vhd \
      PB ieee/std_logic_1164 1296775758 PB ieee/std_logic_arith 1296775759 \
      PB ieee/STD_LOGIC_UNSIGNED 1296775760
AR work/FSMPE22_3/Behavioral 1369068518 \
      FL /home/SysPy_test/SysPy_ver/Python_script/paramsocs/LEONGILL/FSMPE22_3.vhd \
      EN work/FSMPE22_3 1369068517
FL /home/SysPy_test/SysPy_ver/Python_script/paramsocs/LEONGILL/lnxfixed.vhd 2011/09/16.16:19:19 O.76xd
EN work/lnxfixed 1369068513 \
      FL /home/SysPy_test/SysPy_ver/Python_script/paramsocs/LEONGILL/lnxfixed.vhd \
      PB ieee/std_logic_1164 1296775758 PB ieee/NUMERIC_STD 1296775759 LB UNISIM \
      PH unisim/VCOMPONENTS 1296775759
AR work/lnxfixed/BEHAVIORAL 1369068514 \
      FL /home/SysPy_test/SysPy_ver/Python_script/paramsocs/LEONGILL/lnxfixed.vhd \
      EN work/lnxfixed 1369068513 CP lnxflt CP newmultflt CP Compforlnx CP subnewflt
FL /home/SysPy_test/SysPy_ver/Python_script/paramsocs/LEONGILL/lnxflt.vhd 2011/08/29.18:21:07 O.76xd
EN work/lnxflt 1369068459 \
      FL /home/SysPy_test/SysPy_ver/Python_script/paramsocs/LEONGILL/lnxflt.vhd \
      PB ieee/std_logic_1164 1296775758 PB ieee/std_logic_arith 1296775759 \
      PB ieee/STD_LOGIC_UNSIGNED 1296775760
AR work/lnxflt/Behavioral 1369068460 \
      FL /home/SysPy_test/SysPy_ver/Python_script/paramsocs/LEONGILL/lnxflt.vhd \
      EN work/lnxflt 1369068459
FL /home/SysPy_test/SysPy_ver/Python_script/paramsocs/LEONGILL/LOTKA_VOLTERA_STOICHIOparam.vhd 2012/05/16.18:33:43 O.76xd
EN work/LOTKA_VOLTERA_STOICHIOparam 1369068603 \
      FL /home/SysPy_test/SysPy_ver/Python_script/paramsocs/LEONGILL/LOTKA_VOLTERA_STOICHIOparam.vhd \
      PB ieee/std_logic_1164 1296775758 PB ieee/std_logic_arith 1296775759 \
      PB ieee/STD_LOGIC_UNSIGNED 1296775760
AR work/LOTKA_VOLTERA_STOICHIOparam/Behavioral 1369068604 \
      FL /home/SysPy_test/SysPy_ver/Python_script/paramsocs/LEONGILL/LOTKA_VOLTERA_STOICHIOparam.vhd \
      EN work/LOTKA_VOLTERA_STOICHIOparam 1369068603
FL /home/SysPy_test/SysPy_ver/Python_script/paramsocs/LEONGILL/memintdimerLOTKA_VOLTERAparam.vhd 2012/05/16.18:33:43 O.76xd
EN work/memintdimerLOTKA_VOLTERAparam 1369068611 \
      FL /home/SysPy_test/SysPy_ver/Python_script/paramsocs/LEONGILL/memintdimerLOTKA_VOLTERAparam.vhd \
      PB ieee/std_logic_1164 1296775758 PB ieee/std_logic_arith 1296775759 \
      PB ieee/STD_LOGIC_UNSIGNED 1296775760
AR work/memintdimerLOTKA_VOLTERAparam/Behavioral 1369068612 \
      FL /home/SysPy_test/SysPy_ver/Python_script/paramsocs/LEONGILL/memintdimerLOTKA_VOLTERAparam.vhd \
      EN work/memintdimerLOTKA_VOLTERAparam 1369068611
FL /home/SysPy_test/SysPy_ver/Python_script/paramsocs/LEONGILL/memsubsystemfinalLOTKA_VOLTERA.vhd 2011/11/24.12:18:43 O.76xd
EN work/memsubsystemfinalLOTKA_VOLTERA 1369068618 \
      FL /home/SysPy_test/SysPy_ver/Python_script/paramsocs/LEONGILL/memsubsystemfinalLOTKA_VOLTERA.vhd \
      PB ieee/std_logic_1164 1296775758 PB ieee/std_logic_arith 1296775759 \
      PB ieee/STD_LOGIC_UNSIGNED 1296775760 LB UNISIM PH unisim/VCOMPONENTS 1296775759
AR work/memsubsystemfinalLOTKA_VOLTERA/Behavioral 1369068619 \
      FL /home/SysPy_test/SysPy_ver/Python_script/paramsocs/LEONGILL/memsubsystemfinalLOTKA_VOLTERA.vhd \
      EN work/memsubsystemfinalLOTKA_VOLTERA 1369068618 CP UARTDDRFSM \
      CP MUXforpointersRama1 CP MUXpointerRam2 CP RT1 CP AND2 CP speciescoppyTable1 \
      CP MUXforspeciesTable CP speciesTable24_1 CP MUXforspeciesTableIndi2 \
      CP MUXforupdatespecies2_c CP RT2 CP RT3 CP RT4 CP LOTKA_VOLTERA_STOICHIOparam \
      CP speciesTablecopy2 CP MUXforspeciesTable2 CP speciesTable24_2 \
      CP memintdimerLOTKA_VOLTERAparam
FL /home/SysPy_test/SysPy_ver/Python_script/paramsocs/LEONGILL/minuslnx.vhd 2011/11/04.16:35:13 O.76xd
EN work/minuslnx 1369068515 \
      FL /home/SysPy_test/SysPy_ver/Python_script/paramsocs/LEONGILL/minuslnx.vhd \
      PB ieee/std_logic_1164 1296775758
AR work/minuslnx/minuslnx_a 1369068516 \
      FL /home/SysPy_test/SysPy_ver/Python_script/paramsocs/LEONGILL/minuslnx.vhd \
      EN work/minuslnx 1369068515
FL /home/SysPy_test/SysPy_ver/Python_script/paramsocs/LEONGILL/MUXforpointersRama1.vhd 2011/08/29.18:15:28 O.76xd
EN work/MUXforpointersRama1 1369068581 \
      FL /home/SysPy_test/SysPy_ver/Python_script/paramsocs/LEONGILL/MUXforpointersRama1.vhd \
      PB ieee/std_logic_1164 1296775758 PB ieee/std_logic_arith 1296775759 \
      PB ieee/STD_LOGIC_UNSIGNED 1296775760
AR work/MUXforpointersRama1/Behavioral 1369068582 \
      FL /home/SysPy_test/SysPy_ver/Python_script/paramsocs/LEONGILL/MUXforpointersRama1.vhd \
      EN work/MUXforpointersRama1 1369068581
FL /home/SysPy_test/SysPy_ver/Python_script/paramsocs/LEONGILL/MUxforrepeat.vhd 2012/01/03.23:29:09 O.76xd
EN work/MUxforrepeat 1369068567 \
      FL /home/SysPy_test/SysPy_ver/Python_script/paramsocs/LEONGILL/MUxforrepeat.vhd \
      PB ieee/std_logic_1164 1296775758 PB ieee/std_logic_arith 1296775759 \
      PB ieee/STD_LOGIC_UNSIGNED 1296775760
AR work/MUxforrepeat/Behavioral 1369068568 \
      FL /home/SysPy_test/SysPy_ver/Python_script/paramsocs/LEONGILL/MUxforrepeat.vhd \
      EN work/MUxforrepeat 1369068567
FL /home/SysPy_test/SysPy_ver/Python_script/paramsocs/LEONGILL/MUXforspeciesTable.vhd 2011/11/15.09:18:18 O.76xd
EN work/MUXforspeciesTable 1369068589 \
      FL /home/SysPy_test/SysPy_ver/Python_script/paramsocs/LEONGILL/MUXforspeciesTable.vhd \
      PB ieee/std_logic_1164 1296775758 PB ieee/std_logic_arith 1296775759 \
      PB ieee/STD_LOGIC_UNSIGNED 1296775760
AR work/MUXforspeciesTable/Behavioral 1369068590 \
      FL /home/SysPy_test/SysPy_ver/Python_script/paramsocs/LEONGILL/MUXforspeciesTable.vhd \
      EN work/MUXforspeciesTable 1369068589
FL /home/SysPy_test/SysPy_ver/Python_script/paramsocs/LEONGILL/MUXforspeciesTable2.vhd 2011/11/15.09:06:30 O.76xd
EN work/MUXforspeciesTable2 1369068607 \
      FL /home/SysPy_test/SysPy_ver/Python_script/paramsocs/LEONGILL/MUXforspeciesTable2.vhd \
      PB ieee/std_logic_1164 1296775758 PB ieee/std_logic_arith 1296775759 \
      PB ieee/STD_LOGIC_UNSIGNED 1296775760
AR work/MUXforspeciesTable2/Behavioral 1369068608 \
      FL /home/SysPy_test/SysPy_ver/Python_script/paramsocs/LEONGILL/MUXforspeciesTable2.vhd \
      EN work/MUXforspeciesTable2 1369068607
FL /home/SysPy_test/SysPy_ver/Python_script/paramsocs/LEONGILL/MUXforspeciesTableIndi2.vhd 2011/08/29.15:48:51 O.76xd
EN work/MUXforspeciesTableIndi2 1369068593 \
      FL /home/SysPy_test/SysPy_ver/Python_script/paramsocs/LEONGILL/MUXforspeciesTableIndi2.vhd \
      PB ieee/std_logic_1164 1296775758 PB ieee/std_logic_arith 1296775759 \
      PB ieee/STD_LOGIC_UNSIGNED 1296775760
AR work/MUXforspeciesTableIndi2/Behavioral 1369068594 \
      FL /home/SysPy_test/SysPy_ver/Python_script/paramsocs/LEONGILL/MUXforspeciesTableIndi2.vhd \
      EN work/MUXforspeciesTableIndi2 1369068593
FL /home/SysPy_test/SysPy_ver/Python_script/paramsocs/LEONGILL/MUXforUart1.vhd 2011/08/29.18:27:09 O.76xd
EN work/MUXforUart1 1369068632 \
      FL /home/SysPy_test/SysPy_ver/Python_script/paramsocs/LEONGILL/MUXforUart1.vhd \
      PB ieee/std_logic_1164 1296775758 PB ieee/std_logic_arith 1296775759 \
      PB ieee/STD_LOGIC_UNSIGNED 1296775760
AR work/MUXforUart1/Behavioral 1369068633 \
      FL /home/SysPy_test/SysPy_ver/Python_script/paramsocs/LEONGILL/MUXforUart1.vhd \
      EN work/MUXforUart1 1369068632
FL /home/SysPy_test/SysPy_ver/Python_script/paramsocs/LEONGILL/MUXforupdatespecies2_c.vhd 2011/08/29.16:49:40 O.76xd
EN work/MUXforupdatespecies2_c 1369068595 \
      FL /home/SysPy_test/SysPy_ver/Python_script/paramsocs/LEONGILL/MUXforupdatespecies2_c.vhd \
      PB ieee/std_logic_1164 1296775758 PB ieee/std_logic_arith 1296775759 \
      PB ieee/STD_LOGIC_UNSIGNED 1296775760
AR work/MUXforupdatespecies2_c/Behavioral 1369068596 \
      FL /home/SysPy_test/SysPy_ver/Python_script/paramsocs/LEONGILL/MUXforupdatespecies2_c.vhd \
      EN work/MUXforupdatespecies2_c 1369068595
FL /home/SysPy_test/SysPy_ver/Python_script/paramsocs/LEONGILL/MUXGPIO4.vhd 2011/10/22.15:14:49 O.76xd
EN work/MUXGPIO4 1369068616 \
      FL /home/SysPy_test/SysPy_ver/Python_script/paramsocs/LEONGILL/MUXGPIO4.vhd \
      PB ieee/std_logic_1164 1296775758 PB ieee/std_logic_arith 1296775759 \
      PB ieee/STD_LOGIC_UNSIGNED 1296775760
AR work/MUXGPIO4/Behavioral 1369068617 \
      FL /home/SysPy_test/SysPy_ver/Python_script/paramsocs/LEONGILL/MUXGPIO4.vhd \
      EN work/MUXGPIO4 1369068616
FL /home/SysPy_test/SysPy_ver/Python_script/paramsocs/LEONGILL/MUXPEint3.vhd 2011/08/29.15:36:26 O.76xd
EN work/MUXPEint3 1369068523 \
      FL /home/SysPy_test/SysPy_ver/Python_script/paramsocs/LEONGILL/MUXPEint3.vhd \
      PB ieee/std_logic_1164 1296775758 PB ieee/std_logic_arith 1296775759 \
      PB ieee/STD_LOGIC_UNSIGNED 1296775760
AR work/MUXPEint3/Behavioral 1369068524 \
      FL /home/SysPy_test/SysPy_ver/Python_script/paramsocs/LEONGILL/MUXPEint3.vhd \
      EN work/MUXPEint3 1369068523
FL /home/SysPy_test/SysPy_ver/Python_script/paramsocs/LEONGILL/MUXPEintdimer2.vhd 2011/08/29.17:20:58 O.76xd
EN work/MUXPEintdimer2 1369068525 \
      FL /home/SysPy_test/SysPy_ver/Python_script/paramsocs/LEONGILL/MUXPEintdimer2.vhd \
      PB ieee/std_logic_1164 1296775758 PB ieee/std_logic_arith 1296775759 \
      PB ieee/STD_LOGIC_UNSIGNED 1296775760
AR work/MUXPEintdimer2/Behavioral 1369068526 \
      FL /home/SysPy_test/SysPy_ver/Python_script/paramsocs/LEONGILL/MUXPEintdimer2.vhd \
      EN work/MUXPEintdimer2 1369068525
FL /home/SysPy_test/SysPy_ver/Python_script/paramsocs/LEONGILL/MUXpointerRam2.vhd 2011/08/29.16:05:30 O.76xd
EN work/MUXpointerRam2 1369068583 \
      FL /home/SysPy_test/SysPy_ver/Python_script/paramsocs/LEONGILL/MUXpointerRam2.vhd \
      PB ieee/std_logic_1164 1296775758 PB ieee/std_logic_arith 1296775759 \
      PB ieee/STD_LOGIC_UNSIGNED 1296775760
AR work/MUXpointerRam2/Behavioral 1369068584 \
      FL /home/SysPy_test/SysPy_ver/Python_script/paramsocs/LEONGILL/MUXpointerRam2.vhd \
      EN work/MUXpointerRam2 1369068583
FL /home/SysPy_test/SysPy_ver/Python_script/paramsocs/LEONGILL/newmultflt.vhd 2011/11/04.16:11:27 O.76xd
EN work/newmultflt 1369068461 \
      FL /home/SysPy_test/SysPy_ver/Python_script/paramsocs/LEONGILL/newmultflt.vhd \
      PB ieee/std_logic_1164 1296775758
AR work/newmultflt/newmultflt_a 1369068462 \
      FL /home/SysPy_test/SysPy_ver/Python_script/paramsocs/LEONGILL/newmultflt.vhd \
      EN work/newmultflt 1369068461
FL /home/SysPy_test/SysPy_ver/Python_script/paramsocs/LEONGILL/patterngen2.vhd 2011/09/16.15:36:28 O.76xd
EN work/patterngen2 1369068509 \
      FL /home/SysPy_test/SysPy_ver/Python_script/paramsocs/LEONGILL/patterngen2.vhd \
      PB ieee/std_logic_1164 1296775758 PB ieee/std_logic_arith 1296775759 \
      PB ieee/STD_LOGIC_UNSIGNED 1296775760
AR work/patterngen2/Behavioral 1369068510 \
      FL /home/SysPy_test/SysPy_ver/Python_script/paramsocs/LEONGILL/patterngen2.vhd \
      EN work/patterngen2 1369068509 CP random2gen
FL /home/SysPy_test/SysPy_ver/Python_script/paramsocs/LEONGILL/PE5.vhd 2011/09/24.08:16:44 O.76xd
EN work/PE5 1369068569 \
      FL /home/SysPy_test/SysPy_ver/Python_script/paramsocs/LEONGILL/PE5.vhd \
      PB ieee/std_logic_1164 1296775758 PB ieee/NUMERIC_STD 1296775759 LB UNISIM \
      PH unisim/VCOMPONENTS 1296775759
AR work/PE5/BEHAVIORAL 1369068570 \
      FL /home/SysPy_test/SysPy_ver/Python_script/paramsocs/LEONGILL/PE5.vhd \
      EN work/PE5 1369068569 CP addnewflt CP newmultflt CP patterngen2 CP fixtoflt \
      CP lnxfixed CP minuslnx CP FSMPE22_3 CP DFFinternalPE CP divflt2 CP MUXPEint3 \
      CP MUXPEintdimer2 CP AND2 CP cnstlatch2_2
FL /home/SysPy_test/SysPy_ver/Python_script/paramsocs/LEONGILL/random2gen.vhd 2011/11/14.21:39:04 O.76xd
EN work/random2gen 1369068467 \
      FL /home/SysPy_test/SysPy_ver/Python_script/paramsocs/LEONGILL/random2gen.vhd \
      PB ieee/std_logic_1164 1296775758 PB ieee/std_logic_arith 1296775759 \
      PB ieee/STD_LOGIC_UNSIGNED 1296775760
AR work/random2gen/Behavioral 1369068468 \
      FL /home/SysPy_test/SysPy_ver/Python_script/paramsocs/LEONGILL/random2gen.vhd \
      EN work/random2gen 1369068467
FL /home/SysPy_test/SysPy_ver/Python_script/paramsocs/LEONGILL/RT1.vhd 2011/12/23.17:39:28 O.76xd
EN work/RT1 1369068585 \
      FL /home/SysPy_test/SysPy_ver/Python_script/paramsocs/LEONGILL/RT1.vhd \
      PB ieee/std_logic_1164 1296775758 PB ieee/std_logic_arith 1296775759 \
      PB ieee/STD_LOGIC_UNSIGNED 1296775760
AR work/RT1/Behavioral 1369068586 \
      FL /home/SysPy_test/SysPy_ver/Python_script/paramsocs/LEONGILL/RT1.vhd \
      EN work/RT1 1369068585
FL /home/SysPy_test/SysPy_ver/Python_script/paramsocs/LEONGILL/RT2.vhd 2011/12/23.17:39:28 O.76xd
EN work/RT2 1369068597 \
      FL /home/SysPy_test/SysPy_ver/Python_script/paramsocs/LEONGILL/RT2.vhd \
      PB ieee/std_logic_1164 1296775758 PB ieee/std_logic_arith 1296775759 \
      PB ieee/STD_LOGIC_UNSIGNED 1296775760
AR work/RT2/Behavioral 1369068598 \
      FL /home/SysPy_test/SysPy_ver/Python_script/paramsocs/LEONGILL/RT2.vhd \
      EN work/RT2 1369068597
FL /home/SysPy_test/SysPy_ver/Python_script/paramsocs/LEONGILL/RT3.vhd 2011/12/23.17:39:28 O.76xd
EN work/RT3 1369068599 \
      FL /home/SysPy_test/SysPy_ver/Python_script/paramsocs/LEONGILL/RT3.vhd \
      PB ieee/std_logic_1164 1296775758 PB ieee/std_logic_arith 1296775759 \
      PB ieee/STD_LOGIC_UNSIGNED 1296775760
AR work/RT3/Behavioral 1369068600 \
      FL /home/SysPy_test/SysPy_ver/Python_script/paramsocs/LEONGILL/RT3.vhd \
      EN work/RT3 1369068599
FL /home/SysPy_test/SysPy_ver/Python_script/paramsocs/LEONGILL/RT4.vhd 2011/12/23.17:39:28 O.76xd
EN work/RT4 1369068601 \
      FL /home/SysPy_test/SysPy_ver/Python_script/paramsocs/LEONGILL/RT4.vhd \
      PB ieee/std_logic_1164 1296775758 PB ieee/std_logic_arith 1296775759 \
      PB ieee/STD_LOGIC_UNSIGNED 1296775760
AR work/RT4/Behavioral 1369068602 \
      FL /home/SysPy_test/SysPy_ver/Python_script/paramsocs/LEONGILL/RT4.vhd \
      EN work/RT4 1369068601
FL /home/SysPy_test/SysPy_ver/Python_script/paramsocs/LEONGILL/speciescoppyTable1.vhd 2011/12/23.17:39:28 O.76xd
EN work/speciescoppyTable1 1369068587 \
      FL /home/SysPy_test/SysPy_ver/Python_script/paramsocs/LEONGILL/speciescoppyTable1.vhd \
      PB ieee/std_logic_1164 1296775758 PB ieee/std_logic_arith 1296775759 \
      PB ieee/STD_LOGIC_UNSIGNED 1296775760
AR work/speciescoppyTable1/Behavioral 1369068588 \
      FL /home/SysPy_test/SysPy_ver/Python_script/paramsocs/LEONGILL/speciescoppyTable1.vhd \
      EN work/speciescoppyTable1 1369068587
FL /home/SysPy_test/SysPy_ver/Python_script/paramsocs/LEONGILL/speciesTable24_1.vhd 2011/12/23.17:39:28 O.76xd
EN work/speciesTable24_1 1369068591 \
      FL /home/SysPy_test/SysPy_ver/Python_script/paramsocs/LEONGILL/speciesTable24_1.vhd \
      PB ieee/std_logic_1164 1296775758 PB ieee/std_logic_arith 1296775759 \
      PB ieee/STD_LOGIC_UNSIGNED 1296775760 LB UNISIM PH unisim/VCOMPONENTS 1296775759
AR work/speciesTable24_1/Behavioral 1369068592 \
      FL /home/SysPy_test/SysPy_ver/Python_script/paramsocs/LEONGILL/speciesTable24_1.vhd \
      EN work/speciesTable24_1 1369068591
FL /home/SysPy_test/SysPy_ver/Python_script/paramsocs/LEONGILL/speciesTable24_2.vhd 2011/12/23.17:39:28 O.76xd
EN work/speciesTable24_2 1369068609 \
      FL /home/SysPy_test/SysPy_ver/Python_script/paramsocs/LEONGILL/speciesTable24_2.vhd \
      PB ieee/std_logic_1164 1296775758 PB ieee/std_logic_arith 1296775759 \
      PB ieee/STD_LOGIC_UNSIGNED 1296775760 LB UNISIM PH unisim/VCOMPONENTS 1296775759
AR work/speciesTable24_2/Behavioral 1369068610 \
      FL /home/SysPy_test/SysPy_ver/Python_script/paramsocs/LEONGILL/speciesTable24_2.vhd \
      EN work/speciesTable24_2 1369068609
FL /home/SysPy_test/SysPy_ver/Python_script/paramsocs/LEONGILL/speciesTablecopy2.vhd 2011/12/23.17:39:28 O.76xd
EN work/speciesTablecopy2 1369068605 \
      FL /home/SysPy_test/SysPy_ver/Python_script/paramsocs/LEONGILL/speciesTablecopy2.vhd \
      PB ieee/std_logic_1164 1296775758 PB ieee/std_logic_arith 1296775759 \
      PB ieee/STD_LOGIC_UNSIGNED 1296775760
AR work/speciesTablecopy2/Behavioral 1369068606 \
      FL /home/SysPy_test/SysPy_ver/Python_script/paramsocs/LEONGILL/speciesTablecopy2.vhd \
      EN work/speciesTablecopy2 1369068605
FL /home/SysPy_test/SysPy_ver/Python_script/paramsocs/LEONGILL/subnewflt.vhd 2011/11/04.16:24:27 O.76xd
EN work/subnewflt 1369068465 \
      FL /home/SysPy_test/SysPy_ver/Python_script/paramsocs/LEONGILL/subnewflt.vhd \
      PB ieee/std_logic_1164 1296775758
AR work/subnewflt/subnewflt_a 1369068466 \
      FL /home/SysPy_test/SysPy_ver/Python_script/paramsocs/LEONGILL/subnewflt.vhd \
      EN work/subnewflt 1369068465
FL /home/SysPy_test/SysPy_ver/Python_script/paramsocs/LEONGILL/TestQuatroconnwithLeon.vhd 2011/11/19.09:23:29 O.76xd
EN work/TestQuatroconnwithLeon 1369068647 \
      FL /home/SysPy_test/SysPy_ver/Python_script/paramsocs/LEONGILL/TestQuatroconnwithLeon.vhd \
      PB ieee/std_logic_1164 1296775758 PB ieee/std_logic_arith 1296775759 \
      PB ieee/STD_LOGIC_UNSIGNED 1296775760
AR work/TestQuatroconnwithLeon/Behavioral 1369068648 \
      FL /home/SysPy_test/SysPy_ver/Python_script/paramsocs/LEONGILL/TestQuatroconnwithLeon.vhd \
      EN work/TestQuatroconnwithLeon 1369068647 CP FRM4XQuatroConnect \
      CP Test_myFSM CP FSMintforsending
FL /home/SysPy_test/SysPy_ver/Python_script/paramsocs/LEONGILL/Test_myFSM.vhd 2011/12/19.11:04:07 O.76xd
EN work/Test_myFSM 1369068643 \
      FL /home/SysPy_test/SysPy_ver/Python_script/paramsocs/LEONGILL/Test_myFSM.vhd \
      PB ieee/std_logic_1164 1296775758 PB ieee/std_logic_arith 1296775759
AR work/Test_myFSM/Test_myFSM 1369068644 \
      FL /home/SysPy_test/SysPy_ver/Python_script/paramsocs/LEONGILL/Test_myFSM.vhd \
      EN work/Test_myFSM 1369068643
FL /home/SysPy_test/SysPy_ver/Python_script/paramsocs/LEONGILL/UARTDDRFSM.vhd 2011/12/23.17:36:16 O.76xd
EN work/UARTDDRFSM 1369068579 \
      FL /home/SysPy_test/SysPy_ver/Python_script/paramsocs/LEONGILL/UARTDDRFSM.vhd \
      PB ieee/std_logic_1164 1296775758 PB ieee/std_logic_arith 1296775759 \
      PB ieee/STD_LOGIC_UNSIGNED 1296775760
AR work/UARTDDRFSM/Behavioral 1369068580 \
      FL /home/SysPy_test/SysPy_ver/Python_script/paramsocs/LEONGILL/UARTDDRFSM.vhd \
      EN work/UARTDDRFSM 1369068579
FL /home/SysPy_test/SysPy_ver/Python_script/testbml2/Leon3_XST_prj/ahbrom.vhd 2011/05/11.18:05:45 O.76xd
FL /home/SysPy_test/SysPy_ver/Python_script/testbml2/Leon3_XST_prj/config.vhd 2011/12/20.17:02:40 O.76xd
FL /home/SysPy_test/SysPy_ver/Python_script/testbml2/Leon3_XST_prj/leon3mp.vhd 2011/09/29.11:58:46 O.76xd
FL /home/SysPy_test/SysPy_ver/Python_script/testbml2/Leon3_XST_prj/proc_wrapper_FRM4X.vhd 2011/12/19.10:43:43 O.76xd
FL /home/SysPy_test/SysPy_ver/Python_script/testbml2/Leon3_XST_prj/svga2ch7301c.vhd 2011/05/11.18:05:45 O.76xd
FL /home/SysPy_test/SysPy_ver/Python_script/testbml2/Leon3_XST_prj_FRM4_lefteris/ahbrom.vhd 2011/05/11.18:05:45 O.76xd
EN work/ahbrom 1369068637 \
      FL /home/SysPy_test/SysPy_ver/Python_script/testbml2/Leon3_XST_prj_FRM4_lefteris/ahbrom.vhd \
      PB ieee/std_logic_1164 1296775758 LB grlib PB grlib/amba 1369068082 \
      PB grlib/stdlib 1369068080 PH grlib/devices 1369068084
AR work/ahbrom/rtl 1369068638 \
      FL /home/SysPy_test/SysPy_ver/Python_script/testbml2/Leon3_XST_prj_FRM4_lefteris/ahbrom.vhd \
      EN work/ahbrom 1369068637
FL /home/SysPy_test/SysPy_ver/Python_script/testbml2/Leon3_XST_prj_FRM4_lefteris/config.vhd 2012/03/28.12:19:08 O.76xd
PH work/config 1369068636 \
      FL /home/SysPy_test/SysPy_ver/Python_script/testbml2/Leon3_XST_prj_FRM4_lefteris/config.vhd \
      LB techmap PH techmap/gencomp 1369068217
FL /home/SysPy_test/SysPy_ver/Python_script/testbml2/Leon3_XST_prj_FRM4_lefteris/leon3mp.vhd 2011/09/29.11:58:46 O.76xd
EN work/leon3mp 1369068649 \
      FL /home/SysPy_test/SysPy_ver/Python_script/testbml2/Leon3_XST_prj_FRM4_lefteris/leon3mp.vhd \
      PB ieee/std_logic_1164 1296775758 LB grlib LB techmap PB grlib/amba 1369068082 \
      PB grlib/stdlib 1369068080 PH grlib/devices 1369068084 PH techmap/gencomp 1369068217 \
      PH techmap/allclkgen 1369068255 LB gaisler PH gaisler/memctrl 1369068414 \
      PH gaisler/leon3 1369068391 PH gaisler/uart 1369068434 PB gaisler/misc 1369068423 \
      PH gaisler/net 1369068421 PH gaisler/jtag 1369068479 LB esa PH esa/memoryctrl 1369068613 \
      PH work/config 1369068636
AR work/leon3mp/rtl 1369068650 \
      FL /home/SysPy_test/SysPy_ver/Python_script/testbml2/Leon3_XST_prj_FRM4_lefteris/leon3mp.vhd \
      EN work/leon3mp 1369068649 CP clkpad CP clkpad_ds CP outpad CP clkgen CP inpad \
      CP rstgen CP ahbctrl CP leon3s CP dsu3 CP ahbuart CP ahbjtag CP mctrl CP outpadv \
      CP iopadvv CP ddr2spa CP gracectrl CP iopadv CP work/ahbrom CP apbctrl \
      CP apbuart CP irqmp CP gptimer CP apbps2 CP iopad CP apbvga CP svgactrl \
      CP svga2ch7301c CP i2cmst CP grgpio CP ahbstat CP grethm CP inpadv CP ahbram
FL /home/SysPy_test/SysPy_ver/Python_script/testbml2/Leon3_XST_prj_FRM4_lefteris/proc_wrapper_FRM4X.vhd 2012/01/27.13:38:51 O.76xd
EN work/proc_wrapper_FRM4X 1369068651 \
      FL /home/SysPy_test/SysPy_ver/Python_script/testbml2/Leon3_XST_prj_FRM4_lefteris/proc_wrapper_FRM4X.vhd \
      PB ieee/std_logic_1164 1296775758 PB ieee/std_logic_arith 1296775759 \
      PB ieee/STD_LOGIC_UNSIGNED 1296775760 LB UNISIM PH unisim/VCOMPONENTS 1296775759
AR work/proc_wrapper_FRM4X/proc_wrapper_FRM4X_arch 1369068652 \
      FL /home/SysPy_test/SysPy_ver/Python_script/testbml2/Leon3_XST_prj_FRM4_lefteris/proc_wrapper_FRM4X.vhd \
      EN work/proc_wrapper_FRM4X 1369068651 CP TestQuatroconnwithLeon CP leon3mp
FL /home/SysPy_test/SysPy_ver/Python_script/testbml2/Leon3_XST_prj_FRM4_lefteris/svga2ch7301c.vhd 2011/05/11.18:05:45 O.76xd
EN work/svga2ch7301c 1369068639 \
      FL /home/SysPy_test/SysPy_ver/Python_script/testbml2/Leon3_XST_prj_FRM4_lefteris/svga2ch7301c.vhd \
      PB ieee/std_logic_1164 1296775758 LB gaisler PB gaisler/misc 1369068423 \
      LB grlib PB grlib/stdlib 1369068080 LB techmap PH techmap/gencomp 1369068217
AR work/svga2ch7301c/rtl 1369068640 \
      FL /home/SysPy_test/SysPy_ver/Python_script/testbml2/Leon3_XST_prj_FRM4_lefteris/svga2ch7301c.vhd \
      EN work/svga2ch7301c 1369068639 CP ddr_oreg CP BUFG CP DCM
FL /media/Seagate/system_backup/SysPy_test/SysPy_ver/Python_script/paramsocs/LEONGILL/addingnewflt.vhd 2011/11/04.16:04:34 O.76xd
FL /media/Seagate/system_backup/SysPy_test/SysPy_ver/Python_script/paramsocs/LEONGILL/addnewflt.vhd 2011/11/04.14:27:01 O.76xd
FL /media/Seagate/system_backup/SysPy_test/SysPy_ver/Python_script/paramsocs/LEONGILL/Addrepeatedly.vhd 2011/12/08.18:46:34 O.76xd
FL /media/Seagate/system_backup/SysPy_test/SysPy_ver/Python_script/paramsocs/LEONGILL/cnstlatch2_2.vhd 2011/08/29.16:30:21 O.76xd
FL /media/Seagate/system_backup/SysPy_test/SysPy_ver/Python_script/paramsocs/LEONGILL/Comp1new.vhd 2011/08/29.18:31:42 O.76xd
FL /media/Seagate/system_backup/SysPy_test/SysPy_ver/Python_script/paramsocs/LEONGILL/Compforlnx.vhd 2011/09/16.16:11:27 O.76xd
FL /media/Seagate/system_backup/SysPy_test/SysPy_ver/Python_script/paramsocs/LEONGILL/Compnew2.vhd 2011/08/29.17:15:04 O.76xd
FL /media/Seagate/system_backup/SysPy_test/SysPy_ver/Python_script/paramsocs/LEONGILL/Compnew3.vhd 2011/08/29.18:31:08 O.76xd
FL /media/Seagate/system_backup/SysPy_test/SysPy_ver/Python_script/paramsocs/LEONGILL/datamemddr5forLEON.vhd 2011/10/28.06:59:21 O.76xd
FL /media/Seagate/system_backup/SysPy_test/SysPy_ver/Python_script/paramsocs/LEONGILL/DFF32.vhd 2011/08/29.16:25:49 O.76xd
FL /media/Seagate/system_backup/SysPy_test/SysPy_ver/Python_script/paramsocs/LEONGILL/DFFinternalPE.vhd 2011/08/29.18:31:07 O.76xd
FL /media/Seagate/system_backup/SysPy_test/SysPy_ver/Python_script/paramsocs/LEONGILL/DFFsignal.vhd 2011/09/10.18:10:20 O.76xd
FL /media/Seagate/system_backup/SysPy_test/SysPy_ver/Python_script/paramsocs/LEONGILL/divflt2.vhd 2011/11/04.16:43:05 O.76xd
FL /media/Seagate/system_backup/SysPy_test/SysPy_ver/Python_script/paramsocs/LEONGILL/find8min512.vhd 2011/08/29.17:48:03 O.76xd
FL /media/Seagate/system_backup/SysPy_test/SysPy_ver/Python_script/paramsocs/LEONGILL/fixtoflt.vhd 2011/11/04.16:48:44 O.76xd
FL /media/Seagate/system_backup/SysPy_test/SysPy_ver/Python_script/paramsocs/LEONGILL/FRM4XQuatroConnect.vhd 2011/12/19.11:06:02 O.76xd
FL /media/Seagate/system_backup/SysPy_test/SysPy_ver/Python_script/paramsocs/LEONGILL/FRM4X_2DSP2.vhd 2011/10/23.17:11:25 O.76xd
FL /media/Seagate/system_backup/SysPy_test/SysPy_ver/Python_script/paramsocs/LEONGILL/FSM6new.vhd 2011/09/24.07:43:13 O.76xd
FL /media/Seagate/system_backup/SysPy_test/SysPy_ver/Python_script/paramsocs/LEONGILL/FSMintforsending.vhd 2011/12/19.11:03:43 O.76xd
FL /media/Seagate/system_backup/SysPy_test/SysPy_ver/Python_script/paramsocs/LEONGILL/FSMPE22_3.vhd 2011/08/29.15:54:14 O.76xd
FL /media/Seagate/system_backup/SysPy_test/SysPy_ver/Python_script/paramsocs/LEONGILL/lnxfixed.vhd 2011/09/16.16:19:19 O.76xd
FL /media/Seagate/system_backup/SysPy_test/SysPy_ver/Python_script/paramsocs/LEONGILL/lnxflt.vhd 2011/08/29.18:21:07 O.76xd
FL /media/Seagate/system_backup/SysPy_test/SysPy_ver/Python_script/paramsocs/LEONGILL/LOTKA_VOLTERA_STOICHIOparam.vhd 2012/05/16.18:33:43 O.76xd
FL /media/Seagate/system_backup/SysPy_test/SysPy_ver/Python_script/paramsocs/LEONGILL/memintdimerLOTKA_VOLTERAparam.vhd 2012/05/16.18:33:43 O.76xd
FL /media/Seagate/system_backup/SysPy_test/SysPy_ver/Python_script/paramsocs/LEONGILL/memsubsystemfinalLOTKA_VOLTERA.vhd 2011/11/24.12:18:43 O.76xd
FL /media/Seagate/system_backup/SysPy_test/SysPy_ver/Python_script/paramsocs/LEONGILL/minuslnx.vhd 2011/11/04.16:35:13 O.76xd
FL /media/Seagate/system_backup/SysPy_test/SysPy_ver/Python_script/paramsocs/LEONGILL/MUXforpointersRama1.vhd 2011/08/29.18:15:28 O.76xd
FL /media/Seagate/system_backup/SysPy_test/SysPy_ver/Python_script/paramsocs/LEONGILL/MUxforrepeat.vhd 2012/01/03.23:29:09 O.76xd
FL /media/Seagate/system_backup/SysPy_test/SysPy_ver/Python_script/paramsocs/LEONGILL/MUXforspeciesTable.vhd 2011/11/15.09:18:18 O.76xd
FL /media/Seagate/system_backup/SysPy_test/SysPy_ver/Python_script/paramsocs/LEONGILL/MUXforspeciesTable2.vhd 2011/11/15.09:06:30 O.76xd
FL /media/Seagate/system_backup/SysPy_test/SysPy_ver/Python_script/paramsocs/LEONGILL/MUXforspeciesTableIndi2.vhd 2011/08/29.15:48:51 O.76xd
FL /media/Seagate/system_backup/SysPy_test/SysPy_ver/Python_script/paramsocs/LEONGILL/MUXforUart1.vhd 2011/08/29.18:27:09 O.76xd
FL /media/Seagate/system_backup/SysPy_test/SysPy_ver/Python_script/paramsocs/LEONGILL/MUXforupdatespecies2_c.vhd 2011/08/29.16:49:40 O.76xd
FL /media/Seagate/system_backup/SysPy_test/SysPy_ver/Python_script/paramsocs/LEONGILL/MUXGPIO4.vhd 2011/10/22.15:14:49 O.76xd
FL /media/Seagate/system_backup/SysPy_test/SysPy_ver/Python_script/paramsocs/LEONGILL/MUXPEint3.vhd 2011/08/29.15:36:26 O.76xd
FL /media/Seagate/system_backup/SysPy_test/SysPy_ver/Python_script/paramsocs/LEONGILL/MUXPEintdimer2.vhd 2011/08/29.17:20:58 O.76xd
FL /media/Seagate/system_backup/SysPy_test/SysPy_ver/Python_script/paramsocs/LEONGILL/MUXpointerRam2.vhd 2011/08/29.16:05:30 O.76xd
FL /media/Seagate/system_backup/SysPy_test/SysPy_ver/Python_script/paramsocs/LEONGILL/newmultflt.vhd 2011/11/04.16:11:27 O.76xd
FL /media/Seagate/system_backup/SysPy_test/SysPy_ver/Python_script/paramsocs/LEONGILL/patterngen2.vhd 2011/09/16.15:36:28 O.76xd
FL /media/Seagate/system_backup/SysPy_test/SysPy_ver/Python_script/paramsocs/LEONGILL/PE5.vhd 2011/09/24.08:16:44 O.76xd
FL /media/Seagate/system_backup/SysPy_test/SysPy_ver/Python_script/paramsocs/LEONGILL/random2gen.vhd 2011/11/14.21:39:04 O.76xd
FL /media/Seagate/system_backup/SysPy_test/SysPy_ver/Python_script/paramsocs/LEONGILL/RT1.vhd 2011/12/23.17:39:28 O.76xd
FL /media/Seagate/system_backup/SysPy_test/SysPy_ver/Python_script/paramsocs/LEONGILL/RT2.vhd 2011/12/23.17:39:28 O.76xd
FL /media/Seagate/system_backup/SysPy_test/SysPy_ver/Python_script/paramsocs/LEONGILL/RT3.vhd 2011/12/23.17:39:28 O.76xd
FL /media/Seagate/system_backup/SysPy_test/SysPy_ver/Python_script/paramsocs/LEONGILL/RT4.vhd 2011/12/23.17:39:28 O.76xd
FL /media/Seagate/system_backup/SysPy_test/SysPy_ver/Python_script/paramsocs/LEONGILL/speciescoppyTable1.vhd 2011/12/23.17:39:28 O.76xd
FL /media/Seagate/system_backup/SysPy_test/SysPy_ver/Python_script/paramsocs/LEONGILL/speciesTable24_1.vhd 2011/12/23.17:39:28 O.76xd
FL /media/Seagate/system_backup/SysPy_test/SysPy_ver/Python_script/paramsocs/LEONGILL/speciesTable24_2.vhd 2011/12/23.17:39:28 O.76xd
FL /media/Seagate/system_backup/SysPy_test/SysPy_ver/Python_script/paramsocs/LEONGILL/speciesTablecopy2.vhd 2011/12/23.17:39:28 O.76xd
FL /media/Seagate/system_backup/SysPy_test/SysPy_ver/Python_script/paramsocs/LEONGILL/subnewflt.vhd 2011/11/04.16:24:27 O.76xd
FL /media/Seagate/system_backup/SysPy_test/SysPy_ver/Python_script/paramsocs/LEONGILL/TestQuatroconnwithLeon.vhd 2011/11/19.09:23:29 O.76xd
FL /media/Seagate/system_backup/SysPy_test/SysPy_ver/Python_script/paramsocs/LEONGILL/Test_myFSM.vhd 2011/12/19.11:04:07 O.76xd
FL /media/Seagate/system_backup/SysPy_test/SysPy_ver/Python_script/paramsocs/LEONGILL/UARTDDRFSM.vhd 2011/12/23.17:36:16 O.76xd
FL /media/Seagate/system_backup/SysPy_test/SysPy_ver/Python_script/testbml2/Leon3_XST_prj_FRM4_lefteris/ahbrom.vhd 2011/05/11.18:05:45 O.76xd
FL /media/Seagate/system_backup/SysPy_test/SysPy_ver/Python_script/testbml2/Leon3_XST_prj_FRM4_lefteris/config.vhd 2012/03/28.12:19:08 O.76xd
FL /media/Seagate/system_backup/SysPy_test/SysPy_ver/Python_script/testbml2/Leon3_XST_prj_FRM4_lefteris/leon3mp.vhd 2011/09/29.11:58:46 O.76xd
FL /media/Seagate/system_backup/SysPy_test/SysPy_ver/Python_script/testbml2/Leon3_XST_prj_FRM4_lefteris/proc_wrapper_FRM4X.vhd 2012/01/27.13:38:51 O.76xd
FL /media/Seagate/system_backup/SysPy_test/SysPy_ver/Python_script/testbml2/Leon3_XST_prj_FRM4_lefteris/svga2ch7301c.vhd 2011/05/11.18:05:45 O.76xd
