/media/Seagate/system_backup/SysPy_test/SysPy_ver/Python_script/testbml2/Leon3_XST_prj_FRM4_lefteris/proc_wrapper_FRM4X.ngc 1366699006
/media/Seagate/system_backup/SysPy_test/SysPy_ver/Python_script/testbml2/Leon3_XST_prj_FRM4_lefteris/addnewflt.ngc 1320409615
/media/Seagate/system_backup/SysPy_test/SysPy_ver/Python_script/testbml2/Leon3_XST_prj_FRM4_lefteris/addingnewflt.ngc 1320415468
/media/Seagate/system_backup/SysPy_test/SysPy_ver/Python_script/testbml2/Leon3_XST_prj_FRM4_lefteris/newmultflt.ngc 1320415880
/media/Seagate/system_backup/SysPy_test/SysPy_ver/Python_script/testbml2/Leon3_XST_prj_FRM4_lefteris/subnewflt.ngc 1320416661
/media/Seagate/system_backup/SysPy_test/SysPy_ver/Python_script/testbml2/Leon3_XST_prj_FRM4_lefteris/divflt2.ngc 1320417779
/media/Seagate/system_backup/SysPy_test/SysPy_ver/Python_script/testbml2/Leon3_XST_prj_FRM4_lefteris/minuslnx.ngc 1320417306
/media/Seagate/system_backup/SysPy_test/SysPy_ver/Python_script/testbml2/Leon3_XST_prj_FRM4_lefteris/fixtoflt.ngc 1320418118
OK
